node.exe : npm warn Unknown user config "python". This will stop working in the next major version of npm.
At C:\nvm4w\nodejs\npm.ps1:16 char:5
+     & "$basedir/node$exe"  "$basedir/node_modules/npm/bin/npm-cli.js" ...
+     ~~~~~~~~~~~~~~~~~~~~~~~~~~~~~~~~~~~~~~~~~~~~~~~~~~~~~~~~~~~~~~~~~
    + CategoryInfo          : NotSpecified: (npm warn Unknow...version of npm.:String) [], RemoteException
    + FullyQualifiedErrorId : NativeCommandError
 

> crensa-landing-page@0.1.0 build
> next build

   Γû▓ Next.js 15.5.9
   - Environments: .env
   - Experiments (use with caution):
     ┬╖ optimizePackageImports

   Creating an optimized production build ...
 Γ£ô Compiled successfully in 9.3s
   Linting and checking validity of types ...

Failed to compile.

./src/app/creator/dashboard/page.tsx
269:2  Error: Do not use an `<a>` element to navigate to `/creator/upload/`. Use `<Link />` from `next/link` instead. See: 
https://nextjs.org/docs/messages/no-html-link-for-pages  @next/next/no-html-link-for-pages
306:2  Error: Do not use an `<a>` element to navigate to `/creator/analytics/`. Use `<Link />` from `next/link` instead. See: 
https://nextjs.org/docs/messages/no-html-link-for-pages  @next/next/no-html-link-for-pages
327:2  Error: Do not use an `<a>` element to navigate to `/creator/videos/`. Use `<Link />` from `next/link` instead. See: 
https://nextjs.org/docs/messages/no-html-link-for-pages  @next/next/no-html-link-for-pages
348:2  Error: Do not use an `<a>` element to navigate to `/creator/help/`. Use `<Link />` from `next/link` instead. See: 
https://nextjs.org/docs/messages/no-html-link-for-pages  @next/next/no-html-link-for-pages

./src/app/creator/guidelines/page.tsx
251:2  Error: Do not use an `<a>` element to navigate to `/creator/support/`. Use `<Link />` from `next/link` instead. See: 
https://nextjs.org/docs/messages/no-html-link-for-pages  @next/next/no-html-link-for-pages
254:2  Error: Do not use an `<a>` element to navigate to `/creator/resources/`. Use `<Link />` from `next/link` instead. See: 
https://nextjs.org/docs/messages/no-html-link-for-pages  @next/next/no-html-link-for-pages

./src/app/creator/help/page.tsx
632:2  Error: Do not use an `<a>` element to navigate to `/creator/docs/`. Use `<Link />` from `next/link` instead. See: 
https://nextjs.org/docs/messages/no-html-link-for-pages  @next/next/no-html-link-for-pages
647:2  Error: Do not use an `<a>` element to navigate to `/creator/community/`. Use `<Link />` from `next/link` instead. See: 
https://nextjs.org/docs/messages/no-html-link-for-pages  @next/next/no-html-link-for-pages

./src/app/creator/resources/page.tsx
100:2  Error: Do not use an `<a>` element to navigate to `/creator/dashboard/`. Use `<Link />` from `next/link` instead. See: 
https://nextjs.org/docs/messages/no-html-link-for-pages  @next/next/no-html-link-for-pages
103:2  Error: Do not use an `<a>` element to navigate to `/creator/analytics/`. Use `<Link />` from `next/link` instead. See: 
https://nextjs.org/docs/messages/no-html-link-for-pages  @next/next/no-html-link-for-pages
106:2  Error: Do not use an `<a>` element to navigate to `/creator/earnings/`. Use `<Link />` from `next/link` instead. See: 
https://nextjs.org/docs/messages/no-html-link-for-pages  @next/next/no-html-link-for-pages
187:2  Error: Do not use an `<a>` element to navigate to `/creator/support/`. Use `<Link />` from `next/link` instead. See: 
https://nextjs.org/docs/messages/no-html-link-for-pages  @next/next/no-html-link-for-pages
190:2  Error: Do not use an `<a>` element to navigate to `/creator/guidelines/`. Use `<Link />` from `next/link` instead. See: 
https://nextjs.org/docs/messages/no-html-link-for-pages  @next/next/no-html-link-for-pages

./src/app/creator/support/page.tsx
176:2  Error: Do not use an `<a>` element to navigate to `/creator/resources/`. Use `<Link />` from `next/link` instead. See: 
https://nextjs.org/docs/messages/no-html-link-for-pages  @next/next/no-html-link-for-pages
181:2  Error: Do not use an `<a>` element to navigate to `/creator/guidelines/`. Use `<Link />` from `next/link` instead. See: 
https://nextjs.org/docs/messages/no-html-link-for-pages  @next/next/no-html-link-for-pages
186:2  Error: Do not use an `<a>` element to navigate to `/creator/analytics/`. Use `<Link />` from `next/link` instead. See: 
https://nextjs.org/docs/messages/no-html-link-for-pages  @next/next/no-html-link-for-pages

./src/components/creator/SeriesQuickActions.tsx
53:2  Error: Do not use an `<a>` element to navigate to `/creator/analytics/`. Use `<Link />` from `next/link` instead. See: 
https://nextjs.org/docs/messages/no-html-link-for-pages  @next/next/no-html-link-for-pages

./src/components/discover/__tests__/VideoCard.test.tsx
15:2  Warning: Using `<img>` could result in slower LCP and higher bandwidth. Consider using `<Image />` from `next/image` or a 
custom image loader to automatically optimize images. This may incur additional usage or cost from your provider. See: 
https://nextjs.org/docs/messages/no-img-element  @next/next/no-img-element

./src/components/discover/__tests__/VideoGrid.test.tsx
14:44  Warning: Using `<img>` could result in slower LCP and higher bandwidth. Consider using `<Image />` from `next/image` or a 
custom image loader to automatically optimize images. This may incur additional usage or cost from your provider. See: 
https://nextjs.org/docs/messages/no-img-element  @next/next/no-img-element

./src/components/home/__tests__/FeaturedShowsSection.test.tsx
15:44  Warning: Using `<img>` could result in slower LCP and higher bandwidth. Consider using `<Image />` from `next/image` or a 
custom image loader to automatically optimize images. This may incur additional usage or cost from your provider. See: 
https://nextjs.org/docs/messages/no-img-element  @next/next/no-img-element

./src/components/home/__tests__/TrendingCreatorsCarousel.test.tsx
13:44  Warning: Using `<img>` could result in slower LCP and higher bandwidth. Consider using `<Image />` from `next/image` or a 
custom image loader to automatically optimize images. This may incur additional usage or cost from your provider. See: 
https://nextjs.org/docs/messages/no-img-element  @next/next/no-img-element

./src/components/landing/__tests__/FeaturedHeroCarousel.test.tsx
15:9  Warning: Using `<img>` could result in slower LCP and higher bandwidth. Consider using `<Image />` from `next/image` or a 
custom image loader to automatically optimize images. This may incur additional usage or cost from your provider. See: 
https://nextjs.org/docs/messages/no-img-element  @next/next/no-img-element

./src/components/reels/__tests__/VideoOverlay.test.tsx
17:9  Warning: Using `<img>` could result in slower LCP and higher bandwidth. Consider using `<Image />` from `next/image` or a 
custom image loader to automatically optimize images. This may incur additional usage or cost from your provider. See: 
https://nextjs.org/docs/messages/no-img-element  @next/next/no-img-element

./src/components/reels/__tests__/VideoPlayer.test.tsx
16:9  Warning: Using `<img>` could result in slower LCP and higher bandwidth. Consider using `<Image />` from `next/image` or a 
custom image loader to automatically optimize images. This may incur additional usage or cost from your provider. See: 
https://nextjs.org/docs/messages/no-img-element  @next/next/no-img-element

./src/components/sections/__tests__/TestimonialsSection.test.tsx
36:2  Warning: Using `<img>` could result in slower LCP and higher bandwidth. Consider using `<Image />` from `next/image` or a 
custom image loader to automatically optimize images. This may incur additional usage or cost from your provider. See: 
https://nextjs.org/docs/messages/no-img-element  @next/next/no-img-element

./src/components/series/__tests__/SeriesCard.test.tsx
13:9  Warning: Using `<img>` could result in slower LCP and higher bandwidth. Consider using `<Image />` from `next/image` or a 
custom image loader to automatically optimize images. This may incur additional usage or cost from your provider. See: 
https://nextjs.org/docs/messages/no-img-element  @next/next/no-img-element

./src/components/ui/__tests__/TestimonialCard.responsive.integration.test.tsx
21:2  Warning: Using `<img>` could result in slower LCP and higher bandwidth. Consider using `<Image />` from `next/image` or a 
custom image loader to automatically optimize images. This may incur additional usage or cost from your provider. See: 
https://nextjs.org/docs/messages/no-img-element  @next/next/no-img-element

./src/components/ui/__tests__/TestimonialCard.test.tsx
25:2  Warning: Using `<img>` could result in slower LCP and higher bandwidth. Consider using `<Image />` from `next/image` or a 
custom image loader to automatically optimize images. This may incur additional usage or cost from your provider. See: 
https://nextjs.org/docs/messages/no-img-element  @next/next/no-img-element

./src/components/watch/__tests__/UnifiedVideoPlayer.test.tsx
24:9  Warning: Using `<img>` could result in slower LCP and higher bandwidth. Consider using `<Image />` from `next/image` or a 
custom image loader to automatically optimize images. This may incur additional usage or cost from your provider. See: 
https://nextjs.org/docs/messages/no-img-element  @next/next/no-img-element

./src/components/__tests__/PerformanceAccessibility.test.tsx
27:44  Warning: Using `<img>` could result in slower LCP and higher bandwidth. Consider using `<Image />` from `next/image` or a 
custom image loader to automatically optimize images. This may incur additional usage or cost from your provider. See: 
https://nextjs.org/docs/messages/no-img-element  @next/next/no-img-element

./src/__tests__/accessibility/LayoutAccessibility.test.tsx
121:2  Error: Do not use an `<a>` element to navigate to `/creator/dashboard/`. Use `<Link />` from `next/link` instead. See: 
https://nextjs.org/docs/messages/no-html-link-for-pages  @next/next/no-html-link-for-pages
134:2  Error: Do not use an `<a>` element to navigate to `/creator/upload/`. Use `<Link />` from `next/link` instead. See: 
https://nextjs.org/docs/messages/no-html-link-for-pages  @next/next/no-html-link-for-pages
150:2  Error: Do not use an `<a>` element to navigate to `/creator/analytics/`. Use `<Link />` from `next/link` instead. See: 
https://nextjs.org/docs/messages/no-html-link-for-pages  @next/next/no-html-link-for-pages

./src/__tests__/compatibility/CrossBrowser.test.tsx
34:44  Warning: Using `<img>` could result in slower LCP and higher bandwidth. Consider using `<Image />` from `next/image` or a 
custom image loader to automatically optimize images. This may incur additional usage or cost from your provider. See: 
https://nextjs.org/docs/messages/no-img-element  @next/next/no-img-element

./src/__tests__/integration/LandingPage.integration.test.tsx
27:44  Warning: Using `<img>` could result in slower LCP and higher bandwidth. Consider using `<Image />` from `next/image` or a 
custom image loader to automatically optimize images. This may incur additional usage or cost from your provider. See: 
https://nextjs.org/docs/messages/no-img-element  @next/next/no-img-element

./src/__tests__/layout/CreatorLayout.integration.test.tsx
109:2  Error: Do not use an `<a>` element to navigate to `/creator/dashboard/`. Use `<Link />` from `next/link` instead. See: 
https://nextjs.org/docs/messages/no-html-link-for-pages  @next/next/no-html-link-for-pages
114:2  Error: Do not use an `<a>` element to navigate to `/creator/upload/`. Use `<Link />` from `next/link` instead. See: 
https://nextjs.org/docs/messages/no-html-link-for-pages  @next/next/no-html-link-for-pages
119:2  Error: Do not use an `<a>` element to navigate to `/creator/analytics/`. Use `<Link />` from `next/link` instead. See: 
https://nextjs.org/docs/messages/no-html-link-for-pages  @next/next/no-html-link-for-pages

./src/__tests__/performance/LandingPage.performance.test.tsx
42:44  Warning: Using `<img>` could result in slower LCP and higher bandwidth. Consider using `<Image />` from `next/image` or a 
custom image loader to automatically optimize images. This may incur additional usage or cost from your provider. See: 
https://nextjs.org/docs/messages/no-img-element  @next/next/no-img-element

./src/__tests__/validation/CTAValidation.test.tsx
28:44  Warning: Using `<img>` could result in slower LCP and higher bandwidth. Consider using `<Image />` from `next/image` or a 
custom image loader to automatically optimize images. This may incur additional usage or cost from your provider. See: 
https://nextjs.org/docs/messages/no-img-element  @next/next/no-img-element

info  - Need to disable some ESLint rules? Learn more here: https://nextjs.org/docs/app/api-reference/config/eslint#disabling-rules
