[dotenv@17.2.1] injecting env (29) from .env.local -- tip: ≡ƒôí observe env with Radar: https://dotenvx.com/radar
node.exe : The 
`fetchConnectionCache` 
option is deprecated (now 
always `true`)
At C:\Users\Advay Anand\AppD
ata\Roaming\npm\npx.ps1:24 
char:5
+     & "node$exe"  "$basedi
r/node_modules/npm/bin/npx-c
li.js" $args
+     ~~~~~~~~~~~~~~~~~~~~~~
~~~~~~~~~~~~~~~~~~~~~~~~~~~~
~~~~~~~~~~~~
    + CategoryInfo          
    : NotSpecified: (The `  
  fetchConne... always `t   
 rue`):String) [], Remot    
eException
    + FullyQualifiedErrorId 
    : NativeCommandError
 
D:\crensafinal\CRENSA-PWAA\s
cripts\test-neon-connection.
ts:35
if (require.main === 
module) {
^


ReferenceError: require is 
not defined in ES module 
scope, you can use import 
instead
    at <anonymous> (D:\crens
afinal\CRENSA-PWAA\scripts\t
est-neon-connection.ts:35:1)
    at ModuleJob.run (node:i
nternal/modules/esm/module_j
ob:271:25)
    at async onImport.traceP
romise.__proto__ (node:inter
nal/modules/esm/loader:547:2
6)
    at async asyncRunEntryPo
intWithESMLoader (node:inter
nal/modules/run_main:116:5)

Node.js v22.12.0
