src/__tests__/accessibility/LayoutAccessibility.test.tsx(4,18): error TS2305: Module '"@testing-library/react"' has no exported member 'screen'.
src/__tests__/accessibility/LayoutAccessibility.test.tsx(4,26): error TS2305: Module '"@testing-library/react"' has no exported member 'waitFor'.
src/__tests__/accessibility/LayoutAccessibility.test.tsx(535,19): error TS7006: Parameter 'item' implicitly has an 'any' type.
src/__tests__/accessibility/LayoutAccessibility.test.tsx(659,54): error TS7006: Parameter 'link' implicitly has an 'any' type.
src/__tests__/accessibility/LayoutAccessibility.test.tsx(665,47): error TS7006: Parameter 'link' implicitly has an 'any' type.
src/__tests__/api/auth.test.ts(63,29): error TS2345: Argument of type '{ userId: string; }' is not assignable to parameter of type 'SessionAuthWithRedirect<never>'.
  Type '{ userId: string; }' is not assignable to type 'SharedSignedInAuthObjectProperties & { tokenType: "session_token"; getToken: ServerGetToken; has: CheckAuthorizationFromSessionClaims; debug: AuthObjectDebug; isAuthenticated: true; } & { ...; }'.
    Type '{ userId: string; }' is missing the following properties from type 'SharedSignedInAuthObjectProperties': sessionClaims, sessionId, sessionStatus, actor, and 5 more.
src/__tests__/api/auth.test.ts(64,53): error TS2345: Argument of type '{ id: string; clerkId: string; email: string; username: string; role: "creator"; avatar: null; createdAt: Date; updatedAt: Date; creatorProfile: { id: string; userId: string; displayName: string; ... 6 more ...; updatedAt: Date; }; }' is not assignable to parameter of type 'UserWithProfile'.
  Type '{ id: string; clerkId: string; email: string; username: string; role: "creator"; avatar: null; createdAt: Date; updatedAt: Date; creatorProfile: { id: string; userId: string; displayName: string; ... 6 more ...; updatedAt: Date; }; }' is missing the following properties from type 'UserWithProfile': isActive, isSuspended, suspensionReason, suspendedAt, and 4 more.
src/__tests__/api/auth.test.ts(75,29): error TS2345: Argument of type '{ userId: null; }' is not assignable to parameter of type 'SessionAuthWithRedirect<never>'.
  Type '{ userId: null; }' is not assignable to type 'SignedOutAuthObject & { redirectToSignIn: RedirectFun<never>; redirectToSignUp: RedirectFun<never>; }'.
    Type '{ userId: null; }' is missing the following properties from type 'SignedOutAuthObject': sessionClaims, sessionId, sessionStatus, actor, and 10 more.
src/__tests__/api/auth.test.ts(85,29): error TS2345: Argument of type '{ userId: string; }' is not assignable to parameter of type 'SessionAuthWithRedirect<never>'.
  Type '{ userId: string; }' is not assignable to type 'SharedSignedInAuthObjectProperties & { tokenType: "session_token"; getToken: ServerGetToken; has: CheckAuthorizationFromSessionClaims; debug: AuthObjectDebug; isAuthenticated: true; } & { ...; }'.
    Type '{ userId: string; }' is missing the following properties from type 'SharedSignedInAuthObjectProperties': sessionClaims, sessionId, sessionStatus, actor, and 5 more.
src/__tests__/api/auth.test.ts(126,29): error TS2345: Argument of type '{ userId: string; }' is not assignable to parameter of type 'SessionAuthWithRedirect<never>'.
  Type '{ userId: string; }' is not assignable to type 'SharedSignedInAuthObjectProperties & { tokenType: "session_token"; getToken: ServerGetToken; has: CheckAuthorizationFromSessionClaims; debug: AuthObjectDebug; isAuthenticated: true; } & { ...; }'.
    Type '{ userId: string; }' is missing the following properties from type 'SharedSignedInAuthObjectProperties': sessionClaims, sessionId, sessionStatus, actor, and 5 more.
src/__tests__/api/auth.test.ts(127,57): error TS2345: Argument of type '{ id: string; clerkId: string; email: string; username: string; role: "creator"; avatar: null; createdAt: Date; updatedAt: Date; }' is not assignable to parameter of type 'UserWithProfile'.
  Type '{ id: string; clerkId: string; email: string; username: string; role: "creator"; avatar: null; createdAt: Date; updatedAt: Date; }' is missing the following properties from type 'UserWithProfile': isActive, isSuspended, suspensionReason, suspendedAt, and 4 more.
src/__tests__/api/auth.test.ts(129,46): error TS2345: Argument of type '{ username: string; id: string; clerkId: string; email: string; role: "creator"; avatar: null; createdAt: Date; updatedAt: Date; }' is not assignable to parameter of type '{ id: string; role: "creator" | "member" | ""; clerkId: string; email: string; username: string; avatar: string | null; isActive: boolean; isSuspended: boolean; suspensionReason: string | null; ... 6 more ...; updatedAt: Date; }'.
  Type '{ username: string; id: string; clerkId: string; email: string; role: "creator"; avatar: null; createdAt: Date; updatedAt: Date; }' is missing the following properties from type '{ id: string; role: "creator" | "member" | "admin"; clerkId: string; email: string; username: string; avatar: string | null; isActive: boolean; isSuspended: boolean; suspensionReason: string | null; ... 6 more ...; updatedAt: Date; }': isActive, isSuspended, suspensionReason, suspendedAt, and 4 more.
src/__tests__/api/auth.test.ts(130,60): error TS2345: Argument of type '{ id: string; userId: string; displayName: string; bio: string; totalEarnings: string; totalViews: number; videoCount: number; socialLinks: never[]; createdAt: Date; updatedAt: Date; }' is not assignable to parameter of type '{ id: string; coinBalance: number; createdAt: Date; updatedAt: Date; userId: string; displayName: string; bio: string | null; totalEarnings: string; totalViews: number; videoCount: number; seriesCount: number; socialLinks: { ...; }[] | null; totalCoinsEarned: number; coinsWithdrawn: number; }'.
  Type '{ id: string; userId: string; displayName: string; bio: string; totalEarnings: string; totalViews: number; videoCount: number; socialLinks: never[]; createdAt: Date; updatedAt: Date; }' is missing the following properties from type '{ id: string; coinBalance: number; createdAt: Date; updatedAt: Date; userId: string; displayName: string; bio: string | null; totalEarnings: string; totalViews: number; videoCount: number; seriesCount: number; socialLinks: { ...; }[] | null; totalCoinsEarned: number; coinsWithdrawn: number; }': coinBalance, seriesCount, totalCoinsEarned, coinsWithdrawn
src/__tests__/api/auth.test.ts(131,57): error TS2345: Argument of type '{ username: string; creatorProfile: { id: string; userId: string; displayName: string; bio: string; totalEarnings: string; totalViews: number; videoCount: number; socialLinks: never[]; createdAt: Date; updatedAt: Date; }; ... 6 more ...; updatedAt: Date; }' is not assignable to parameter of type 'UserWithProfile'.
  Type '{ username: string; creatorProfile: { id: string; userId: string; displayName: string; bio: string; totalEarnings: string; totalViews: number; videoCount: number; socialLinks: never[]; createdAt: Date; updatedAt: Date; }; ... 6 more ...; updatedAt: Date; }' is missing the following properties from type 'UserWithProfile': isActive, isSuspended, suspensionReason, suspendedAt, and 4 more.
src/__tests__/api/auth.test.ts(162,29): error TS2345: Argument of type '{ userId: string; }' is not assignable to parameter of type 'SessionAuthWithRedirect<never>'.
  Type '{ userId: string; }' is not assignable to type 'SharedSignedInAuthObjectProperties & { tokenType: "session_token"; getToken: ServerGetToken; has: CheckAuthorizationFromSessionClaims; debug: AuthObjectDebug; isAuthenticated: true; } & { ...; }'.
    Type '{ userId: string; }' is missing the following properties from type 'SharedSignedInAuthObjectProperties': sessionClaims, sessionId, sessionStatus, actor, and 5 more.
src/__tests__/api/auth.test.ts(163,53): error TS2345: Argument of type '{ id: string; clerkId: string; email: string; username: string; role: "creator"; avatar: null; createdAt: Date; updatedAt: Date; }' is not assignable to parameter of type 'UserWithProfile'.
  Type '{ id: string; clerkId: string; email: string; username: string; role: "creator"; avatar: null; createdAt: Date; updatedAt: Date; }' is missing the following properties from type 'UserWithProfile': isActive, isSuspended, suspensionReason, suspendedAt, and 4 more.
src/__tests__/api/auth.test.ts(216,29): error TS2345: Argument of type '{ userId: string; }' is not assignable to parameter of type 'SessionAuthWithRedirect<never>'.
  Type '{ userId: string; }' is not assignable to type 'SharedSignedInAuthObjectProperties & { tokenType: "session_token"; getToken: ServerGetToken; has: CheckAuthorizationFromSessionClaims; debug: AuthObjectDebug; isAuthenticated: true; } & { ...; }'.
    Type '{ userId: string; }' is missing the following properties from type 'SharedSignedInAuthObjectProperties': sessionClaims, sessionId, sessionStatus, actor, and 5 more.
src/__tests__/api/auth.test.ts(220,46): error TS2345: Argument of type '{ id: string; clerkId: string; email: string; username: string; role: "creator"; avatar: string; createdAt: Date; updatedAt: Date; }' is not assignable to parameter of type '{ id: string; role: "creator" | "member" | "admin"; clerkId: string; email: string; username: string; avatar: string | null; isActive: boolean; isSuspended: boolean; suspensionReason: string | null; ... 6 more ...; updatedAt: Date; }'.
  Type '{ id: string; clerkId: string; email: string; username: string; role: "creator"; avatar: string; createdAt: Date; updatedAt: Date; }' is missing the following properties from type '{ id: string; role: "creator" | "member" | "admin"; clerkId: string; email: string; username: string; avatar: string | null; isActive: boolean; isSuspended: boolean; suspensionReason: string | null; ... 6 more ...; updatedAt: Date; }': isActive, isSuspended, suspensionReason, suspendedAt, and 4 more.
src/__tests__/api/auth.test.ts(221,60): error TS2345: Argument of type '{ id: string; userId: string; displayName: string; bio: string; totalEarnings: string; totalViews: number; videoCount: number; socialLinks: never[]; createdAt: Date; updatedAt: Date; }' is not assignable to parameter of type '{ id: string; coinBalance: number; createdAt: Date; updatedAt: Date; userId: string; displayName: string; bio: string | null; totalEarnings: string; totalViews: number; videoCount: number; seriesCount: number; socialLinks: { ...; }[] | null; totalCoinsEarned: number; coinsWithdrawn: number; }'.
  Type '{ id: string; userId: string; displayName: string; bio: string; totalEarnings: string; totalViews: number; videoCount: number; socialLinks: never[]; createdAt: Date; updatedAt: Date; }' is missing the following properties from type '{ id: string; coinBalance: number; createdAt: Date; updatedAt: Date; userId: string; displayName: string; bio: string | null; totalEarnings: string; totalViews: number; videoCount: number; seriesCount: number; socialLinks: { ...; }[] | null; totalCoinsEarned: number; coinsWithdrawn: number; }': coinBalance, seriesCount, totalCoinsEarned, coinsWithdrawn
src/__tests__/api/auth.test.ts(222,57): error TS2345: Argument of type '{ creatorProfile: { id: string; userId: string; displayName: string; bio: string; totalEarnings: string; totalViews: number; videoCount: number; socialLinks: never[]; createdAt: Date; updatedAt: Date; }; ... 7 more ...; updatedAt: Date; }' is not assignable to parameter of type 'UserWithProfile'.
  Type '{ creatorProfile: { id: string; userId: string; displayName: string; bio: string; totalEarnings: string; totalViews: number; videoCount: number; socialLinks: never[]; createdAt: Date; updatedAt: Date; }; ... 7 more ...; updatedAt: Date; }' is missing the following properties from type 'UserWithProfile': isActive, isSuspended, suspensionReason, suspendedAt, and 4 more.
src/__tests__/api/auth.test.ts(254,29): error TS2345: Argument of type '{ userId: string; }' is not assignable to parameter of type 'SessionAuthWithRedirect<never>'.
  Type '{ userId: string; }' is not assignable to type 'SharedSignedInAuthObjectProperties & { tokenType: "session_token"; getToken: ServerGetToken; has: CheckAuthorizationFromSessionClaims; debug: AuthObjectDebug; isAuthenticated: true; } & { ...; }'.
    Type '{ userId: string; }' is missing the following properties from type 'SharedSignedInAuthObjectProperties': sessionClaims, sessionId, sessionStatus, actor, and 5 more.
src/__tests__/api/auth.test.ts(256,53): error TS2345: Argument of type '{ id: string; clerkId: string; email: string; username: string; role: "creator"; avatar: null; createdAt: Date; updatedAt: Date; }' is not assignable to parameter of type 'UserWithProfile'.
  Type '{ id: string; clerkId: string; email: string; username: string; role: "creator"; avatar: null; createdAt: Date; updatedAt: Date; }' is missing the following properties from type 'UserWithProfile': isActive, isSuspended, suspensionReason, suspendedAt, and 4 more.
src/__tests__/api/auth.test.ts(279,29): error TS2345: Argument of type '{ userId: string; }' is not assignable to parameter of type 'SessionAuthWithRedirect<never>'.
  Type '{ userId: string; }' is not assignable to type 'SharedSignedInAuthObjectProperties & { tokenType: "session_token"; getToken: ServerGetToken; has: CheckAuthorizationFromSessionClaims; debug: AuthObjectDebug; isAuthenticated: true; } & { ...; }'.
    Type '{ userId: string; }' is missing the following properties from type 'SharedSignedInAuthObjectProperties': sessionClaims, sessionId, sessionStatus, actor, and 5 more.
src/__tests__/api/creator/earnings-coins.test.ts(3,54): error TS2307: Cannot find module 'vitest' or its corresponding type declarations.
src/__tests__/api/creator/withdraw.test.ts(3,54): error TS2307: Cannot find module 'vitest' or its corresponding type declarations.
src/__tests__/api/member/profile-visits.test.ts(24,29): error TS2345: Argument of type '{ userId: null; }' is not assignable to parameter of type 'SessionAuthWithRedirect<never> | Promise<SessionAuthWithRedirect<never>>'.
  Type '{ userId: null; }' is not assignable to type '(SignedOutAuthObject & { redirectToSignIn: RedirectFun<never>; redirectToSignUp: RedirectFun<never>; }) | Promise<SessionAuthWithRedirect<never>>'.
    Type '{ userId: null; }' is not assignable to type 'SignedOutAuthObject & { redirectToSignIn: RedirectFun<never>; redirectToSignUp: RedirectFun<never>; }'.
      Type '{ userId: null; }' is missing the following properties from type 'SignedOutAuthObject': sessionClaims, sessionId, sessionStatus, actor, and 10 more.
src/__tests__/api/member/profile-visits.test.ts(36,29): error TS2345: Argument of type '{ userId: string; }' is not assignable to parameter of type 'SessionAuthWithRedirect<never> | Promise<SessionAuthWithRedirect<never>>'.
  Type '{ userId: string; }' is not assignable to type '(SharedSignedInAuthObjectProperties & { tokenType: "session_token"; getToken: ServerGetToken; has: CheckAuthorizationFromSessionClaims; debug: AuthObjectDebug; isAuthenticated: true; } & { ...; }) | Promise<...>'.
    Type '{ userId: string; }' is not assignable to type 'SharedSignedInAuthObjectProperties & { tokenType: "session_token"; getToken: ServerGetToken; has: CheckAuthorizationFromSessionClaims; debug: AuthObjectDebug; isAuthenticated: true; } & { ...; }'.
      Type '{ userId: string; }' is missing the following properties from type 'SharedSignedInAuthObjectProperties': sessionClaims, sessionId, sessionStatus, actor, and 5 more.
src/__tests__/api/member/profile-visits.test.ts(49,29): error TS2345: Argument of type '{ userId: string; }' is not assignable to parameter of type 'SessionAuthWithRedirect<never> | Promise<SessionAuthWithRedirect<never>>'.
  Type '{ userId: string; }' is not assignable to type '(SharedSignedInAuthObjectProperties & { tokenType: "session_token"; getToken: ServerGetToken; has: CheckAuthorizationFromSessionClaims; debug: AuthObjectDebug; isAuthenticated: true; } & { ...; }) | Promise<...>'.
    Type '{ userId: string; }' is not assignable to type 'SharedSignedInAuthObjectProperties & { tokenType: "session_token"; getToken: ServerGetToken; has: CheckAuthorizationFromSessionClaims; debug: AuthObjectDebug; isAuthenticated: true; } & { ...; }'.
      Type '{ userId: string; }' is missing the following properties from type 'SharedSignedInAuthObjectProperties': sessionClaims, sessionId, sessionStatus, actor, and 5 more.
src/__tests__/api/member/profile-visits.test.ts(61,29): error TS2345: Argument of type '{ userId: string; }' is not assignable to parameter of type 'SessionAuthWithRedirect<never> | Promise<SessionAuthWithRedirect<never>>'.
  Type '{ userId: string; }' is not assignable to type '(SharedSignedInAuthObjectProperties & { tokenType: "session_token"; getToken: ServerGetToken; has: CheckAuthorizationFromSessionClaims; debug: AuthObjectDebug; isAuthenticated: true; } & { ...; }) | Promise<...>'.
    Type '{ userId: string; }' is not assignable to type 'SharedSignedInAuthObjectProperties & { tokenType: "session_token"; getToken: ServerGetToken; has: CheckAuthorizationFromSessionClaims; debug: AuthObjectDebug; isAuthenticated: true; } & { ...; }'.
      Type '{ userId: string; }' is missing the following properties from type 'SharedSignedInAuthObjectProperties': sessionClaims, sessionId, sessionStatus, actor, and 5 more.
src/__tests__/api/member/profile-visits.test.ts(62,53): error TS2345: Argument of type '{ id: string; clerkId: string; email: string; username: string; role: "member"; isActive: true; isSuspended: false; createdAt: Date; updatedAt: Date; }' is not assignable to parameter of type 'UserWithProfile | Promise<UserWithProfile | null> | null'.
  Type '{ id: string; clerkId: string; email: string; username: string; role: "member"; isActive: true; isSuspended: false; createdAt: Date; updatedAt: Date; }' is missing the following properties from type 'UserWithProfile': avatar, suspensionReason, suspendedAt, suspendedBy, and 3 more.
src/__tests__/api/member/profile-visits.test.ts(111,29): error TS2345: Argument of type '{ userId: string; }' is not assignable to parameter of type 'SessionAuthWithRedirect<never> | Promise<SessionAuthWithRedirect<never>>'.
  Type '{ userId: string; }' is not assignable to type '(SharedSignedInAuthObjectProperties & { tokenType: "session_token"; getToken: ServerGetToken; has: CheckAuthorizationFromSessionClaims; debug: AuthObjectDebug; isAuthenticated: true; } & { ...; }) | Promise<...>'.
    Type '{ userId: string; }' is not assignable to type 'SharedSignedInAuthObjectProperties & { tokenType: "session_token"; getToken: ServerGetToken; has: CheckAuthorizationFromSessionClaims; debug: AuthObjectDebug; isAuthenticated: true; } & { ...; }'.
      Type '{ userId: string; }' is missing the following properties from type 'SharedSignedInAuthObjectProperties': sessionClaims, sessionId, sessionStatus, actor, and 5 more.
src/__tests__/api/member/profile-visits.test.ts(112,53): error TS2345: Argument of type '{ id: string; clerkId: string; email: string; username: string; role: "member"; isActive: true; isSuspended: false; createdAt: Date; updatedAt: Date; }' is not assignable to parameter of type 'UserWithProfile | Promise<UserWithProfile | null> | null'.
  Type '{ id: string; clerkId: string; email: string; username: string; role: "member"; isActive: true; isSuspended: false; createdAt: Date; updatedAt: Date; }' is missing the following properties from type 'UserWithProfile': avatar, suspensionReason, suspendedAt, suspendedBy, and 3 more.
src/__tests__/api/member/profile-visits.test.ts(135,29): error TS2345: Argument of type '{ userId: string; }' is not assignable to parameter of type 'SessionAuthWithRedirect<never> | Promise<SessionAuthWithRedirect<never>>'.
  Type '{ userId: string; }' is not assignable to type '(SharedSignedInAuthObjectProperties & { tokenType: "session_token"; getToken: ServerGetToken; has: CheckAuthorizationFromSessionClaims; debug: AuthObjectDebug; isAuthenticated: true; } & { ...; }) | Promise<...>'.
    Type '{ userId: string; }' is not assignable to type 'SharedSignedInAuthObjectProperties & { tokenType: "session_token"; getToken: ServerGetToken; has: CheckAuthorizationFromSessionClaims; debug: AuthObjectDebug; isAuthenticated: true; } & { ...; }'.
      Type '{ userId: string; }' is missing the following properties from type 'SharedSignedInAuthObjectProperties': sessionClaims, sessionId, sessionStatus, actor, and 5 more.
src/__tests__/api/member/profile-visits.test.ts(136,53): error TS2345: Argument of type '{ id: string; clerkId: string; email: string; username: string; role: "member"; isActive: true; isSuspended: false; createdAt: Date; updatedAt: Date; }' is not assignable to parameter of type 'UserWithProfile | Promise<UserWithProfile | null> | null'.
  Type '{ id: string; clerkId: string; email: string; username: string; role: "member"; isActive: true; isSuspended: false; createdAt: Date; updatedAt: Date; }' is missing the following properties from type 'UserWithProfile': avatar, suspensionReason, suspendedAt, suspendedBy, and 3 more.
src/__tests__/api/member/profile-visits.test.ts(164,29): error TS2345: Argument of type '{ userId: string; }' is not assignable to parameter of type 'SessionAuthWithRedirect<never> | Promise<SessionAuthWithRedirect<never>>'.
  Type '{ userId: string; }' is not assignable to type '(SharedSignedInAuthObjectProperties & { tokenType: "session_token"; getToken: ServerGetToken; has: CheckAuthorizationFromSessionClaims; debug: AuthObjectDebug; isAuthenticated: true; } & { ...; }) | Promise<...>'.
    Type '{ userId: string; }' is not assignable to type 'SharedSignedInAuthObjectProperties & { tokenType: "session_token"; getToken: ServerGetToken; has: CheckAuthorizationFromSessionClaims; debug: AuthObjectDebug; isAuthenticated: true; } & { ...; }'.
      Type '{ userId: string; }' is missing the following properties from type 'SharedSignedInAuthObjectProperties': sessionClaims, sessionId, sessionStatus, actor, and 5 more.
src/__tests__/api/member/profile-visits.test.ts(165,53): error TS2345: Argument of type '{ id: string; clerkId: string; email: string; username: string; role: "member"; isActive: true; isSuspended: false; createdAt: Date; updatedAt: Date; }' is not assignable to parameter of type 'UserWithProfile | Promise<UserWithProfile | null> | null'.
  Type '{ id: string; clerkId: string; email: string; username: string; role: "member"; isActive: true; isSuspended: false; createdAt: Date; updatedAt: Date; }' is missing the following properties from type 'UserWithProfile': avatar, suspensionReason, suspendedAt, suspendedBy, and 3 more.
src/__tests__/api/member/profile-visits.test.ts(193,29): error TS2345: Argument of type '{ userId: string; }' is not assignable to parameter of type 'SessionAuthWithRedirect<never> | Promise<SessionAuthWithRedirect<never>>'.
  Type '{ userId: string; }' is not assignable to type '(SharedSignedInAuthObjectProperties & { tokenType: "session_token"; getToken: ServerGetToken; has: CheckAuthorizationFromSessionClaims; debug: AuthObjectDebug; isAuthenticated: true; } & { ...; }) | Promise<...>'.
    Type '{ userId: string; }' is not assignable to type 'SharedSignedInAuthObjectProperties & { tokenType: "session_token"; getToken: ServerGetToken; has: CheckAuthorizationFromSessionClaims; debug: AuthObjectDebug; isAuthenticated: true; } & { ...; }'.
      Type '{ userId: string; }' is missing the following properties from type 'SharedSignedInAuthObjectProperties': sessionClaims, sessionId, sessionStatus, actor, and 5 more.
src/__tests__/api/member/profile-visits.test.ts(194,53): error TS2345: Argument of type '{ id: string; clerkId: string; email: string; username: string; role: "member"; isActive: true; isSuspended: false; createdAt: Date; updatedAt: Date; }' is not assignable to parameter of type 'UserWithProfile | Promise<UserWithProfile | null> | null'.
  Type '{ id: string; clerkId: string; email: string; username: string; role: "member"; isActive: true; isSuspended: false; createdAt: Date; updatedAt: Date; }' is missing the following properties from type 'UserWithProfile': avatar, suspensionReason, suspendedAt, suspendedBy, and 3 more.
src/__tests__/api/member/profile-visits.test.ts(222,29): error TS2345: Argument of type '{ userId: string; }' is not assignable to parameter of type 'SessionAuthWithRedirect<never> | Promise<SessionAuthWithRedirect<never>>'.
  Type '{ userId: string; }' is not assignable to type '(SharedSignedInAuthObjectProperties & { tokenType: "session_token"; getToken: ServerGetToken; has: CheckAuthorizationFromSessionClaims; debug: AuthObjectDebug; isAuthenticated: true; } & { ...; }) | Promise<...>'.
    Type '{ userId: string; }' is not assignable to type 'SharedSignedInAuthObjectProperties & { tokenType: "session_token"; getToken: ServerGetToken; has: CheckAuthorizationFromSessionClaims; debug: AuthObjectDebug; isAuthenticated: true; } & { ...; }'.
      Type '{ userId: string; }' is missing the following properties from type 'SharedSignedInAuthObjectProperties': sessionClaims, sessionId, sessionStatus, actor, and 5 more.
src/__tests__/api/member/profile-visits.test.ts(223,53): error TS2345: Argument of type '{ id: string; clerkId: string; email: string; username: string; role: "member"; isActive: true; isSuspended: false; createdAt: Date; updatedAt: Date; }' is not assignable to parameter of type 'UserWithProfile | Promise<UserWithProfile | null> | null'.
  Type '{ id: string; clerkId: string; email: string; username: string; role: "member"; isActive: true; isSuspended: false; createdAt: Date; updatedAt: Date; }' is missing the following properties from type 'UserWithProfile': avatar, suspensionReason, suspendedAt, suspendedBy, and 3 more.
src/__tests__/api/member/profile-visits.test.ts(254,29): error TS2345: Argument of type '{ userId: string; }' is not assignable to parameter of type 'SessionAuthWithRedirect<never> | Promise<SessionAuthWithRedirect<never>>'.
  Type '{ userId: string; }' is not assignable to type '(SharedSignedInAuthObjectProperties & { tokenType: "session_token"; getToken: ServerGetToken; has: CheckAuthorizationFromSessionClaims; debug: AuthObjectDebug; isAuthenticated: true; } & { ...; }) | Promise<...>'.
    Type '{ userId: string; }' is not assignable to type 'SharedSignedInAuthObjectProperties & { tokenType: "session_token"; getToken: ServerGetToken; has: CheckAuthorizationFromSessionClaims; debug: AuthObjectDebug; isAuthenticated: true; } & { ...; }'.
      Type '{ userId: string; }' is missing the following properties from type 'SharedSignedInAuthObjectProperties': sessionClaims, sessionId, sessionStatus, actor, and 5 more.
src/__tests__/api/member/profile-visits.test.ts(255,53): error TS2345: Argument of type '{ id: string; clerkId: string; email: string; username: string; role: "member"; isActive: true; isSuspended: false; createdAt: Date; updatedAt: Date; }' is not assignable to parameter of type 'UserWithProfile | Promise<UserWithProfile | null> | null'.
  Type '{ id: string; clerkId: string; email: string; username: string; role: "member"; isActive: true; isSuspended: false; createdAt: Date; updatedAt: Date; }' is missing the following properties from type 'UserWithProfile': avatar, suspensionReason, suspendedAt, suspendedBy, and 3 more.
src/__tests__/api/member/profile-visits.test.ts(287,29): error TS2345: Argument of type '{ userId: string; }' is not assignable to parameter of type 'SessionAuthWithRedirect<never> | Promise<SessionAuthWithRedirect<never>>'.
  Type '{ userId: string; }' is not assignable to type '(SharedSignedInAuthObjectProperties & { tokenType: "session_token"; getToken: ServerGetToken; has: CheckAuthorizationFromSessionClaims; debug: AuthObjectDebug; isAuthenticated: true; } & { ...; }) | Promise<...>'.
    Type '{ userId: string; }' is not assignable to type 'SharedSignedInAuthObjectProperties & { tokenType: "session_token"; getToken: ServerGetToken; has: CheckAuthorizationFromSessionClaims; debug: AuthObjectDebug; isAuthenticated: true; } & { ...; }'.
      Type '{ userId: string; }' is missing the following properties from type 'SharedSignedInAuthObjectProperties': sessionClaims, sessionId, sessionStatus, actor, and 5 more.
src/__tests__/api/member/profile-visits.test.ts(288,53): error TS2345: Argument of type '{ id: string; clerkId: string; email: string; username: string; role: "member"; isActive: true; isSuspended: false; createdAt: Date; updatedAt: Date; }' is not assignable to parameter of type 'UserWithProfile | Promise<UserWithProfile | null> | null'.
  Type '{ id: string; clerkId: string; email: string; username: string; role: "member"; isActive: true; isSuspended: false; createdAt: Date; updatedAt: Date; }' is missing the following properties from type 'UserWithProfile': avatar, suspensionReason, suspendedAt, suspendedBy, and 3 more.
src/__tests__/api/member/profile-visits.test.ts(299,48): error TS2345: Argument of type '{ id: string; clerkId: string; email: string; username: string; role: "creator"; isActive: false; isSuspended: true; createdAt: Date; updatedAt: Date; }' is not assignable to parameter of type 'UserWithProfile | Promise<UserWithProfile | null> | null'.
  Type '{ id: string; clerkId: string; email: string; username: string; role: "creator"; isActive: false; isSuspended: true; createdAt: Date; updatedAt: Date; }' is missing the following properties from type 'UserWithProfile': avatar, suspensionReason, suspendedAt, suspendedBy, and 3 more.
src/__tests__/api/member/profile-visits.test.ts(330,29): error TS2345: Argument of type '{ userId: string; }' is not assignable to parameter of type 'SessionAuthWithRedirect<never> | Promise<SessionAuthWithRedirect<never>>'.
  Type '{ userId: string; }' is not assignable to type '(SharedSignedInAuthObjectProperties & { tokenType: "session_token"; getToken: ServerGetToken; has: CheckAuthorizationFromSessionClaims; debug: AuthObjectDebug; isAuthenticated: true; } & { ...; }) | Promise<...>'.
    Type '{ userId: string; }' is not assignable to type 'SharedSignedInAuthObjectProperties & { tokenType: "session_token"; getToken: ServerGetToken; has: CheckAuthorizationFromSessionClaims; debug: AuthObjectDebug; isAuthenticated: true; } & { ...; }'.
      Type '{ userId: string; }' is missing the following properties from type 'SharedSignedInAuthObjectProperties': sessionClaims, sessionId, sessionStatus, actor, and 5 more.
src/__tests__/api/member/profile-visits.test.ts(331,53): error TS2345: Argument of type '{ id: string; clerkId: string; email: string; username: string; role: "member"; isActive: true; isSuspended: false; createdAt: Date; updatedAt: Date; }' is not assignable to parameter of type 'UserWithProfile | Promise<UserWithProfile | null> | null'.
  Type '{ id: string; clerkId: string; email: string; username: string; role: "member"; isActive: true; isSuspended: false; createdAt: Date; updatedAt: Date; }' is missing the following properties from type 'UserWithProfile': avatar, suspensionReason, suspendedAt, suspendedBy, and 3 more.
src/__tests__/api/member/profile-visits.test.ts(342,48): error TS2345: Argument of type '{ id: string; clerkId: string; email: string; username: string; role: "creator"; isActive: true; isSuspended: false; createdAt: Date; updatedAt: Date; }' is not assignable to parameter of type 'UserWithProfile | Promise<UserWithProfile | null> | null'.
  Type '{ id: string; clerkId: string; email: string; username: string; role: "creator"; isActive: true; isSuspended: false; createdAt: Date; updatedAt: Date; }' is missing the following properties from type 'UserWithProfile': avatar, suspensionReason, suspendedAt, suspendedBy, and 3 more.
src/__tests__/api/member/profile-visits.test.ts(376,29): error TS2345: Argument of type '{ userId: string; }' is not assignable to parameter of type 'SessionAuthWithRedirect<never> | Promise<SessionAuthWithRedirect<never>>'.
  Type '{ userId: string; }' is not assignable to type '(SharedSignedInAuthObjectProperties & { tokenType: "session_token"; getToken: ServerGetToken; has: CheckAuthorizationFromSessionClaims; debug: AuthObjectDebug; isAuthenticated: true; } & { ...; }) | Promise<...>'.
    Type '{ userId: string; }' is not assignable to type 'SharedSignedInAuthObjectProperties & { tokenType: "session_token"; getToken: ServerGetToken; has: CheckAuthorizationFromSessionClaims; debug: AuthObjectDebug; isAuthenticated: true; } & { ...; }'.
      Type '{ userId: string; }' is missing the following properties from type 'SharedSignedInAuthObjectProperties': sessionClaims, sessionId, sessionStatus, actor, and 5 more.
src/__tests__/api/member/profile-visits.test.ts(377,53): error TS2345: Argument of type '{ id: string; clerkId: string; email: string; username: string; role: "member"; isActive: true; isSuspended: false; createdAt: Date; updatedAt: Date; }' is not assignable to parameter of type 'UserWithProfile | Promise<UserWithProfile | null> | null'.
  Type '{ id: string; clerkId: string; email: string; username: string; role: "member"; isActive: true; isSuspended: false; createdAt: Date; updatedAt: Date; }' is missing the following properties from type 'UserWithProfile': avatar, suspensionReason, suspendedAt, suspendedBy, and 3 more.
src/__tests__/api/member/profile-visits.test.ts(408,29): error TS2345: Argument of type '{ userId: string; }' is not assignable to parameter of type 'SessionAuthWithRedirect<never> | Promise<SessionAuthWithRedirect<never>>'.
  Type '{ userId: string; }' is not assignable to type '(SharedSignedInAuthObjectProperties & { tokenType: "session_token"; getToken: ServerGetToken; has: CheckAuthorizationFromSessionClaims; debug: AuthObjectDebug; isAuthenticated: true; } & { ...; }) | Promise<...>'.
    Type '{ userId: string; }' is not assignable to type 'SharedSignedInAuthObjectProperties & { tokenType: "session_token"; getToken: ServerGetToken; has: CheckAuthorizationFromSessionClaims; debug: AuthObjectDebug; isAuthenticated: true; } & { ...; }'.
      Type '{ userId: string; }' is missing the following properties from type 'SharedSignedInAuthObjectProperties': sessionClaims, sessionId, sessionStatus, actor, and 5 more.
src/__tests__/api/member/profile-visits.test.ts(409,53): error TS2345: Argument of type '{ id: string; clerkId: string; email: string; username: string; role: "member"; isActive: true; isSuspended: false; createdAt: Date; updatedAt: Date; }' is not assignable to parameter of type 'UserWithProfile | Promise<UserWithProfile | null> | null'.
  Type '{ id: string; clerkId: string; email: string; username: string; role: "member"; isActive: true; isSuspended: false; createdAt: Date; updatedAt: Date; }' is missing the following properties from type 'UserWithProfile': avatar, suspensionReason, suspendedAt, suspendedBy, and 3 more.
src/__tests__/api/member/profile-visits.test.ts(441,29): error TS2345: Argument of type '{ userId: string; }' is not assignable to parameter of type 'SessionAuthWithRedirect<never> | Promise<SessionAuthWithRedirect<never>>'.
  Type '{ userId: string; }' is not assignable to type '(SharedSignedInAuthObjectProperties & { tokenType: "session_token"; getToken: ServerGetToken; has: CheckAuthorizationFromSessionClaims; debug: AuthObjectDebug; isAuthenticated: true; } & { ...; }) | Promise<...>'.
    Type '{ userId: string; }' is not assignable to type 'SharedSignedInAuthObjectProperties & { tokenType: "session_token"; getToken: ServerGetToken; has: CheckAuthorizationFromSessionClaims; debug: AuthObjectDebug; isAuthenticated: true; } & { ...; }'.
      Type '{ userId: string; }' is missing the following properties from type 'SharedSignedInAuthObjectProperties': sessionClaims, sessionId, sessionStatus, actor, and 5 more.
src/__tests__/api/member/profile-visits.test.ts(442,53): error TS2345: Argument of type '{ id: string; clerkId: string; email: string; username: string; role: "member"; isActive: true; isSuspended: false; createdAt: Date; updatedAt: Date; }' is not assignable to parameter of type 'UserWithProfile | Promise<UserWithProfile | null> | null'.
  Type '{ id: string; clerkId: string; email: string; username: string; role: "member"; isActive: true; isSuspended: false; createdAt: Date; updatedAt: Date; }' is missing the following properties from type 'UserWithProfile': avatar, suspensionReason, suspendedAt, suspendedBy, and 3 more.
src/__tests__/api/membership/status.test.ts(19,2): error TS2322: Type 'string' is not assignable to type 'Date'.
src/__tests__/api/membership/status.test.ts(20,2): error TS2322: Type 'string' is not assignable to type 'Date'.
src/__tests__/api/membership/status.test.ts(26,2): error TS2322: Type 'string' is not assignable to type 'Date'.
src/__tests__/api/membership/status.test.ts(29,2): error TS2322: Type 'string' is not assignable to type 'Date'.
src/__tests__/api/membership/status.test.ts(30,2): error TS2322: Type 'string' is not assignable to type 'Date'.
src/__tests__/api/membership/status.test.ts(42,50): error TS2353: Object literal may only specify known properties, and 'userId' does not exist in type 'Promise<{ userId: string; }>'.
src/__tests__/api/membership/status.test.ts(66,50): error TS2353: Object literal may only specify known properties, and 'userId' does not exist in type 'Promise<{ userId: string; }>'.
src/__tests__/api/membership/status.test.ts(86,48): error TS2345: Argument of type '{ memberProfile: { membershipExpiry: string; id: string; createdAt: Date; updatedAt: Date; userId: string; walletBalance: string; membershipStatus: "free" | "premium"; autoRenew: boolean; watchHistory: string[] | null; favoriteCreators: string[] | null; }; ... 15 more ...; updatedAt: Date; }' is not assignable to parameter of type 'UserWithProfile | Promise<UserWithProfile | null> | null'.
  Type '{ memberProfile: { membershipExpiry: string; id: string; createdAt: Date; updatedAt: Date; userId: string; walletBalance: string; membershipStatus: "free" | "premium"; autoRenew: boolean; watchHistory: string[] | null; favoriteCreators: string[] | null; }; ... 15 more ...; updatedAt: Date; }' is not assignable to type 'UserWithProfile'.
    The types of 'memberProfile.membershipExpiry' are incompatible between these types.
      Type 'string' is not assignable to type 'Date'.
src/__tests__/api/membership/status.test.ts(89,50): error TS2353: Object literal may only specify known properties, and 'userId' does not exist in type 'Promise<{ userId: string; }>'.
src/__tests__/api/membership/status.test.ts(105,48): error TS2345: Argument of type '{ memberProfile: { membershipExpiry: string; id: string; createdAt: Date; updatedAt: Date; userId: string; walletBalance: string; membershipStatus: "free" | "premium"; autoRenew: boolean; watchHistory: string[] | null; favoriteCreators: string[] | null; }; ... 15 more ...; updatedAt: Date; }' is not assignable to parameter of type 'UserWithProfile | Promise<UserWithProfile | null> | null'.
  Type '{ memberProfile: { membershipExpiry: string; id: string; createdAt: Date; updatedAt: Date; userId: string; walletBalance: string; membershipStatus: "free" | "premium"; autoRenew: boolean; watchHistory: string[] | null; favoriteCreators: string[] | null; }; ... 15 more ...; updatedAt: Date; }' is not assignable to type 'UserWithProfile'.
    The types of 'memberProfile.membershipExpiry' are incompatible between these types.
      Type 'string' is not assignable to type 'Date'.
src/__tests__/api/membership/status.test.ts(108,50): error TS2353: Object literal may only specify known properties, and 'userId' does not exist in type 'Promise<{ userId: string; }>'.
src/__tests__/api/membership/status.test.ts(116,50): error TS2353: Object literal may only specify known properties, and 'userId' does not exist in type 'Promise<{ userId: string; }>'.
src/__tests__/api/membership/status.test.ts(128,50): error TS2353: Object literal may only specify known properties, and 'userId' does not exist in type 'Promise<{ userId: string; }>'.
src/__tests__/api/membership/status.test.ts(146,50): error TS2353: Object literal may only specify known properties, and 'userId' does not exist in type 'Promise<{ userId: string; }>'.
src/__tests__/api/membership/status.test.ts(158,50): error TS2353: Object literal may only specify known properties, and 'userId' does not exist in type 'Promise<{ userId: string; }>'.
src/__tests__/api/payments/create-order.test.ts(28,29): error TS2345: Argument of type '{ userId: string; }' is not assignable to parameter of type 'SessionAuthWithRedirect<never> | Promise<SessionAuthWithRedirect<never>>'.
  Type '{ userId: string; }' is not assignable to type '(SharedSignedInAuthObjectProperties & { tokenType: "session_token"; getToken: ServerGetToken; has: CheckAuthorizationFromSessionClaims; debug: AuthObjectDebug; isAuthenticated: true; } & { ...; }) | Promise<...>'.
    Type '{ userId: string; }' is not assignable to type 'SharedSignedInAuthObjectProperties & { tokenType: "session_token"; getToken: ServerGetToken; has: CheckAuthorizationFromSessionClaims; debug: AuthObjectDebug; isAuthenticated: true; } & { ...; }'.
      Type '{ userId: string; }' is missing the following properties from type 'SharedSignedInAuthObjectProperties': sessionClaims, sessionId, sessionStatus, actor, and 5 more.
src/__tests__/api/payments/create-order.test.ts(69,29): error TS2345: Argument of type '{ userId: null; }' is not assignable to parameter of type 'SessionAuthWithRedirect<never> | Promise<SessionAuthWithRedirect<never>>'.
  Type '{ userId: null; }' is not assignable to type '(SignedOutAuthObject & { redirectToSignIn: RedirectFun<never>; redirectToSignUp: RedirectFun<never>; }) | Promise<SessionAuthWithRedirect<never>>'.
    Type '{ userId: null; }' is not assignable to type 'SignedOutAuthObject & { redirectToSignIn: RedirectFun<never>; redirectToSignUp: RedirectFun<never>; }'.
      Type '{ userId: null; }' is missing the following properties from type 'SignedOutAuthObject': sessionClaims, sessionId, sessionStatus, actor, and 10 more.
src/__tests__/api/payments/create-order.test.ts(84,29): error TS2345: Argument of type '{ userId: string; }' is not assignable to parameter of type 'SessionAuthWithRedirect<never> | Promise<SessionAuthWithRedirect<never>>'.
  Type '{ userId: string; }' is not assignable to type '(SharedSignedInAuthObjectProperties & { tokenType: "session_token"; getToken: ServerGetToken; has: CheckAuthorizationFromSessionClaims; debug: AuthObjectDebug; isAuthenticated: true; } & { ...; }) | Promise<...>'.
    Type '{ userId: string; }' is not assignable to type 'SharedSignedInAuthObjectProperties & { tokenType: "session_token"; getToken: ServerGetToken; has: CheckAuthorizationFromSessionClaims; debug: AuthObjectDebug; isAuthenticated: true; } & { ...; }'.
      Type '{ userId: string; }' is missing the following properties from type 'SharedSignedInAuthObjectProperties': sessionClaims, sessionId, sessionStatus, actor, and 5 more.
src/__tests__/api/payments/create-order.test.ts(99,29): error TS2345: Argument of type '{ userId: string; }' is not assignable to parameter of type 'SessionAuthWithRedirect<never> | Promise<SessionAuthWithRedirect<never>>'.
  Type '{ userId: string; }' is not assignable to type '(SharedSignedInAuthObjectProperties & { tokenType: "session_token"; getToken: ServerGetToken; has: CheckAuthorizationFromSessionClaims; debug: AuthObjectDebug; isAuthenticated: true; } & { ...; }) | Promise<...>'.
    Type '{ userId: string; }' is not assignable to type 'SharedSignedInAuthObjectProperties & { tokenType: "session_token"; getToken: ServerGetToken; has: CheckAuthorizationFromSessionClaims; debug: AuthObjectDebug; isAuthenticated: true; } & { ...; }'.
      Type '{ userId: string; }' is missing the following properties from type 'SharedSignedInAuthObjectProperties': sessionClaims, sessionId, sessionStatus, actor, and 5 more.
src/__tests__/api/payments/verify.test.ts(27,29): error TS2345: Argument of type '{ userId: string; }' is not assignable to parameter of type 'SessionAuthWithRedirect<never> | Promise<SessionAuthWithRedirect<never>>'.
  Type '{ userId: string; }' is not assignable to type '(SharedSignedInAuthObjectProperties & { tokenType: "session_token"; getToken: ServerGetToken; has: CheckAuthorizationFromSessionClaims; debug: AuthObjectDebug; isAuthenticated: true; } & { ...; }) | Promise<...>'.
    Type '{ userId: string; }' is not assignable to type 'SharedSignedInAuthObjectProperties & { tokenType: "session_token"; getToken: ServerGetToken; has: CheckAuthorizationFromSessionClaims; debug: AuthObjectDebug; isAuthenticated: true; } & { ...; }'.
      Type '{ userId: string; }' is missing the following properties from type 'SharedSignedInAuthObjectProperties': sessionClaims, sessionId, sessionStatus, actor, and 5 more.
src/__tests__/api/payments/verify.test.ts(56,29): error TS2345: Argument of type '{ userId: null; }' is not assignable to parameter of type 'SessionAuthWithRedirect<never> | Promise<SessionAuthWithRedirect<never>>'.
  Type '{ userId: null; }' is not assignable to type '(SignedOutAuthObject & { redirectToSignIn: RedirectFun<never>; redirectToSignUp: RedirectFun<never>; }) | Promise<SessionAuthWithRedirect<never>>'.
    Type '{ userId: null; }' is not assignable to type 'SignedOutAuthObject & { redirectToSignIn: RedirectFun<never>; redirectToSignUp: RedirectFun<never>; }'.
      Type '{ userId: null; }' is missing the following properties from type 'SignedOutAuthObject': sessionClaims, sessionId, sessionStatus, actor, and 10 more.
src/__tests__/api/payments/verify.test.ts(72,29): error TS2345: Argument of type '{ userId: string; }' is not assignable to parameter of type 'SessionAuthWithRedirect<never> | Promise<SessionAuthWithRedirect<never>>'.
  Type '{ userId: string; }' is not assignable to type '(SharedSignedInAuthObjectProperties & { tokenType: "session_token"; getToken: ServerGetToken; has: CheckAuthorizationFromSessionClaims; debug: AuthObjectDebug; isAuthenticated: true; } & { ...; }) | Promise<...>'.
    Type '{ userId: string; }' is not assignable to type 'SharedSignedInAuthObjectProperties & { tokenType: "session_token"; getToken: ServerGetToken; has: CheckAuthorizationFromSessionClaims; debug: AuthObjectDebug; isAuthenticated: true; } & { ...; }'.
      Type '{ userId: string; }' is missing the following properties from type 'SharedSignedInAuthObjectProperties': sessionClaims, sessionId, sessionStatus, actor, and 5 more.
src/__tests__/api/payments/verify.test.ts(87,29): error TS2345: Argument of type '{ userId: string; }' is not assignable to parameter of type 'SessionAuthWithRedirect<never> | Promise<SessionAuthWithRedirect<never>>'.
  Type '{ userId: string; }' is not assignable to type '(SharedSignedInAuthObjectProperties & { tokenType: "session_token"; getToken: ServerGetToken; has: CheckAuthorizationFromSessionClaims; debug: AuthObjectDebug; isAuthenticated: true; } & { ...; }) | Promise<...>'.
    Type '{ userId: string; }' is not assignable to type 'SharedSignedInAuthObjectProperties & { tokenType: "session_token"; getToken: ServerGetToken; has: CheckAuthorizationFromSessionClaims; debug: AuthObjectDebug; isAuthenticated: true; } & { ...; }'.
      Type '{ userId: string; }' is missing the following properties from type 'SharedSignedInAuthObjectProperties': sessionClaims, sessionId, sessionStatus, actor, and 5 more.
src/__tests__/api/series/purchase.test.ts(42,3): error TS2352: Conversion of type 'AuthFn<never>' to type 'Mock<any, any, any>' may be a mistake because neither type sufficiently overlaps with the other. If this was intentional, convert the expression to 'unknown' first.
  Type 'AuthFn<never>' is missing the following properties from type 'Mock<any, any, any>': getMockName, mock, mockClear, mockReset, and 13 more.
src/__tests__/api/videos/purchase.test.ts(41,3): error TS2352: Conversion of type 'AuthFn<never>' to type 'Mock<any, any, any>' may be a mistake because neither type sufficiently overlaps with the other. If this was intentional, convert the expression to 'unknown' first.
  Type 'AuthFn<never>' is missing the following properties from type 'Mock<any, any, any>': getMockName, mock, mockClear, mockReset, and 13 more.
src/__tests__/api/videos/purchase.test.ts(115,3): error TS2352: Conversion of type 'AuthFn<never>' to type 'Mock<any, any, any>' may be a mistake because neither type sufficiently overlaps with the other. If this was intentional, convert the expression to 'unknown' first.
  Type 'AuthFn<never>' is missing the following properties from type 'Mock<any, any, any>': getMockName, mock, mockClear, mockReset, and 13 more.
src/__tests__/api/videos/purchase.test.ts(161,3): error TS2352: Conversion of type 'AuthFn<never>' to type 'Mock<any, any, any>' may be a mistake because neither type sufficiently overlaps with the other. If this was intentional, convert the expression to 'unknown' first.
  Type 'AuthFn<never>' is missing the following properties from type 'Mock<any, any, any>': getMockName, mock, mockClear, mockReset, and 13 more.
src/__tests__/api/videos/purchase.test.ts(198,3): error TS2352: Conversion of type 'AuthFn<never>' to type 'Mock<any, any, any>' may be a mistake because neither type sufficiently overlaps with the other. If this was intentional, convert the expression to 'unknown' first.
  Type 'AuthFn<never>' is missing the following properties from type 'Mock<any, any, any>': getMockName, mock, mockClear, mockReset, and 13 more.
src/__tests__/api/videos/purchase.test.ts(235,3): error TS2352: Conversion of type 'AuthFn<never>' to type 'Mock<any, any, any>' may be a mistake because neither type sufficiently overlaps with the other. If this was intentional, convert the expression to 'unknown' first.
  Type 'AuthFn<never>' is missing the following properties from type 'Mock<any, any, any>': getMockName, mock, mockClear, mockReset, and 13 more.
src/__tests__/api/videos/purchase.test.ts(271,3): error TS2352: Conversion of type 'AuthFn<never>' to type 'Mock<any, any, any>' may be a mistake because neither type sufficiently overlaps with the other. If this was intentional, convert the expression to 'unknown' first.
  Type 'AuthFn<never>' is missing the following properties from type 'Mock<any, any, any>': getMockName, mock, mockClear, mockReset, and 13 more.
src/__tests__/api/videos/purchase.test.ts(299,3): error TS2352: Conversion of type 'AuthFn<never>' to type 'Mock<any, any, any>' may be a mistake because neither type sufficiently overlaps with the other. If this was intentional, convert the expression to 'unknown' first.
  Type 'AuthFn<never>' is missing the following properties from type 'Mock<any, any, any>': getMockName, mock, mockClear, mockReset, and 13 more.
src/__tests__/api/videos/video-edit.test.ts(46,29): error TS2345: Argument of type '{ userId: string; }' is not assignable to parameter of type 'SessionAuthWithRedirect<never> | Promise<SessionAuthWithRedirect<never>>'.
  Type '{ userId: string; }' is not assignable to type '(SharedSignedInAuthObjectProperties & { tokenType: "session_token"; getToken: ServerGetToken; has: CheckAuthorizationFromSessionClaims; debug: AuthObjectDebug; isAuthenticated: true; } & { ...; }) | Promise<...>'.
    Type '{ userId: string; }' is not assignable to type 'SharedSignedInAuthObjectProperties & { tokenType: "session_token"; getToken: ServerGetToken; has: CheckAuthorizationFromSessionClaims; debug: AuthObjectDebug; isAuthenticated: true; } & { ...; }'.
      Type '{ userId: string; }' is missing the following properties from type 'SharedSignedInAuthObjectProperties': sessionClaims, sessionId, sessionStatus, actor, and 5 more.
src/__tests__/api/videos/video-edit.test.ts(47,53): error TS2345: Argument of type '{ id: string; clerkId: string; email: string; username: string; role: "creator"; isActive: boolean; isSuspended: boolean; createdAt: Date; updatedAt: Date; }' is not assignable to parameter of type 'UserWithProfile | Promise<UserWithProfile | null> | null'.
  Type '{ id: string; clerkId: string; email: string; username: string; role: "creator"; isActive: boolean; isSuspended: boolean; createdAt: Date; updatedAt: Date; }' is missing the following properties from type 'UserWithProfile': avatar, suspensionReason, suspendedAt, suspendedBy, and 3 more.
src/__tests__/api/videos/video-edit.test.ts(104,29): error TS2345: Argument of type '{ userId: null; }' is not assignable to parameter of type 'SessionAuthWithRedirect<never> | Promise<SessionAuthWithRedirect<never>>'.
  Type '{ userId: null; }' is not assignable to type '(SignedOutAuthObject & { redirectToSignIn: RedirectFun<never>; redirectToSignUp: RedirectFun<never>; }) | Promise<SessionAuthWithRedirect<never>>'.
    Type '{ userId: null; }' is not assignable to type 'SignedOutAuthObject & { redirectToSignIn: RedirectFun<never>; redirectToSignUp: RedirectFun<never>; }'.
      Type '{ userId: null; }' is missing the following properties from type 'SignedOutAuthObject': sessionClaims, sessionId, sessionStatus, actor, and 10 more.
src/__tests__/api/videos/video-edit.test.ts(120,29): error TS2345: Argument of type '{ userId: string; }' is not assignable to parameter of type 'SessionAuthWithRedirect<never> | Promise<SessionAuthWithRedirect<never>>'.
  Type '{ userId: string; }' is not assignable to type '(SharedSignedInAuthObjectProperties & { tokenType: "session_token"; getToken: ServerGetToken; has: CheckAuthorizationFromSessionClaims; debug: AuthObjectDebug; isAuthenticated: true; } & { ...; }) | Promise<...>'.
    Type '{ userId: string; }' is not assignable to type 'SharedSignedInAuthObjectProperties & { tokenType: "session_token"; getToken: ServerGetToken; has: CheckAuthorizationFromSessionClaims; debug: AuthObjectDebug; isAuthenticated: true; } & { ...; }'.
      Type '{ userId: string; }' is missing the following properties from type 'SharedSignedInAuthObjectProperties': sessionClaims, sessionId, sessionStatus, actor, and 5 more.
src/__tests__/api/videos/video-edit.test.ts(121,53): error TS2345: Argument of type '{ role: "member"; id: string; clerkId: string; email: string; username: string; isActive: boolean; isSuspended: boolean; createdAt: Date; updatedAt: Date; }' is not assignable to parameter of type 'UserWithProfile | Promise<UserWithProfile | null> | null'.
  Type '{ role: "member"; id: string; clerkId: string; email: string; username: string; isActive: boolean; isSuspended: boolean; createdAt: Date; updatedAt: Date; }' is missing the following properties from type 'UserWithProfile': avatar, suspensionReason, suspendedAt, suspendedBy, and 3 more.
src/__tests__/api/videos/video-edit.test.ts(140,29): error TS2345: Argument of type '{ userId: string; }' is not assignable to parameter of type 'SessionAuthWithRedirect<never> | Promise<SessionAuthWithRedirect<never>>'.
  Type '{ userId: string; }' is not assignable to type '(SharedSignedInAuthObjectProperties & { tokenType: "session_token"; getToken: ServerGetToken; has: CheckAuthorizationFromSessionClaims; debug: AuthObjectDebug; isAuthenticated: true; } & { ...; }) | Promise<...>'.
    Type '{ userId: string; }' is not assignable to type 'SharedSignedInAuthObjectProperties & { tokenType: "session_token"; getToken: ServerGetToken; has: CheckAuthorizationFromSessionClaims; debug: AuthObjectDebug; isAuthenticated: true; } & { ...; }'.
      Type '{ userId: string; }' is missing the following properties from type 'SharedSignedInAuthObjectProperties': sessionClaims, sessionId, sessionStatus, actor, and 5 more.
src/__tests__/api/videos/video-edit.test.ts(141,53): error TS2345: Argument of type '{ id: string; clerkId: string; email: string; username: string; role: "creator"; isActive: boolean; isSuspended: boolean; createdAt: Date; updatedAt: Date; }' is not assignable to parameter of type 'UserWithProfile | Promise<UserWithProfile | null> | null'.
  Type '{ id: string; clerkId: string; email: string; username: string; role: "creator"; isActive: boolean; isSuspended: boolean; createdAt: Date; updatedAt: Date; }' is missing the following properties from type 'UserWithProfile': avatar, suspensionReason, suspendedAt, suspendedBy, and 3 more.
src/__tests__/api/videos/video-edit.test.ts(157,29): error TS2345: Argument of type '{ userId: string; }' is not assignable to parameter of type 'SessionAuthWithRedirect<never> | Promise<SessionAuthWithRedirect<never>>'.
  Type '{ userId: string; }' is not assignable to type '(SharedSignedInAuthObjectProperties & { tokenType: "session_token"; getToken: ServerGetToken; has: CheckAuthorizationFromSessionClaims; debug: AuthObjectDebug; isAuthenticated: true; } & { ...; }) | Promise<...>'.
    Type '{ userId: string; }' is not assignable to type 'SharedSignedInAuthObjectProperties & { tokenType: "session_token"; getToken: ServerGetToken; has: CheckAuthorizationFromSessionClaims; debug: AuthObjectDebug; isAuthenticated: true; } & { ...; }'.
      Type '{ userId: string; }' is missing the following properties from type 'SharedSignedInAuthObjectProperties': sessionClaims, sessionId, sessionStatus, actor, and 5 more.
src/__tests__/api/videos/video-edit.test.ts(158,53): error TS2345: Argument of type '{ id: string; clerkId: string; email: string; username: string; role: "creator"; isActive: boolean; isSuspended: boolean; createdAt: Date; updatedAt: Date; }' is not assignable to parameter of type 'UserWithProfile | Promise<UserWithProfile | null> | null'.
  Type '{ id: string; clerkId: string; email: string; username: string; role: "creator"; isActive: boolean; isSuspended: boolean; createdAt: Date; updatedAt: Date; }' is missing the following properties from type 'UserWithProfile': avatar, suspensionReason, suspendedAt, suspendedBy, and 3 more.
src/__tests__/api/videos/video-edit.test.ts(174,29): error TS2345: Argument of type '{ userId: string; }' is not assignable to parameter of type 'SessionAuthWithRedirect<never> | Promise<SessionAuthWithRedirect<never>>'.
  Type '{ userId: string; }' is not assignable to type '(SharedSignedInAuthObjectProperties & { tokenType: "session_token"; getToken: ServerGetToken; has: CheckAuthorizationFromSessionClaims; debug: AuthObjectDebug; isAuthenticated: true; } & { ...; }) | Promise<...>'.
    Type '{ userId: string; }' is not assignable to type 'SharedSignedInAuthObjectProperties & { tokenType: "session_token"; getToken: ServerGetToken; has: CheckAuthorizationFromSessionClaims; debug: AuthObjectDebug; isAuthenticated: true; } & { ...; }'.
      Type '{ userId: string; }' is missing the following properties from type 'SharedSignedInAuthObjectProperties': sessionClaims, sessionId, sessionStatus, actor, and 5 more.
src/__tests__/api/videos/video-edit.test.ts(175,53): error TS2345: Argument of type '{ id: string; clerkId: string; email: string; username: string; role: "creator"; isActive: boolean; isSuspended: boolean; createdAt: Date; updatedAt: Date; }' is not assignable to parameter of type 'UserWithProfile | Promise<UserWithProfile | null> | null'.
  Type '{ id: string; clerkId: string; email: string; username: string; role: "creator"; isActive: boolean; isSuspended: boolean; createdAt: Date; updatedAt: Date; }' is missing the following properties from type 'UserWithProfile': avatar, suspensionReason, suspendedAt, suspendedBy, and 3 more.
src/__tests__/api/videos/video-edit.test.ts(194,29): error TS2345: Argument of type '{ userId: string; }' is not assignable to parameter of type 'SessionAuthWithRedirect<never> | Promise<SessionAuthWithRedirect<never>>'.
  Type '{ userId: string; }' is not assignable to type '(SharedSignedInAuthObjectProperties & { tokenType: "session_token"; getToken: ServerGetToken; has: CheckAuthorizationFromSessionClaims; debug: AuthObjectDebug; isAuthenticated: true; } & { ...; }) | Promise<...>'.
    Type '{ userId: string; }' is not assignable to type 'SharedSignedInAuthObjectProperties & { tokenType: "session_token"; getToken: ServerGetToken; has: CheckAuthorizationFromSessionClaims; debug: AuthObjectDebug; isAuthenticated: true; } & { ...; }'.
      Type '{ userId: string; }' is missing the following properties from type 'SharedSignedInAuthObjectProperties': sessionClaims, sessionId, sessionStatus, actor, and 5 more.
src/__tests__/api/videos/video-edit.test.ts(195,53): error TS2345: Argument of type '{ id: string; clerkId: string; email: string; username: string; role: "creator"; isActive: boolean; isSuspended: boolean; createdAt: Date; updatedAt: Date; }' is not assignable to parameter of type 'UserWithProfile | Promise<UserWithProfile | null> | null'.
  Type '{ id: string; clerkId: string; email: string; username: string; role: "creator"; isActive: boolean; isSuspended: boolean; createdAt: Date; updatedAt: Date; }' is missing the following properties from type 'UserWithProfile': avatar, suspensionReason, suspendedAt, suspendedBy, and 3 more.
src/__tests__/api/videos/video-edit.test.ts(214,29): error TS2345: Argument of type '{ userId: string; }' is not assignable to parameter of type 'SessionAuthWithRedirect<never> | Promise<SessionAuthWithRedirect<never>>'.
  Type '{ userId: string; }' is not assignable to type '(SharedSignedInAuthObjectProperties & { tokenType: "session_token"; getToken: ServerGetToken; has: CheckAuthorizationFromSessionClaims; debug: AuthObjectDebug; isAuthenticated: true; } & { ...; }) | Promise<...>'.
    Type '{ userId: string; }' is not assignable to type 'SharedSignedInAuthObjectProperties & { tokenType: "session_token"; getToken: ServerGetToken; has: CheckAuthorizationFromSessionClaims; debug: AuthObjectDebug; isAuthenticated: true; } & { ...; }'.
      Type '{ userId: string; }' is missing the following properties from type 'SharedSignedInAuthObjectProperties': sessionClaims, sessionId, sessionStatus, actor, and 5 more.
src/__tests__/api/videos/video-edit.test.ts(215,53): error TS2345: Argument of type '{ id: string; clerkId: string; email: string; username: string; role: "creator"; isActive: boolean; isSuspended: boolean; createdAt: Date; updatedAt: Date; }' is not assignable to parameter of type 'UserWithProfile | Promise<UserWithProfile | null> | null'.
  Type '{ id: string; clerkId: string; email: string; username: string; role: "creator"; isActive: boolean; isSuspended: boolean; createdAt: Date; updatedAt: Date; }' is missing the following properties from type 'UserWithProfile': avatar, suspensionReason, suspendedAt, suspendedBy, and 3 more.
src/__tests__/api/videos/video-edit.test.ts(234,29): error TS2345: Argument of type '{ userId: string; }' is not assignable to parameter of type 'SessionAuthWithRedirect<never> | Promise<SessionAuthWithRedirect<never>>'.
  Type '{ userId: string; }' is not assignable to type '(SharedSignedInAuthObjectProperties & { tokenType: "session_token"; getToken: ServerGetToken; has: CheckAuthorizationFromSessionClaims; debug: AuthObjectDebug; isAuthenticated: true; } & { ...; }) | Promise<...>'.
    Type '{ userId: string; }' is not assignable to type 'SharedSignedInAuthObjectProperties & { tokenType: "session_token"; getToken: ServerGetToken; has: CheckAuthorizationFromSessionClaims; debug: AuthObjectDebug; isAuthenticated: true; } & { ...; }'.
      Type '{ userId: string; }' is missing the following properties from type 'SharedSignedInAuthObjectProperties': sessionClaims, sessionId, sessionStatus, actor, and 5 more.
src/__tests__/api/videos/video-edit.test.ts(235,53): error TS2345: Argument of type '{ id: string; clerkId: string; email: string; username: string; role: "creator"; isActive: boolean; isSuspended: boolean; createdAt: Date; updatedAt: Date; }' is not assignable to parameter of type 'UserWithProfile | Promise<UserWithProfile | null> | null'.
  Type '{ id: string; clerkId: string; email: string; username: string; role: "creator"; isActive: boolean; isSuspended: boolean; createdAt: Date; updatedAt: Date; }' is missing the following properties from type 'UserWithProfile': avatar, suspensionReason, suspendedAt, suspendedBy, and 3 more.
src/__tests__/api/videos/video-edit.test.ts(254,29): error TS2345: Argument of type '{ userId: string; }' is not assignable to parameter of type 'SessionAuthWithRedirect<never> | Promise<SessionAuthWithRedirect<never>>'.
  Type '{ userId: string; }' is not assignable to type '(SharedSignedInAuthObjectProperties & { tokenType: "session_token"; getToken: ServerGetToken; has: CheckAuthorizationFromSessionClaims; debug: AuthObjectDebug; isAuthenticated: true; } & { ...; }) | Promise<...>'.
    Type '{ userId: string; }' is not assignable to type 'SharedSignedInAuthObjectProperties & { tokenType: "session_token"; getToken: ServerGetToken; has: CheckAuthorizationFromSessionClaims; debug: AuthObjectDebug; isAuthenticated: true; } & { ...; }'.
      Type '{ userId: string; }' is missing the following properties from type 'SharedSignedInAuthObjectProperties': sessionClaims, sessionId, sessionStatus, actor, and 5 more.
src/__tests__/api/videos/video-edit.test.ts(255,53): error TS2345: Argument of type '{ id: string; clerkId: string; email: string; username: string; role: "creator"; isActive: boolean; isSuspended: boolean; createdAt: Date; updatedAt: Date; }' is not assignable to parameter of type 'UserWithProfile | Promise<UserWithProfile | null> | null'.
  Type '{ id: string; clerkId: string; email: string; username: string; role: "creator"; isActive: boolean; isSuspended: boolean; createdAt: Date; updatedAt: Date; }' is missing the following properties from type 'UserWithProfile': avatar, suspensionReason, suspendedAt, suspendedBy, and 3 more.
src/__tests__/api/videos/video-edit.test.ts(279,29): error TS2345: Argument of type '{ userId: string; }' is not assignable to parameter of type 'SessionAuthWithRedirect<never> | Promise<SessionAuthWithRedirect<never>>'.
  Type '{ userId: string; }' is not assignable to type '(SharedSignedInAuthObjectProperties & { tokenType: "session_token"; getToken: ServerGetToken; has: CheckAuthorizationFromSessionClaims; debug: AuthObjectDebug; isAuthenticated: true; } & { ...; }) | Promise<...>'.
    Type '{ userId: string; }' is not assignable to type 'SharedSignedInAuthObjectProperties & { tokenType: "session_token"; getToken: ServerGetToken; has: CheckAuthorizationFromSessionClaims; debug: AuthObjectDebug; isAuthenticated: true; } & { ...; }'.
      Type '{ userId: string; }' is missing the following properties from type 'SharedSignedInAuthObjectProperties': sessionClaims, sessionId, sessionStatus, actor, and 5 more.
src/__tests__/api/videos/video-edit.test.ts(280,53): error TS2345: Argument of type '{ id: string; clerkId: string; email: string; username: string; role: "creator"; isActive: boolean; isSuspended: boolean; createdAt: Date; updatedAt: Date; }' is not assignable to parameter of type 'UserWithProfile | Promise<UserWithProfile | null> | null'.
  Type '{ id: string; clerkId: string; email: string; username: string; role: "creator"; isActive: boolean; isSuspended: boolean; createdAt: Date; updatedAt: Date; }' is missing the following properties from type 'UserWithProfile': avatar, suspensionReason, suspendedAt, suspendedBy, and 3 more.
src/__tests__/api/videos/video-edit.test.ts(307,29): error TS2345: Argument of type '{ userId: string; }' is not assignable to parameter of type 'SessionAuthWithRedirect<never> | Promise<SessionAuthWithRedirect<never>>'.
  Type '{ userId: string; }' is not assignable to type '(SharedSignedInAuthObjectProperties & { tokenType: "session_token"; getToken: ServerGetToken; has: CheckAuthorizationFromSessionClaims; debug: AuthObjectDebug; isAuthenticated: true; } & { ...; }) | Promise<...>'.
    Type '{ userId: string; }' is not assignable to type 'SharedSignedInAuthObjectProperties & { tokenType: "session_token"; getToken: ServerGetToken; has: CheckAuthorizationFromSessionClaims; debug: AuthObjectDebug; isAuthenticated: true; } & { ...; }'.
      Type '{ userId: string; }' is missing the following properties from type 'SharedSignedInAuthObjectProperties': sessionClaims, sessionId, sessionStatus, actor, and 5 more.
src/__tests__/api/videos/video-edit.test.ts(308,53): error TS2345: Argument of type '{ id: string; clerkId: string; email: string; username: string; role: "creator"; isActive: boolean; isSuspended: boolean; createdAt: Date; updatedAt: Date; }' is not assignable to parameter of type 'UserWithProfile | Promise<UserWithProfile | null> | null'.
  Type '{ id: string; clerkId: string; email: string; username: string; role: "creator"; isActive: boolean; isSuspended: boolean; createdAt: Date; updatedAt: Date; }' is missing the following properties from type 'UserWithProfile': avatar, suspensionReason, suspendedAt, suspendedBy, and 3 more.
src/__tests__/api/videos/watch.test.ts(48,29): error TS2345: Argument of type '{ userId: string; }' is not assignable to parameter of type 'SessionAuthWithRedirect<never> | Promise<SessionAuthWithRedirect<never>>'.
  Type '{ userId: string; }' is not assignable to type '(SharedSignedInAuthObjectProperties & { tokenType: "session_token"; getToken: ServerGetToken; has: CheckAuthorizationFromSessionClaims; debug: AuthObjectDebug; isAuthenticated: true; } & { ...; }) | Promise<...>'.
    Type '{ userId: string; }' is not assignable to type 'SharedSignedInAuthObjectProperties & { tokenType: "session_token"; getToken: ServerGetToken; has: CheckAuthorizationFromSessionClaims; debug: AuthObjectDebug; isAuthenticated: true; } & { ...; }'.
      Type '{ userId: string; }' is missing the following properties from type 'SharedSignedInAuthObjectProperties': sessionClaims, sessionId, sessionStatus, actor, and 5 more.
src/__tests__/api/videos/watch.test.ts(49,53): error TS2345: Argument of type '{ id: string; clerkId: string; email: string; username: string; role: "member"; avatar: null; createdAt: Date; updatedAt: Date; }' is not assignable to parameter of type 'UserWithProfile | Promise<UserWithProfile | null> | null'.
  Type '{ id: string; clerkId: string; email: string; username: string; role: "member"; avatar: null; createdAt: Date; updatedAt: Date; }' is missing the following properties from type 'UserWithProfile': isActive, isSuspended, suspensionReason, suspendedAt, and 4 more.
src/__tests__/api/videos/watch.test.ts(58,51): error TS2353: Object literal may only specify known properties, and 'id' does not exist in type 'Promise<{ id: string; }>'.
src/__tests__/api/videos/watch.test.ts(83,29): error TS2345: Argument of type '{ userId: string; }' is not assignable to parameter of type 'SessionAuthWithRedirect<never> | Promise<SessionAuthWithRedirect<never>>'.
  Type '{ userId: string; }' is not assignable to type '(SharedSignedInAuthObjectProperties & { tokenType: "session_token"; getToken: ServerGetToken; has: CheckAuthorizationFromSessionClaims; debug: AuthObjectDebug; isAuthenticated: true; } & { ...; }) | Promise<...>'.
    Type '{ userId: string; }' is not assignable to type 'SharedSignedInAuthObjectProperties & { tokenType: "session_token"; getToken: ServerGetToken; has: CheckAuthorizationFromSessionClaims; debug: AuthObjectDebug; isAuthenticated: true; } & { ...; }'.
      Type '{ userId: string; }' is missing the following properties from type 'SharedSignedInAuthObjectProperties': sessionClaims, sessionId, sessionStatus, actor, and 5 more.
src/__tests__/api/videos/watch.test.ts(84,53): error TS2345: Argument of type '{ id: string; clerkId: string; email: string; username: string; role: "member"; avatar: null; createdAt: Date; updatedAt: Date; }' is not assignable to parameter of type 'UserWithProfile | Promise<UserWithProfile | null> | null'.
  Type '{ id: string; clerkId: string; email: string; username: string; role: "member"; avatar: null; createdAt: Date; updatedAt: Date; }' is missing the following properties from type 'UserWithProfile': isActive, isSuspended, suspensionReason, suspendedAt, and 4 more.
src/__tests__/api/videos/watch.test.ts(90,51): error TS2353: Object literal may only specify known properties, and 'id' does not exist in type 'Promise<{ id: string; }>'.
src/__tests__/api/videos/watch.test.ts(105,29): error TS2345: Argument of type '{ userId: null; }' is not assignable to parameter of type 'SessionAuthWithRedirect<never> | Promise<SessionAuthWithRedirect<never>>'.
  Type '{ userId: null; }' is not assignable to type '(SignedOutAuthObject & { redirectToSignIn: RedirectFun<never>; redirectToSignUp: RedirectFun<never>; }) | Promise<SessionAuthWithRedirect<never>>'.
    Type '{ userId: null; }' is not assignable to type 'SignedOutAuthObject & { redirectToSignIn: RedirectFun<never>; redirectToSignUp: RedirectFun<never>; }'.
      Type '{ userId: null; }' is missing the following properties from type 'SignedOutAuthObject': sessionClaims, sessionId, sessionStatus, actor, and 10 more.
src/__tests__/api/videos/watch.test.ts(110,51): error TS2353: Object literal may only specify known properties, and 'id' does not exist in type 'Promise<{ id: string; }>'.
src/__tests__/api/videos/watch.test.ts(119,29): error TS2345: Argument of type '{ userId: string; }' is not assignable to parameter of type 'SessionAuthWithRedirect<never> | Promise<SessionAuthWithRedirect<never>>'.
  Type '{ userId: string; }' is not assignable to type '(SharedSignedInAuthObjectProperties & { tokenType: "session_token"; getToken: ServerGetToken; has: CheckAuthorizationFromSessionClaims; debug: AuthObjectDebug; isAuthenticated: true; } & { ...; }) | Promise<...>'.
    Type '{ userId: string; }' is not assignable to type 'SharedSignedInAuthObjectProperties & { tokenType: "session_token"; getToken: ServerGetToken; has: CheckAuthorizationFromSessionClaims; debug: AuthObjectDebug; isAuthenticated: true; } & { ...; }'.
      Type '{ userId: string; }' is missing the following properties from type 'SharedSignedInAuthObjectProperties': sessionClaims, sessionId, sessionStatus, actor, and 5 more.
src/__tests__/api/videos/watch.test.ts(125,51): error TS2353: Object literal may only specify known properties, and 'id' does not exist in type 'Promise<{ id: string; }>'.
src/__tests__/api/videos/watch.test.ts(136,29): error TS2345: Argument of type '{ userId: string; }' is not assignable to parameter of type 'SessionAuthWithRedirect<never> | Promise<SessionAuthWithRedirect<never>>'.
  Type '{ userId: string; }' is not assignable to type '(SharedSignedInAuthObjectProperties & { tokenType: "session_token"; getToken: ServerGetToken; has: CheckAuthorizationFromSessionClaims; debug: AuthObjectDebug; isAuthenticated: true; } & { ...; }) | Promise<...>'.
    Type '{ userId: string; }' is not assignable to type 'SharedSignedInAuthObjectProperties & { tokenType: "session_token"; getToken: ServerGetToken; has: CheckAuthorizationFromSessionClaims; debug: AuthObjectDebug; isAuthenticated: true; } & { ...; }'.
      Type '{ userId: string; }' is missing the following properties from type 'SharedSignedInAuthObjectProperties': sessionClaims, sessionId, sessionStatus, actor, and 5 more.
src/__tests__/api/videos/watch.test.ts(137,53): error TS2345: Argument of type '{ role: "creator"; id: string; clerkId: string; email: string; username: string; avatar: null; createdAt: Date; updatedAt: Date; }' is not assignable to parameter of type 'UserWithProfile | Promise<UserWithProfile | null> | null'.
  Type '{ role: "creator"; id: string; clerkId: string; email: string; username: string; avatar: null; createdAt: Date; updatedAt: Date; }' is missing the following properties from type 'UserWithProfile': isActive, isSuspended, suspensionReason, suspendedAt, and 4 more.
src/__tests__/api/videos/watch.test.ts(142,51): error TS2353: Object literal may only specify known properties, and 'id' does not exist in type 'Promise<{ id: string; }>'.
src/__tests__/api/videos/watch.test.ts(158,29): error TS2345: Argument of type '{ userId: string; }' is not assignable to parameter of type 'SessionAuthWithRedirect<never> | Promise<SessionAuthWithRedirect<never>>'.
  Type '{ userId: string; }' is not assignable to type '(SharedSignedInAuthObjectProperties & { tokenType: "session_token"; getToken: ServerGetToken; has: CheckAuthorizationFromSessionClaims; debug: AuthObjectDebug; isAuthenticated: true; } & { ...; }) | Promise<...>'.
    Type '{ userId: string; }' is not assignable to type 'SharedSignedInAuthObjectProperties & { tokenType: "session_token"; getToken: ServerGetToken; has: CheckAuthorizationFromSessionClaims; debug: AuthObjectDebug; isAuthenticated: true; } & { ...; }'.
      Type '{ userId: string; }' is missing the following properties from type 'SharedSignedInAuthObjectProperties': sessionClaims, sessionId, sessionStatus, actor, and 5 more.
src/__tests__/api/videos/watch.test.ts(159,53): error TS2345: Argument of type '{ id: string; clerkId: string; email: string; username: string; role: "member"; avatar: null; createdAt: Date; updatedAt: Date; }' is not assignable to parameter of type 'UserWithProfile | Promise<UserWithProfile | null> | null'.
  Type '{ id: string; clerkId: string; email: string; username: string; role: "member"; avatar: null; createdAt: Date; updatedAt: Date; }' is missing the following properties from type 'UserWithProfile': isActive, isSuspended, suspensionReason, suspendedAt, and 4 more.
src/__tests__/api/videos/watch.test.ts(166,51): error TS2353: Object literal may only specify known properties, and 'id' does not exist in type 'Promise<{ id: string; }>'.
src/__tests__/api/videos/watch.test.ts(179,29): error TS2345: Argument of type '{ userId: string; }' is not assignable to parameter of type 'SessionAuthWithRedirect<never> | Promise<SessionAuthWithRedirect<never>>'.
  Type '{ userId: string; }' is not assignable to type '(SharedSignedInAuthObjectProperties & { tokenType: "session_token"; getToken: ServerGetToken; has: CheckAuthorizationFromSessionClaims; debug: AuthObjectDebug; isAuthenticated: true; } & { ...; }) | Promise<...>'.
    Type '{ userId: string; }' is not assignable to type 'SharedSignedInAuthObjectProperties & { tokenType: "session_token"; getToken: ServerGetToken; has: CheckAuthorizationFromSessionClaims; debug: AuthObjectDebug; isAuthenticated: true; } & { ...; }'.
      Type '{ userId: string; }' is missing the following properties from type 'SharedSignedInAuthObjectProperties': sessionClaims, sessionId, sessionStatus, actor, and 5 more.
src/__tests__/api/videos/watch.test.ts(185,51): error TS2353: Object literal may only specify known properties, and 'id' does not exist in type 'Promise<{ id: string; }>'.
src/__tests__/api/wallet/balance.test.ts(27,29): error TS2345: Argument of type '{ userId: string; }' is not assignable to parameter of type 'SessionAuthWithRedirect<never> | Promise<SessionAuthWithRedirect<never>>'.
  Type '{ userId: string; }' is not assignable to type '(SharedSignedInAuthObjectProperties & { tokenType: "session_token"; getToken: ServerGetToken; has: CheckAuthorizationFromSessionClaims; debug: AuthObjectDebug; isAuthenticated: true; } & { ...; }) | Promise<...>'.
    Type '{ userId: string; }' is not assignable to type 'SharedSignedInAuthObjectProperties & { tokenType: "session_token"; getToken: ServerGetToken; has: CheckAuthorizationFromSessionClaims; debug: AuthObjectDebug; isAuthenticated: true; } & { ...; }'.
      Type '{ userId: string; }' is missing the following properties from type 'SharedSignedInAuthObjectProperties': sessionClaims, sessionId, sessionStatus, actor, and 5 more.
src/__tests__/api/wallet/balance.test.ts(46,29): error TS2345: Argument of type '{ userId: null; }' is not assignable to parameter of type 'SessionAuthWithRedirect<never> | Promise<SessionAuthWithRedirect<never>>'.
  Type '{ userId: null; }' is not assignable to type '(SignedOutAuthObject & { redirectToSignIn: RedirectFun<never>; redirectToSignUp: RedirectFun<never>; }) | Promise<SessionAuthWithRedirect<never>>'.
    Type '{ userId: null; }' is not assignable to type 'SignedOutAuthObject & { redirectToSignIn: RedirectFun<never>; redirectToSignUp: RedirectFun<never>; }'.
      Type '{ userId: null; }' is missing the following properties from type 'SignedOutAuthObject': sessionClaims, sessionId, sessionStatus, actor, and 10 more.
src/__tests__/api/wallet/balance.test.ts(62,29): error TS2345: Argument of type '{ userId: string; }' is not assignable to parameter of type 'SessionAuthWithRedirect<never> | Promise<SessionAuthWithRedirect<never>>'.
  Type '{ userId: string; }' is not assignable to type '(SharedSignedInAuthObjectProperties & { tokenType: "session_token"; getToken: ServerGetToken; has: CheckAuthorizationFromSessionClaims; debug: AuthObjectDebug; isAuthenticated: true; } & { ...; }) | Promise<...>'.
    Type '{ userId: string; }' is not assignable to type 'SharedSignedInAuthObjectProperties & { tokenType: "session_token"; getToken: ServerGetToken; has: CheckAuthorizationFromSessionClaims; debug: AuthObjectDebug; isAuthenticated: true; } & { ...; }'.
      Type '{ userId: string; }' is missing the following properties from type 'SharedSignedInAuthObjectProperties': sessionClaims, sessionId, sessionStatus, actor, and 5 more.
src/__tests__/auth/api.test.ts(1,10): error TS2305: Module '"@clerk/nextjs"' has no exported member 'auth'.
src/__tests__/auth/AuthContext.test.tsx(1,18): error TS2305: Module '"@testing-library/react"' has no exported member 'screen'.
src/__tests__/auth/AuthContext.test.tsx(1,26): error TS2305: Module '"@testing-library/react"' has no exported member 'waitFor'.
src/__tests__/auth/AuthStatePersistence.test.tsx(4,18): error TS2305: Module '"@testing-library/react"' has no exported member 'screen'.
src/__tests__/auth/AuthStatePersistence.test.tsx(4,26): error TS2305: Module '"@testing-library/react"' has no exported member 'waitFor'.
src/__tests__/auth/AuthStatePersistence.test.tsx(152,2): error TS2322: Type '{ publicMetadata: { role: string; }; }' is not assignable to type 'null'.
src/__tests__/auth/AuthStatePersistence.test.tsx(153,2): error TS2322: Type '{ username: string; role: string; }' is not assignable to type 'null'.
src/__tests__/auth/AuthStatePersistence.test.tsx(156,2): error TS2322: Type 'number' is not assignable to type 'null'.
src/__tests__/auth/AuthStatePersistence.test.tsx(408,2): error TS2322: Type 'null' is not assignable to type '{ publicMetadata: { role: string; }; }'.
src/__tests__/auth/AuthStatePersistence.test.tsx(409,2): error TS2322: Type 'null' is not assignable to type '{ username: string; role: string; }'.
src/__tests__/auth/AuthStatePersistence.test.tsx(412,2): error TS2322: Type '"Session expired"' is not assignable to type 'null'.
src/__tests__/auth/AuthStatePersistence.test.tsx(692,2): error TS2322: Type '"Update failed"' is not assignable to type 'null'.
src/__tests__/auth/AuthStatePersistence.test.tsx(693,2): error TS2322: Type 'null' is not assignable to type '{ publicMetadata: { role: string; }; }'.
src/__tests__/auth/AuthStatePersistence.test.tsx(694,2): error TS2322: Type 'null' is not assignable to type '{ username: string; role: string; }'.
src/__tests__/auth/onboarding.test.tsx(1,18): error TS2305: Module '"@testing-library/react"' has no exported member 'screen'.
src/__tests__/auth/onboarding.test.tsx(1,26): error TS2305: Module '"@testing-library/react"' has no exported member 'fireEvent'.
src/__tests__/auth/onboarding.test.tsx(1,37): error TS2305: Module '"@testing-library/react"' has no exported member 'waitFor'.
src/__tests__/compatibility/CrossBrowser.test.tsx(2,18): error TS2305: Module '"@testing-library/react"' has no exported member 'screen'.
src/__tests__/compatibility/CrossBrowser.test.tsx(2,26): error TS2305: Module '"@testing-library/react"' has no exported member 'waitFor'.
src/__tests__/compatibility/CrossBrowser.test.tsx(166,18): error TS7006: Parameter 'button' implicitly has an 'any' type.
src/__tests__/components/admin/AdminDashboard.test.tsx(2,18): error TS2305: Module '"@testing-library/react"' has no exported member 'screen'.
src/__tests__/components/admin/AdminDashboard.test.tsx(2,26): error TS2305: Module '"@testing-library/react"' has no exported member 'fireEvent'.
src/__tests__/components/admin/AdminDashboard.test.tsx(59,46): error TS2339: Property 'toBeInTheDocument' does not exist on type 'Matchers<void, any> & SnapshotMatchers<void, any> & Inverse<JestMatchers<void, any>> & PromiseMatchers<any>'.
src/__tests__/components/admin/AdminDashboard.test.tsx(60,75): error TS2339: Property 'toBeInTheDocument' does not exist on type 'Matchers<void, any> & SnapshotMatchers<void, any> & Inverse<JestMatchers<void, any>> & PromiseMatchers<any>'.
src/__tests__/components/admin/AdminDashboard.test.tsx(66,39): error TS2339: Property 'toBeInTheDocument' does not exist on type 'Matchers<void, any> & SnapshotMatchers<void, any> & Inverse<JestMatchers<void, any>> & PromiseMatchers<any>'.
src/__tests__/components/admin/AdminDashboard.test.tsx(67,46): error TS2339: Property 'toBeInTheDocument' does not exist on type 'Matchers<void, any> & SnapshotMatchers<void, any> & Inverse<JestMatchers<void, any>> & PromiseMatchers<any>'.
src/__tests__/components/admin/AdminDashboard.test.tsx(68,47): error TS2339: Property 'toBeInTheDocument' does not exist on type 'Matchers<void, any> & SnapshotMatchers<void, any> & Inverse<JestMatchers<void, any>> & PromiseMatchers<any>'.
src/__tests__/components/admin/AdminDashboard.test.tsx(69,38): error TS2339: Property 'toBeInTheDocument' does not exist on type 'Matchers<void, any> & SnapshotMatchers<void, any> & Inverse<JestMatchers<void, any>> & PromiseMatchers<any>'.
src/__tests__/components/admin/AdminDashboard.test.tsx(70,41): error TS2339: Property 'toBeInTheDocument' does not exist on type 'Matchers<void, any> & SnapshotMatchers<void, any> & Inverse<JestMatchers<void, any>> & PromiseMatchers<any>'.
src/__tests__/components/admin/AdminDashboard.test.tsx(71,46): error TS2339: Property 'toBeInTheDocument' does not exist on type 'Matchers<void, any> & SnapshotMatchers<void, any> & Inverse<JestMatchers<void, any>> & PromiseMatchers<any>'.
src/__tests__/components/admin/AdminDashboard.test.tsx(77,50): error TS2339: Property 'toBeInTheDocument' does not exist on type 'Matchers<void, any> & SnapshotMatchers<void, any> & Inverse<JestMatchers<void, any>> & PromiseMatchers<any>'.
src/__tests__/components/admin/AdminDashboard.test.tsx(78,54): error TS2339: Property 'toBeInTheDocument' does not exist on type 'JestMatchers<void, any>'.
src/__tests__/components/admin/AdminDashboard.test.tsx(85,48): error TS2339: Property 'toBeInTheDocument' does not exist on type 'Matchers<void, any> & SnapshotMatchers<void, any> & Inverse<JestMatchers<void, any>> & PromiseMatchers<any>'.
src/__tests__/components/admin/AdminDashboard.test.tsx(86,56): error TS2339: Property 'toBeInTheDocument' does not exist on type 'JestMatchers<void, any>'.
src/__tests__/components/admin/AdminDashboard.test.tsx(89,49): error TS2339: Property 'toBeInTheDocument' does not exist on type 'Matchers<void, any> & SnapshotMatchers<void, any> & Inverse<JestMatchers<void, any>> & PromiseMatchers<any>'.
src/__tests__/components/admin/AdminDashboard.test.tsx(90,54): error TS2339: Property 'toBeInTheDocument' does not exist on type 'JestMatchers<void, any>'.
src/__tests__/components/admin/AdminDashboard.test.tsx(93,51): error TS2339: Property 'toBeInTheDocument' does not exist on type 'Matchers<void, any> & SnapshotMatchers<void, any> & Inverse<JestMatchers<void, any>> & PromiseMatchers<any>'.
src/__tests__/components/admin/AdminDashboard.test.tsx(96,43): error TS2339: Property 'toBeInTheDocument' does not exist on type 'Matchers<void, any> & SnapshotMatchers<void, any> & Inverse<JestMatchers<void, any>> & PromiseMatchers<any>'.
src/__tests__/components/admin/AdminDashboard.test.tsx(99,48): error TS2339: Property 'toBeInTheDocument' does not exist on type 'Matchers<void, any> & SnapshotMatchers<void, any> & Inverse<JestMatchers<void, any>> & PromiseMatchers<any>'.
src/__tests__/components/admin/AdminDashboard.test.tsx(105,46): error TS2339: Property 'toBeInTheDocument' does not exist on type 'Matchers<void, any> & SnapshotMatchers<void, any> & Inverse<JestMatchers<void, any>> & PromiseMatchers<any>'.
src/__tests__/components/admin/AdminDashboard.test.tsx(106,50): error TS2339: Property 'toBeInTheDocument' does not exist on type 'Matchers<void, any> & SnapshotMatchers<void, any> & Inverse<JestMatchers<void, any>> & PromiseMatchers<any>'.
src/__tests__/components/admin/AdminDashboard.test.tsx(115,22): error TS2339: Property 'toHaveClass' does not exist on type 'Matchers<void, any> & SnapshotMatchers<void, any> & Inverse<JestMatchers<void, any>> & PromiseMatchers<any>'.
src/__tests__/components/admin/AdminDashboard.test.tsx(116,28): error TS2339: Property 'toHaveClass' does not exist on type 'Matchers<void, any> & SnapshotMatchers<void, any> & Inverse<JestMatchers<void, any>> & PromiseMatchers<any>'.
src/__tests__/components/admin/AdminDashboard.test.tsx(120,28): error TS2339: Property 'toHaveClass' does not exist on type 'Matchers<void, any> & SnapshotMatchers<void, any> & Inverse<JestMatchers<void, any>> & PromiseMatchers<any>'.
src/__tests__/components/admin/AdminDashboard.test.tsx(121,22): error TS2339: Property 'toHaveClass' does not exist on type 'Matchers<void, any> & SnapshotMatchers<void, any> & Inverse<JestMatchers<void, any>> & PromiseMatchers<any>'.
src/__tests__/components/auth/ResponsiveSignupLoader.test.tsx(2,18): error TS2305: Module '"@testing-library/react"' has no exported member 'screen'.
src/__tests__/components/auth/ResponsiveSignupLoader.test.tsx(2,26): error TS2305: Module '"@testing-library/react"' has no exported member 'fireEvent'.
src/__tests__/components/auth/ResponsiveSignupLoader.test.tsx(4,36): error TS2307: Cannot find module '@/components/auth/ResponsiveSignupLoader' or its corresponding type declarations.
src/__tests__/components/creator/VideoEditModal.test.tsx(4,18): error TS2305: Module '"@testing-library/react"' has no exported member 'screen'.
src/__tests__/components/creator/VideoEditModal.test.tsx(4,26): error TS2305: Module '"@testing-library/react"' has no exported member 'fireEvent'.
src/__tests__/components/creator/VideoEditModal.test.tsx(4,37): error TS2305: Module '"@testing-library/react"' has no exported member 'waitFor'.
src/__tests__/components/creator/VideoEditModal.test.tsx(31,2): error TS2322: Type 'null' is not assignable to type 'string | undefined'.
src/__tests__/components/creator/VideoManagementNavigation.test.tsx(2,18): error TS2305: Module '"@testing-library/react"' has no exported member 'screen'.
src/__tests__/components/creator/VideoManagementNavigation.test.tsx(2,26): error TS2305: Module '"@testing-library/react"' has no exported member 'fireEvent'.
src/__tests__/components/creator/VideoManagementNavigation.test.tsx(2,37): error TS2305: Module '"@testing-library/react"' has no exported member 'waitFor'.
src/__tests__/components/creator/VideoManagementNavigation.test.tsx(20,7): error TS2739: Type '{ id: string; title: string; description: string; videoUrl: string; thumbnailUrl: string; duration: number; creditCost: number; category: string; tags: string[]; viewCount: number; totalEarnings: number; createdAt: Date; updatedAt: Date; creatorId: string; isActive: true; }' is missing the following properties from type 'Video': coinPrice, aspectRatio
src/__tests__/components/creator/WithdrawalForm.test.tsx(1,18): error TS2305: Module '"@testing-library/react"' has no exported member 'screen'.
src/__tests__/components/creator/WithdrawalForm.test.tsx(1,26): error TS2305: Module '"@testing-library/react"' has no exported member 'fireEvent'.
src/__tests__/components/creator/WithdrawalForm.test.tsx(1,37): error TS2305: Module '"@testing-library/react"' has no exported member 'waitFor'.
src/__tests__/components/CreditConfirmationModal.test.tsx(3,18): error TS2305: Module '"@testing-library/react"' has no exported member 'screen'.
src/__tests__/components/CreditConfirmationModal.test.tsx(3,26): error TS2305: Module '"@testing-library/react"' has no exported member 'fireEvent'.
src/__tests__/components/CreditConfirmationModal.test.tsx(3,37): error TS2305: Module '"@testing-library/react"' has no exported member 'waitFor'.
src/__tests__/components/CreditConfirmationModal.test.tsx(36,2): error TS2322: Type 'null' is not assignable to type 'string | undefined'.
src/__tests__/components/CreditConfirmationModal.test.tsx(224,2): error TS2322: Type '{ creator: { displayName: undefined; id: string; username: string; avatar?: string; }; id: string; creatorId: string; title: string; description?: string; videoUrl: string; thumbnailUrl: string; ... 12 more ...; series?: Series; }' is not assignable to type 'Video'.
  The types of 'creator.displayName' are incompatible between these types.
    Type 'undefined' is not assignable to type 'string'.
src/__tests__/components/error-boundaries/ErrorBoundaries.test.tsx(2,18): error TS2305: Module '"@testing-library/react"' has no exported member 'screen'.
src/__tests__/components/error-boundaries/ErrorBoundaries.test.tsx(2,26): error TS2305: Module '"@testing-library/react"' has no exported member 'fireEvent'.
src/__tests__/components/error-boundaries/ErrorBoundaries.test.tsx(2,37): error TS2305: Module '"@testing-library/react"' has no exported member 'waitFor'.
src/__tests__/components/error-boundaries/ErrorBoundaries.test.tsx(162,14): error TS2540: Cannot assign to 'NODE_ENV' because it is a read-only property.
src/__tests__/components/error-boundaries/ErrorBoundaries.test.tsx(172,14): error TS2540: Cannot assign to 'NODE_ENV' because it is a read-only property.
src/__tests__/components/layout/HeaderNotificationIntegration.test.tsx(2,18): error TS2305: Module '"@testing-library/react"' has no exported member 'screen'.
src/__tests__/components/layout/HomePageController.test.tsx(2,18): error TS2305: Module '"@testing-library/react"' has no exported member 'screen'.
src/__tests__/components/layout/HomePageController.test.tsx(2,26): error TS2305: Module '"@testing-library/react"' has no exported member 'waitFor'.
src/__tests__/components/layout/MemberLayoutIntegration.test.tsx(2,18): error TS2305: Module '"@testing-library/react"' has no exported member 'screen'.
src/__tests__/components/layout/MemberLayoutRouting.test.tsx(2,18): error TS2305: Module '"@testing-library/react"' has no exported member 'screen'.
src/__tests__/components/layout/MemberLayoutRouting.test.tsx(2,26): error TS2305: Module '"@testing-library/react"' has no exported member 'waitFor'.
src/__tests__/components/layout/MemberLayoutRouting.test.tsx(96,2): error TS2322: Type '{ id: string; clerkId: string; email: string; username: string; role: string; createdAt: Date; updatedAt: Date; }' is not assignable to type 'null'.
src/__tests__/components/layout/MemberLayoutRouting.test.tsx(125,2): error TS2322: Type '{ id: string; clerkId: string; email: string; username: string; role: string; createdAt: Date; updatedAt: Date; }' is not assignable to type 'null'.
src/__tests__/components/layout/MemberLayoutRouting.test.tsx(154,2): error TS2322: Type '{ id: string; clerkId: string; email: string; username: string; role: string; createdAt: Date; updatedAt: Date; }' is not assignable to type 'null'.
src/__tests__/components/layout/MemberLayoutRouting.test.tsx(194,2): error TS2322: Type '{ id: string; clerkId: string; email: string; username: string; role: string; createdAt: Date; updatedAt: Date; }' is not assignable to type 'null'.
src/__tests__/components/layout/MemberLayoutRouting.test.tsx(228,2): error TS2322: Type '{ id: string; clerkId: string; email: string; username: string; role: string; createdAt: Date; updatedAt: Date; }' is not assignable to type 'null'.
src/__tests__/components/layout/MemberLayoutRouting.test.tsx(259,2): error TS2322: Type '{ id: string; clerkId: string; email: string; username: string; role: string; createdAt: Date; updatedAt: Date; }' is not assignable to type 'null'.
src/__tests__/components/layout/MemberLayoutRouting.test.tsx(288,2): error TS2322: Type '{ id: string; clerkId: string; email: string; username: string; role: string; createdAt: Date; updatedAt: Date; }' is not assignable to type 'null'.
src/__tests__/components/layout/MemberRoutingSimple.test.tsx(2,18): error TS2305: Module '"@testing-library/react"' has no exported member 'screen'.
src/__tests__/components/layout/MemberUserExperience.test.tsx(2,18): error TS2305: Module '"@testing-library/react"' has no exported member 'screen'.
src/__tests__/components/layout/OptimizedLoading.test.tsx(2,18): error TS2305: Module '"@testing-library/react"' has no exported member 'screen'.
src/__tests__/components/layout/OptimizedLoading.test.tsx(2,26): error TS2305: Module '"@testing-library/react"' has no exported member 'waitFor'.
src/__tests__/components/member/MemberAnalytics.test.tsx(2,18): error TS2305: Module '"@testing-library/react"' has no exported member 'screen'.
src/__tests__/components/member/MemberAnalytics.test.tsx(2,26): error TS2305: Module '"@testing-library/react"' has no exported member 'waitFor'.
src/__tests__/components/member/MemberAnalytics.test.tsx(2,35): error TS2305: Module '"@testing-library/react"' has no exported member 'fireEvent'.
src/__tests__/components/member/MemberPreferences.test.tsx(2,18): error TS2305: Module '"@testing-library/react"' has no exported member 'screen'.
src/__tests__/components/member/MemberPreferences.test.tsx(2,26): error TS2305: Module '"@testing-library/react"' has no exported member 'waitFor'.
src/__tests__/components/member/MemberPreferences.test.tsx(2,35): error TS2305: Module '"@testing-library/react"' has no exported member 'fireEvent'.
src/__tests__/components/member/VisitHistory.test.tsx(4,18): error TS2305: Module '"@testing-library/react"' has no exported member 'screen'.
src/__tests__/components/member/VisitHistory.test.tsx(4,26): error TS2305: Module '"@testing-library/react"' has no exported member 'fireEvent'.
src/__tests__/components/member/VisitHistory.test.tsx(4,37): error TS2305: Module '"@testing-library/react"' has no exported member 'waitFor'.
src/__tests__/components/membership/MembershipPlans.test.tsx(3,18): error TS2305: Module '"@testing-library/react"' has no exported member 'screen'.
src/__tests__/components/membership/MembershipPlans.test.tsx(3,26): error TS2305: Module '"@testing-library/react"' has no exported member 'fireEvent'.
src/__tests__/components/membership/MembershipPlans.test.tsx(3,37): error TS2305: Module '"@testing-library/react"' has no exported member 'waitFor'.
src/__tests__/components/membership/MembershipPlans.test.tsx(33,2): error TS2322: Type 'string' is not assignable to type 'Date'.
src/__tests__/components/membership/MembershipPlans.test.tsx(34,2): error TS2322: Type 'string' is not assignable to type 'Date'.
src/__tests__/components/membership/MembershipPlans.test.tsx(43,2): error TS2322: Type 'string' is not assignable to type 'Date'.
src/__tests__/components/membership/MembershipPlans.test.tsx(44,2): error TS2322: Type 'string' is not assignable to type 'Date'.
src/__tests__/components/membership/MembershipPlans.test.tsx(50,2): error TS2322: Type '{ id: string; role: "creator" | "member" | "admin"; clerkId: string; email: string; username: string; avatar: string | null; isActive: boolean; isSuspended: boolean; suspensionReason: string | null; ... 6 more ...; updatedAt: Date; } & { ...; }' is not assignable to type 'UserProfile | null'.
  Type '{ id: string; role: "creator" | "member" | "admin"; clerkId: string; email: string; username: string; avatar: string | null; isActive: boolean; isSuspended: boolean; suspensionReason: string | null; ... 6 more ...; updatedAt: Date; } & { ...; }' is not assignable to type 'UserProfile'.
    Types of property 'role' are incompatible.
      Type '"creator" | "member" | "admin"' is not assignable to type 'UserRole'.
        Type '"admin"' is not assignable to type 'UserRole'.
src/__tests__/components/membership/MembershipPlans.test.tsx(148,2): error TS2322: Type '{ memberProfile: { membershipStatus: "premium"; membershipExpiry: string; id: string; createdAt: Date; updatedAt: Date; userId: string; walletBalance: string; autoRenew: boolean; watchHistory: string[] | null; favoriteCreators: string[] | null; }; ... 15 more ...; updatedAt: Date; }' is not assignable to type 'UserProfile'.
  Types of property 'role' are incompatible.
    Type '"creator" | "member" | "admin"' is not assignable to type 'UserRole'.
      Type '"admin"' is not assignable to type 'UserRole'.
src/__tests__/components/membership/MembershipPlans.test.tsx(158,18): error TS7006: Parameter 'button' implicitly has an 'any' type.
src/__tests__/components/notifications/NotificationBell.display.test.tsx(2,18): error TS2305: Module '"@testing-library/react"' has no exported member 'screen'.
src/__tests__/components/notifications/NotificationBell.display.test.tsx(2,26): error TS2305: Module '"@testing-library/react"' has no exported member 'fireEvent'.
src/__tests__/components/notifications/NotificationBell.display.test.tsx(2,37): error TS2305: Module '"@testing-library/react"' has no exported member 'waitFor'.
src/__tests__/components/notifications/NotificationBell.test.tsx(2,18): error TS2305: Module '"@testing-library/react"' has no exported member 'screen'.
src/__tests__/components/notifications/NotificationBell.test.tsx(2,26): error TS2305: Module '"@testing-library/react"' has no exported member 'waitFor'.
src/__tests__/components/notifications/NotificationPreferences.test.tsx(2,18): error TS2305: Module '"@testing-library/react"' has no exported member 'screen'.
src/__tests__/components/notifications/NotificationPreferences.test.tsx(2,26): error TS2305: Module '"@testing-library/react"' has no exported member 'waitFor'.
src/__tests__/components/notifications/NotificationPreferences.test.tsx(204,33): error TS2322: Type '(value: unknown) => void' is not assignable to type '() => void'.
  Target signature provides too few arguments. Expected 1 or more, but got 0.
src/__tests__/components/search/SearchResults.test.tsx(2,18): error TS2305: Module '"@testing-library/react"' has no exported member 'screen'.
src/__tests__/components/search/SearchResults.test.tsx(2,26): error TS2305: Module '"@testing-library/react"' has no exported member 'fireEvent'.
src/__tests__/components/search/SearchResults.test.tsx(2,37): error TS2305: Module '"@testing-library/react"' has no exported member 'waitFor'.
src/__tests__/components/search/SearchResults.test.tsx(220,22): error TS7006: Parameter 'badge' implicitly has an 'any' type.
src/__tests__/components/wallet/TopUpInterface.test.tsx(3,18): error TS2305: Module '"@testing-library/react"' has no exported member 'screen'.
src/__tests__/components/wallet/TopUpInterface.test.tsx(3,26): error TS2305: Module '"@testing-library/react"' has no exported member 'fireEvent'.
src/__tests__/components/wallet/TopUpInterface.test.tsx(3,37): error TS2305: Module '"@testing-library/react"' has no exported member 'waitFor'.
src/__tests__/components/wallet/TopUpInterface.test.tsx(49,2): error TS2322: Type '{ id: string; clerkId: string; email: string; username: string; role: "member"; avatar: null; createdAt: Date; updatedAt: Date; memberProfile: { id: string; userId: string; walletBalance: string; ... 5 more ...; updatedAt: Date; }; }' is not assignable to type 'UserProfile'.
  Types of property 'avatar' are incompatible.
    Type 'null' is not assignable to type 'string | undefined'.
src/__tests__/components/wallet/TransactionHistory.test.tsx(3,18): error TS2305: Module '"@testing-library/react"' has no exported member 'screen'.
src/__tests__/components/wallet/TransactionHistory.test.tsx(3,26): error TS2305: Module '"@testing-library/react"' has no exported member 'fireEvent'.
src/__tests__/components/wallet/TransactionHistory.test.tsx(3,37): error TS2305: Module '"@testing-library/react"' has no exported member 'waitFor'.
src/__tests__/components/wallet/TransactionHistory.test.tsx(70,2): error TS2322: Type '{ id: string; clerkId: string; email: string; username: string; role: "member"; avatar: null; createdAt: Date; updatedAt: Date; memberProfile: { id: string; userId: string; walletBalance: string; ... 5 more ...; updatedAt: Date; }; }' is not assignable to type 'UserProfile'.
  Types of property 'avatar' are incompatible.
    Type 'null' is not assignable to type 'string | undefined'.
src/__tests__/components/wallet/WalletBalance.test.tsx(3,18): error TS2305: Module '"@testing-library/react"' has no exported member 'screen'.
src/__tests__/components/wallet/WalletBalance.test.tsx(3,26): error TS2305: Module '"@testing-library/react"' has no exported member 'fireEvent'.
src/__tests__/components/wallet/WalletBalance.test.tsx(3,37): error TS2305: Module '"@testing-library/react"' has no exported member 'waitFor'.
src/__tests__/components/wallet/WalletBalance.test.tsx(47,2): error TS2322: Type '{ id: string; clerkId: string; email: string; username: string; role: "member"; avatar: null; createdAt: Date; updatedAt: Date; memberProfile: { id: string; userId: string; walletBalance: string; ... 5 more ...; updatedAt: Date; }; }' is not assignable to type 'UserProfile'.
  Types of property 'avatar' are incompatible.
    Type 'null' is not assignable to type 'string | undefined'.
src/__tests__/components/wallet/WalletBalance.test.tsx(185,2): error TS2322: Type '{ role: "creator"; id: string; clerkId: string; email: string; username: string; avatar: null; createdAt: Date; updatedAt: Date; memberProfile: { id: string; userId: string; walletBalance: string; ... 5 more ...; updatedAt: Date; }; }' is not assignable to type 'UserProfile'.
  Types of property 'avatar' are incompatible.
    Type 'null' is not assignable to type 'string | undefined'.
src/__tests__/components/WalletBalance.test.tsx(3,18): error TS2305: Module '"@testing-library/react"' has no exported member 'screen'.
src/__tests__/components/WalletBalance.test.tsx(3,26): error TS2305: Module '"@testing-library/react"' has no exported member 'fireEvent'.
src/__tests__/components/WalletBalance.test.tsx(3,37): error TS2305: Module '"@testing-library/react"' has no exported member 'waitFor'.
src/__tests__/components/WalletBalance.test.tsx(45,2): error TS2322: Type '{ role: "creator"; id: string; clerkId: string; email: string; username: string; avatar: null; createdAt: Date; updatedAt: Date; }' is not assignable to type 'UserProfile'.
  Types of property 'avatar' are incompatible.
    Type 'null' is not assignable to type 'string | undefined'.
src/__tests__/components/WalletBalance.test.tsx(85,2): error TS2322: Type '{ id: string; clerkId: string; email: string; username: string; role: "member"; avatar: null; createdAt: Date; updatedAt: Date; }' is not assignable to type 'UserProfile'.
  Types of property 'avatar' are incompatible.
    Type 'null' is not assignable to type 'string | undefined'.
src/__tests__/components/WalletBalance.test.tsx(108,2): error TS2322: Type '{ id: string; clerkId: string; email: string; username: string; role: "member"; avatar: null; createdAt: Date; updatedAt: Date; }' is not assignable to type 'UserProfile'.
  Types of property 'avatar' are incompatible.
    Type 'null' is not assignable to type 'string | undefined'.
src/__tests__/components/WalletBalance.test.tsx(145,2): error TS2322: Type '{ id: string; clerkId: string; email: string; username: string; role: "member"; avatar: null; createdAt: Date; updatedAt: Date; }' is not assignable to type 'UserProfile'.
  Types of property 'avatar' are incompatible.
    Type 'null' is not assignable to type 'string | undefined'.
src/__tests__/components/WalletBalance.test.tsx(173,2): error TS2322: Type '{ id: string; clerkId: string; email: string; username: string; role: "member"; avatar: null; createdAt: Date; updatedAt: Date; }' is not assignable to type 'UserProfile'.
  Types of property 'avatar' are incompatible.
    Type 'null' is not assignable to type 'string | undefined'.
src/__tests__/components/WalletBalance.test.tsx(207,2): error TS2322: Type '{ id: string; clerkId: string; email: string; username: string; role: "member"; avatar: null; createdAt: Date; updatedAt: Date; }' is not assignable to type 'UserProfile'.
  Types of property 'avatar' are incompatible.
    Type 'null' is not assignable to type 'string | undefined'.
src/__tests__/components/WalletBalance.test.tsx(243,2): error TS2322: Type '{ id: string; clerkId: string; email: string; username: string; role: "member"; avatar: null; createdAt: Date; updatedAt: Date; }' is not assignable to type 'UserProfile'.
  Types of property 'avatar' are incompatible.
    Type 'null' is not assignable to type 'string | undefined'.
src/__tests__/components/WalletBalance.test.tsx(280,2): error TS2322: Type '{ id: string; clerkId: string; email: string; username: string; role: "member"; avatar: null; createdAt: Date; updatedAt: Date; }' is not assignable to type 'UserProfile'.
  Types of property 'avatar' are incompatible.
    Type 'null' is not assignable to type 'string | undefined'.
src/__tests__/components/WalletBalance.test.tsx(317,2): error TS2322: Type '{ id: string; clerkId: string; email: string; username: string; role: "member"; avatar: null; createdAt: Date; updatedAt: Date; }' is not assignable to type 'UserProfile'.
  Types of property 'avatar' are incompatible.
    Type 'null' is not assignable to type 'string | undefined'.
src/__tests__/components/WalletBalance.test.tsx(358,2): error TS2322: Type '{ id: string; clerkId: string; email: string; username: string; role: "member"; avatar: null; createdAt: Date; updatedAt: Date; }' is not assignable to type 'UserProfile'.
  Types of property 'avatar' are incompatible.
    Type 'null' is not assignable to type 'string | undefined'.
src/__tests__/components/WalletBalance.test.tsx(394,2): error TS2322: Type '{ id: string; clerkId: string; email: string; username: string; role: "member"; avatar: null; createdAt: Date; updatedAt: Date; }' is not assignable to type 'UserProfile'.
  Types of property 'avatar' are incompatible.
    Type 'null' is not assignable to type 'string | undefined'.
src/__tests__/contexts/LayoutContext.persistence.test.tsx(4,23): error TS2305: Module '"@testing-library/react"' has no exported member 'waitFor'.
src/__tests__/contexts/LayoutContext.test.tsx(4,18): error TS2305: Module '"@testing-library/react"' has no exported member 'screen'.
src/__tests__/contexts/LayoutContext.test.tsx(4,31): error TS2305: Module '"@testing-library/react"' has no exported member 'waitFor'.
src/__tests__/contexts/LayoutContext.test.tsx(583,54): error TS7006: Parameter 'listener' implicitly has an 'any' type.
src/__tests__/contexts/LayoutContext.test.tsx(616,54): error TS7006: Parameter 'listener' implicitly has an 'any' type.
src/__tests__/contexts/NotificationContext.test.tsx(2,18): error TS2305: Module '"@testing-library/react"' has no exported member 'screen'.
src/__tests__/contexts/NotificationContext.test.tsx(2,26): error TS2305: Module '"@testing-library/react"' has no exported member 'waitFor'.
src/__tests__/contexts/SignupFlowContext.test.tsx(2,18): error TS2305: Module '"@testing-library/react"' has no exported member 'screen'.
src/__tests__/contexts/SignupFlowContext.test.tsx(10,8): error TS2307: Cannot find module '@/contexts/SignupFlowContext' or its corresponding type declarations.
src/__tests__/contexts/UserPreferencesContext.test.tsx(2,18): error TS2305: Module '"@testing-library/react"' has no exported member 'screen'.
src/__tests__/contexts/UserPreferencesContext.test.tsx(2,26): error TS2305: Module '"@testing-library/react"' has no exported member 'waitFor'.
src/__tests__/database/repositories/transactions.test.ts(35,45): error TS2345: Argument of type '{ creatorId: string; title: string; videoUrl: string; thumbnailUrl: string; duration: number; creditCost: string; category: string; }' is not assignable to parameter of type '{ title: string; duration: number; creatorId: string; thumbnailUrl: string; coinPrice: number; category: string; videoUrl: string; creditCost: string; aspectRatio?: "16:9" | "1:1" | "9:16" | "2:3" | "3:2" | "4:5" | "5:4" | undefined; ... 12 more ...; seriesId?: string | ... 1 more ... | undefined; }'.
  Property 'coinPrice' is missing in type '{ creatorId: string; title: string; videoUrl: string; thumbnailUrl: string; duration: number; creditCost: string; category: string; }' but required in type '{ title: string; duration: number; creatorId: string; thumbnailUrl: string; coinPrice: number; category: string; videoUrl: string; creditCost: string; aspectRatio?: "16:9" | "1:1" | "9:16" | "2:3" | "3:2" | "4:5" | "5:4" | undefined; ... 12 more ...; seriesId?: string | ... 1 more ... | undefined; }'.
src/__tests__/database/repositories/transactions.test.ts(184,50): error TS2551: Property 'createCreditPurchase' does not exist on type 'TransactionRepository'. Did you mean 'createCoinPurchase'?
src/__tests__/database/repositories/videos.test.ts(46,45): error TS2345: Argument of type '{ creatorId: string; title: string; description: string; videoUrl: string; thumbnailUrl: string; duration: number; creditCost: string; category: string; tags: string[]; }' is not assignable to parameter of type '{ title: string; duration: number; creatorId: string; thumbnailUrl: string; coinPrice: number; category: string; videoUrl: string; creditCost: string; aspectRatio?: "16:9" | "1:1" | "9:16" | "2:3" | "3:2" | "4:5" | "5:4" | undefined; ... 12 more ...; seriesId?: string | ... 1 more ... | undefined; }'.
  Property 'coinPrice' is missing in type '{ creatorId: string; title: string; description: string; videoUrl: string; thumbnailUrl: string; duration: number; creditCost: string; category: string; tags: string[]; }' but required in type '{ title: string; duration: number; creatorId: string; thumbnailUrl: string; coinPrice: number; category: string; videoUrl: string; creditCost: string; aspectRatio?: "16:9" | "1:1" | "9:16" | "2:3" | "3:2" | "4:5" | "5:4" | undefined; ... 12 more ...; seriesId?: string | ... 1 more ... | undefined; }'.
src/__tests__/database/repositories/videos.test.ts(177,31): error TS2345: Argument of type '{ creatorId: string; title: string; videoUrl: string; thumbnailUrl: string; duration: number; creditCost: string; category: string; viewCount: number; totalEarnings: string; }' is not assignable to parameter of type '{ title: string; duration: number; creatorId: string; thumbnailUrl: string; coinPrice: number; category: string; videoUrl: string; creditCost: string; aspectRatio?: "16:9" | "1:1" | "9:16" | "2:3" | "3:2" | "4:5" | "5:4" | undefined; ... 12 more ...; seriesId?: string | ... 1 more ... | undefined; }'.
  Property 'coinPrice' is missing in type '{ creatorId: string; title: string; videoUrl: string; thumbnailUrl: string; duration: number; creditCost: string; category: string; viewCount: number; totalEarnings: string; }' but required in type '{ title: string; duration: number; creatorId: string; thumbnailUrl: string; coinPrice: number; category: string; videoUrl: string; creditCost: string; aspectRatio?: "16:9" | "1:1" | "9:16" | "2:3" | "3:2" | "4:5" | "5:4" | undefined; ... 12 more ...; seriesId?: string | ... 1 more ... | undefined; }'.
src/__tests__/hooks/useApiCache.test.tsx(3,27): error TS2305: Module '"@testing-library/react"' has no exported member 'waitFor'.
src/__tests__/hooks/useApiCache.test.tsx(230,25): error TS7006: Parameter 'current' implicitly has an 'any' type.
src/__tests__/hooks/useApiCache.test.tsx(393,19): error TS2304: Cannot find name 'useCreatorAnalytics'.
src/__tests__/hooks/useApiCache.test.tsx(409,19): error TS2304: Cannot find name 'useCreatorAnalytics'.
src/__tests__/hooks/useApiCache.test.tsx(427,19): error TS2304: Cannot find name 'useCreatorDashboard'.
src/__tests__/hooks/useLayoutContext.test.tsx(4,18): error TS2305: Module '"@testing-library/react"' has no exported member 'screen'.
src/__tests__/hooks/useMembershipAccess.test.ts(3,22): error TS2305: Module '"@testing-library/react"' has no exported member 'waitFor'.
src/__tests__/hooks/useMembershipAccess.test.ts(24,2): error TS2322: Type 'string' is not assignable to type 'Date'.
src/__tests__/hooks/useMembershipAccess.test.ts(25,2): error TS2322: Type 'string' is not assignable to type 'Date'.
src/__tests__/hooks/useMembershipAccess.test.ts(34,2): error TS2322: Type 'string' is not assignable to type 'Date'.
src/__tests__/hooks/useMembershipAccess.test.ts(35,2): error TS2322: Type 'string' is not assignable to type 'Date'.
src/__tests__/hooks/useMembershipAccess.test.ts(48,2): error TS2353: Object literal may only specify known properties, and 'refreshUserProfile' does not exist in type 'AuthContextType'.
src/__tests__/hooks/useMembershipAccess.test.ts(62,2): error TS2322: Type '{ role: "creator"; id: string; clerkId: string; email: string; username: string; avatar: string | null; isActive: boolean; isSuspended: boolean; suspensionReason: string | null; suspendedAt: Date | null; ... 6 more ...; memberProfile: MemberProfile; }' is not assignable to type 'UserProfile'.
  Types of property 'avatar' are incompatible.
    Type 'string | null' is not assignable to type 'string | undefined'.
      Type 'null' is not assignable to type 'string | undefined'.
src/__tests__/hooks/useMembershipAccess.test.ts(87,2): error TS2322: Type '{ id: string; role: "creator" | "member" | "admin"; clerkId: string; email: string; username: string; avatar: string | null; isActive: boolean; isSuspended: boolean; suspensionReason: string | null; ... 6 more ...; updatedAt: Date; } & { ...; }' is not assignable to type 'UserProfile | null'.
  Type '{ id: string; role: "creator" | "member" | "admin"; clerkId: string; email: string; username: string; avatar: string | null; isActive: boolean; isSuspended: boolean; suspensionReason: string | null; ... 6 more ...; updatedAt: Date; } & { ...; }' is not assignable to type 'UserProfile'.
    Types of property 'role' are incompatible.
      Type '"creator" | "member" | "admin"' is not assignable to type 'UserRole'.
        Type '"admin"' is not assignable to type 'UserRole'.
src/__tests__/hooks/useMembershipAccess.test.ts(117,2): error TS2322: Type '{ id: string; role: "creator" | "member" | "admin"; clerkId: string; email: string; username: string; avatar: string | null; isActive: boolean; isSuspended: boolean; suspensionReason: string | null; ... 6 more ...; updatedAt: Date; } & { ...; }' is not assignable to type 'UserProfile | null'.
  Type '{ id: string; role: "creator" | "member" | "admin"; clerkId: string; email: string; username: string; avatar: string | null; isActive: boolean; isSuspended: boolean; suspensionReason: string | null; ... 6 more ...; updatedAt: Date; } & { ...; }' is not assignable to type 'UserProfile'.
    Types of property 'role' are incompatible.
      Type '"creator" | "member" | "admin"' is not assignable to type 'UserRole'.
        Type '"admin"' is not assignable to type 'UserRole'.
src/__tests__/hooks/useMembershipAccess.test.ts(146,2): error TS2322: Type '{ id: string; role: "creator" | "member" | "admin"; clerkId: string; email: string; username: string; avatar: string | null; isActive: boolean; isSuspended: boolean; suspensionReason: string | null; ... 6 more ...; updatedAt: Date; } & { ...; }' is not assignable to type 'UserProfile | null'.
  Type '{ id: string; role: "creator" | "member" | "admin"; clerkId: string; email: string; username: string; avatar: string | null; isActive: boolean; isSuspended: boolean; suspensionReason: string | null; ... 6 more ...; updatedAt: Date; } & { ...; }' is not assignable to type 'UserProfile'.
    Types of property 'role' are incompatible.
      Type '"creator" | "member" | "admin"' is not assignable to type 'UserRole'.
        Type '"admin"' is not assignable to type 'UserRole'.
src/__tests__/hooks/useMembershipAccess.test.ts(168,2): error TS2322: Type '{ id: string; role: "creator" | "member" | "admin"; clerkId: string; email: string; username: string; avatar: string | null; isActive: boolean; isSuspended: boolean; suspensionReason: string | null; ... 6 more ...; updatedAt: Date; } & { ...; }' is not assignable to type 'UserProfile | null'.
  Type '{ id: string; role: "creator" | "member" | "admin"; clerkId: string; email: string; username: string; avatar: string | null; isActive: boolean; isSuspended: boolean; suspensionReason: string | null; ... 6 more ...; updatedAt: Date; } & { ...; }' is not assignable to type 'UserProfile'.
    Types of property 'role' are incompatible.
      Type '"creator" | "member" | "admin"' is not assignable to type 'UserRole'.
        Type '"admin"' is not assignable to type 'UserRole'.
src/__tests__/hooks/useMembershipAccess.test.ts(188,2): error TS2322: Type '{ id: string; role: "creator" | "member" | "admin"; clerkId: string; email: string; username: string; avatar: string | null; isActive: boolean; isSuspended: boolean; suspensionReason: string | null; ... 6 more ...; updatedAt: Date; } & { ...; }' is not assignable to type 'UserProfile | null'.
  Type '{ id: string; role: "creator" | "member" | "admin"; clerkId: string; email: string; username: string; avatar: string | null; isActive: boolean; isSuspended: boolean; suspensionReason: string | null; ... 6 more ...; updatedAt: Date; } & { ...; }' is not assignable to type 'UserProfile'.
    Types of property 'role' are incompatible.
      Type '"creator" | "member" | "admin"' is not assignable to type 'UserRole'.
        Type '"admin"' is not assignable to type 'UserRole'.
src/__tests__/hooks/useMembershipAccess.test.ts(225,2): error TS2322: Type 'string' is not assignable to type 'Date'.
src/__tests__/hooks/useMembershipAccess.test.ts(226,2): error TS2322: Type 'string' is not assignable to type 'Date'.
src/__tests__/hooks/useMembershipAccess.test.ts(232,2): error TS2322: Type 'string' is not assignable to type 'Date'.
src/__tests__/hooks/useMembershipAccess.test.ts(235,2): error TS2322: Type 'string' is not assignable to type 'Date'.
src/__tests__/hooks/useMembershipAccess.test.ts(236,2): error TS2322: Type 'string' is not assignable to type 'Date'.
src/__tests__/hooks/useMembershipAccess.test.ts(246,2): error TS2322: Type '{ id: string; role: "creator" | "member" | "admin"; clerkId: string; email: string; username: string; avatar: string | null; isActive: boolean; isSuspended: boolean; suspensionReason: string | null; ... 6 more ...; updatedAt: Date; } & { ...; }' is not assignable to type 'UserProfile | null'.
  Type '{ id: string; role: "creator" | "member" | "admin"; clerkId: string; email: string; username: string; avatar: string | null; isActive: boolean; isSuspended: boolean; suspensionReason: string | null; ... 6 more ...; updatedAt: Date; } & { ...; }' is not assignable to type 'UserProfile'.
    Types of property 'role' are incompatible.
      Type '"creator" | "member" | "admin"' is not assignable to type 'UserRole'.
        Type '"admin"' is not assignable to type 'UserRole'.
src/__tests__/hooks/useMembershipAccess.test.ts(278,2): error TS2322: Type '{ memberProfile: { membershipStatus: "free"; membershipExpiry: null; id: string; createdAt: Date; updatedAt: Date; userId: string; walletBalance: string; autoRenew: boolean; watchHistory: string[] | null; favoriteCreators: string[] | null; }; ... 15 more ...; updatedAt: Date; }' is not assignable to type 'UserProfile'.
  Types of property 'role' are incompatible.
    Type '"creator" | "member" | "admin"' is not assignable to type 'UserRole'.
      Type '"admin"' is not assignable to type 'UserRole'.
src/__tests__/hooks/useMembershipAccess.test.ts(300,2): error TS2322: Type '{ id: string; role: "creator" | "member" | "admin"; clerkId: string; email: string; username: string; avatar: string | null; isActive: boolean; isSuspended: boolean; suspensionReason: string | null; ... 6 more ...; updatedAt: Date; } & { ...; }' is not assignable to type 'UserProfile | null'.
  Type '{ id: string; role: "creator" | "member" | "admin"; clerkId: string; email: string; username: string; avatar: string | null; isActive: boolean; isSuspended: boolean; suspensionReason: string | null; ... 6 more ...; updatedAt: Date; } & { ...; }' is not assignable to type 'UserProfile'.
    Types of property 'role' are incompatible.
      Type '"creator" | "member" | "admin"' is not assignable to type 'UserRole'.
        Type '"admin"' is not assignable to type 'UserRole'.
src/__tests__/hooks/useMembershipAccess.test.ts(323,2): error TS2353: Object literal may only specify known properties, and 'refreshUserProfile' does not exist in type 'AuthContextType'.
src/__tests__/hooks/useSearch.test.ts(1,27): error TS2305: Module '"@testing-library/react"' has no exported member 'waitFor'.
src/__tests__/hooks/useSignupFlow.test.ts(1,27): error TS2305: Module '"@testing-library/react"' has no exported member 'waitFor'.
src/__tests__/hooks/useSignupFlow.test.ts(3,31): error TS2307: Cannot find module '@/hooks/useSignupFlow' or its corresponding type declarations.
src/__tests__/hooks/useSignupFlow.test.ts(4,36): error TS2307: Cannot find module '@/contexts/SignupFlowContext' or its corresponding type declarations.
src/__tests__/hooks/useWalletBalance.test.ts(3,27): error TS2305: Module '"@testing-library/react"' has no exported member 'waitFor'.
src/__tests__/hooks/useWalletBalance.test.ts(46,2): error TS2322: Type '{ id: string; clerkId: string; email: string; username: string; role: "member"; avatar: null; createdAt: Date; updatedAt: Date; memberProfile: { id: string; userId: string; walletBalance: string; ... 5 more ...; updatedAt: Date; }; }' is not assignable to type 'UserProfile'.
  Types of property 'avatar' are incompatible.
    Type 'null' is not assignable to type 'string | undefined'.
src/__tests__/hooks/useWalletBalance.test.ts(133,2): error TS2353: Object literal may only specify known properties, and 'refreshProfile' does not exist in type 'AuthContextType'.
src/__tests__/integration/LandingPage.integration.test.tsx(2,18): error TS2305: Module '"@testing-library/react"' has no exported member 'screen'.
src/__tests__/integration/LandingPage.integration.test.tsx(2,26): error TS2305: Module '"@testing-library/react"' has no exported member 'fireEvent'.
src/__tests__/integration/LandingPage.integration.test.tsx(2,37): error TS2305: Module '"@testing-library/react"' has no exported member 'waitFor'.
src/__tests__/integration/LandingPage.integration.test.tsx(125,24): error TS7006: Parameter 'cta' implicitly has an 'any' type.
src/__tests__/integration/LandingPage.integration.test.tsx(156,24): error TS7006: Parameter 'link' implicitly has an 'any' type.
src/__tests__/integration/LandingPage.integration.test.tsx(266,18): error TS7006: Parameter 'button' implicitly has an 'any' type.
src/__tests__/integration/LandingPageAccessControl.integration.test.tsx(2,18): error TS2305: Module '"@testing-library/react"' has no exported member 'screen'.
src/__tests__/integration/LandingPageAccessControl.integration.test.tsx(2,26): error TS2305: Module '"@testing-library/react"' has no exported member 'waitFor'.
src/__tests__/integration/LoadingOptimization.integration.test.tsx(2,18): error TS2305: Module '"@testing-library/react"' has no exported member 'screen'.
src/__tests__/integration/LoadingOptimization.integration.test.tsx(2,26): error TS2305: Module '"@testing-library/react"' has no exported member 'waitFor'.
src/__tests__/integration/MemberHeaderSearch.integration.test.tsx(2,18): error TS2305: Module '"@testing-library/react"' has no exported member 'screen'.
src/__tests__/integration/MemberHeaderSearch.integration.test.tsx(2,26): error TS2305: Module '"@testing-library/react"' has no exported member 'fireEvent'.
src/__tests__/integration/MemberHeaderSearch.integration.test.tsx(2,37): error TS2305: Module '"@testing-library/react"' has no exported member 'waitFor'.
src/__tests__/integration/MemberNavigation.integration.test.tsx(2,18): error TS2305: Module '"@testing-library/react"' has no exported member 'screen'.
src/__tests__/integration/MemberNavigation.integration.test.tsx(2,26): error TS2305: Module '"@testing-library/react"' has no exported member 'fireEvent'.
src/__tests__/integration/MemberNavigation.integration.test.tsx(2,37): error TS2305: Module '"@testing-library/react"' has no exported member 'waitFor'.
src/__tests__/integration/razorpay-integration.test.ts(3,26): error TS2724: '"@/lib/razorpay/config"' has no exported member named 'razorpayClientConfig'. Did you mean 'razorpayConfig'?
src/__tests__/integration/ResponsiveSignupFlow.integration.test.tsx(2,18): error TS2305: Module '"@testing-library/react"' has no exported member 'screen'.
src/__tests__/integration/ResponsiveSignupFlow.integration.test.tsx(2,26): error TS2305: Module '"@testing-library/react"' has no exported member 'fireEvent'.
src/__tests__/integration/ResponsiveSignupFlow.integration.test.tsx(2,37): error TS2305: Module '"@testing-library/react"' has no exported member 'waitFor'.
src/__tests__/integration/ResponsiveSignupFlow.integration.test.tsx(4,36): error TS2307: Cannot find module '@/contexts/SignupFlowContext' or its corresponding type declarations.
src/__tests__/integration/ResponsiveSignupFlow.integration.test.tsx(5,36): error TS2307: Cannot find module '@/components/auth/ResponsiveSignupLoader' or its corresponding type declarations.
src/__tests__/integration/ResponsiveSignupFlow.integration.test.tsx(6,31): error TS2307: Cannot find module '@/hooks/useSignupFlow' or its corresponding type declarations.
src/__tests__/integration/SidebarVisibility.integration.test.tsx(4,18): error TS2305: Module '"@testing-library/react"' has no exported member 'screen'.
src/__tests__/integration/SidebarVisibility.integration.test.tsx(4,26): error TS2305: Module '"@testing-library/react"' has no exported member 'fireEvent'.
src/__tests__/integration/SidebarVisibility.integration.test.tsx(4,37): error TS2305: Module '"@testing-library/react"' has no exported member 'waitFor'.
src/__tests__/integration/SidebarVisibility.integration.test.tsx(189,2): error TS2322: Type '"creator"' is not assignable to type '"member"'.
src/__tests__/integration/UserPreferencesIntegration.test.tsx(2,18): error TS2305: Module '"@testing-library/react"' has no exported member 'screen'.
src/__tests__/integration/UserPreferencesIntegration.test.tsx(2,26): error TS2305: Module '"@testing-library/react"' has no exported member 'waitFor'.
src/__tests__/integration/UserPreferencesIntegration.test.tsx(2,35): error TS2305: Module '"@testing-library/react"' has no exported member 'fireEvent'.
src/__tests__/layout/CreatorLayout.integration.test.tsx(4,18): error TS2305: Module '"@testing-library/react"' has no exported member 'screen'.
src/__tests__/layout/CreatorLayout.integration.test.tsx(4,26): error TS2305: Module '"@testing-library/react"' has no exported member 'waitFor'.
src/__tests__/layout/CreatorLayout.integration.test.tsx(595,54): error TS7006: Parameter 'listener' implicitly has an 'any' type.
src/__tests__/layout/LayoutErrorHandling.test.tsx(4,18): error TS2305: Module '"@testing-library/react"' has no exported member 'screen'.
src/__tests__/layout/LayoutErrorHandling.test.tsx(4,26): error TS2305: Module '"@testing-library/react"' has no exported member 'waitFor'.
src/__tests__/layout/LayoutErrorHandling.test.tsx(429,54): error TS7006: Parameter 'listener' implicitly has an 'any' type.
src/__tests__/layout/LayoutErrorHandling.test.tsx(476,54): error TS7006: Parameter 'listener' implicitly has an 'any' type.
src/__tests__/layout/LayoutPersistence.test.ts(141,44): error TS2345: Argument of type '{ activeRoute: string; breadcrumbs: { label: string; href: string; active: boolean; }[]; sidebarOpen: boolean; mobileMenuOpen: boolean; }' is not assignable to parameter of type 'NavigationState'.
  Property 'sidebarVisible' is missing in type '{ activeRoute: string; breadcrumbs: { label: string; href: string; active: boolean; }[]; sidebarOpen: boolean; mobileMenuOpen: boolean; }' but required in type 'NavigationState'.
src/__tests__/layout/MemberLayout.integration.test.tsx(4,18): error TS2305: Module '"@testing-library/react"' has no exported member 'screen'.
src/__tests__/layout/MemberLayout.integration.test.tsx(4,26): error TS2305: Module '"@testing-library/react"' has no exported member 'fireEvent'.
src/__tests__/layout/MemberLayout.integration.test.tsx(4,37): error TS2305: Module '"@testing-library/react"' has no exported member 'waitFor'.
src/__tests__/lib/background-refresh.test.ts(44,11): error TS2540: Cannot assign to 'hidden' because it is a read-only property.
src/__tests__/lib/background-refresh.test.ts(45,12): error TS2540: Cannot assign to 'onLine' because it is a read-only property.
src/__tests__/lib/background-refresh.test.ts(130,11): error TS2540: Cannot assign to 'hidden' because it is a read-only property.
src/__tests__/lib/background-refresh.test.ts(194,12): error TS2540: Cannot assign to 'onLine' because it is a read-only property.
src/__tests__/lib/background-refresh.test.ts(323,11): error TS2540: Cannot assign to 'hidden' because it is a read-only property.
src/__tests__/lib/background-refresh.test.ts(336,12): error TS2540: Cannot assign to 'onLine' because it is a read-only property.
src/__tests__/lib/background-refresh.test.ts(339,12): error TS2540: Cannot assign to 'onLine' because it is a read-only property.
src/__tests__/pages/notifications/NotificationsPage.display.test.tsx(2,18): error TS2305: Module '"@testing-library/react"' has no exported member 'screen'.
src/__tests__/pages/notifications/NotificationsPage.display.test.tsx(2,26): error TS2305: Module '"@testing-library/react"' has no exported member 'fireEvent'.
src/__tests__/pages/notifications/NotificationsPage.display.test.tsx(2,37): error TS2305: Module '"@testing-library/react"' has no exported member 'waitFor'.
src/__tests__/performance/LandingPage.performance.test.tsx(2,18): error TS2305: Module '"@testing-library/react"' has no exported member 'screen'.
src/__tests__/performance/LandingPage.performance.test.tsx(2,26): error TS2305: Module '"@testing-library/react"' has no exported member 'waitFor'.
src/__tests__/performance/LandingPage.performance.test.tsx(14,1): error TS2741: Property 'supportedEntryTypes' is missing in type 'Mock<any, any, any>' but required in type '{ new (callback: PerformanceObserverCallback): PerformanceObserver; prototype: PerformanceObserver; readonly supportedEntryTypes: readonly string[]; }'.
src/__tests__/performance/LoadingOptimization.test.tsx(1,18): error TS2305: Module '"@testing-library/react"' has no exported member 'screen'.
src/__tests__/performance/LoadingPerformance.test.tsx(2,18): error TS2305: Module '"@testing-library/react"' has no exported member 'screen'.
src/__tests__/performance/LoadingPerformance.test.tsx(2,26): error TS2305: Module '"@testing-library/react"' has no exported member 'waitFor'.
src/__tests__/services/adminService.test.ts(36,37): error TS2345: Argument of type '{ count: number; }[]' is not assignable to parameter of type 'never'.
src/__tests__/services/adminService.test.ts(65,69): error TS18046: 'callback' is of type 'unknown'.
src/__tests__/services/adminService.test.ts(68,37): error TS2345: Argument of type '{}' is not assignable to parameter of type 'never'.
src/__tests__/services/adminService.test.ts(72,38): error TS2345: Argument of type '{}' is not assignable to parameter of type 'never'.
src/__tests__/services/adminService.test.ts(114,38): error TS2345: Argument of type '{ id: string; username: string; email: string; role: string; isActive: boolean; isSuspended: boolean; createdAt: string; }[]' is not assignable to parameter of type 'never'.
src/__tests__/services/adminService.test.ts(132,69): error TS18046: 'callback' is of type 'unknown'.
src/__tests__/services/adminService.test.ts(135,37): error TS2345: Argument of type '{}' is not assignable to parameter of type 'never'.
src/__tests__/services/adminService.test.ts(139,38): error TS2345: Argument of type '{}' is not assignable to parameter of type 'never'.
src/__tests__/services/adminService.test.ts(159,69): error TS18046: 'callback' is of type 'unknown'.
src/__tests__/services/adminService.test.ts(162,37): error TS2345: Argument of type '{}' is not assignable to parameter of type 'never'.
src/__tests__/services/adminService.test.ts(166,38): error TS2345: Argument of type '{}' is not assignable to parameter of type 'never'.
src/__tests__/services/contentModerationService.test.ts(22,37): error TS2345: Argument of type 'never[]' is not assignable to parameter of type 'never'.
src/__tests__/services/contentModerationService.test.ts(37,37): error TS2345: Argument of type 'never[]' is not assignable to parameter of type 'never'.
src/__tests__/services/contentModerationService.test.ts(64,37): error TS2345: Argument of type '{ id: string; type: string; pattern: string; severity: string; action: string; isActive: boolean; }[]' is not assignable to parameter of type 'never'.
src/__tests__/services/contentModerationService.test.ts(91,37): error TS2345: Argument of type '{ id: string; type: string; pattern: string; severity: string; action: string; isActive: boolean; }[]' is not assignable to parameter of type 'never'.
src/__tests__/services/contentModerationService.test.ts(117,37): error TS2345: Argument of type '{ id: string; type: string; pattern: string; severity: string; action: string; isActive: boolean; }[]' is not assignable to parameter of type 'never'.
src/__tests__/services/contentModerationService.test.ts(156,37): error TS2345: Argument of type '{ id: string; title: string; description: string; creatorId: string; }[]' is not assignable to parameter of type 'never'.
src/__tests__/services/contentModerationService.test.ts(163,37): error TS2345: Argument of type 'never[]' is not assignable to parameter of type 'never'.
src/__tests__/services/contentModerationService.test.ts(169,37): error TS2345: Argument of type '{}' is not assignable to parameter of type 'never'.
src/__tests__/services/contentModerationService.test.ts(184,37): error TS2345: Argument of type 'never[]' is not assignable to parameter of type 'never'.
src/__tests__/services/contentModerationService.test.ts(202,37): error TS2345: Argument of type '{ id: string; title: string; description: string; }[]' is not assignable to parameter of type 'never'.
src/__tests__/services/contentModerationService.test.ts(210,37): error TS2345: Argument of type 'never[]' is not assignable to parameter of type 'never'.
src/__tests__/services/contentModerationService.test.ts(216,37): error TS2345: Argument of type '{ id: string; title: string; description: string; }[]' is not assignable to parameter of type 'never'.
src/__tests__/services/contentModerationService.test.ts(224,37): error TS2345: Argument of type 'never[]' is not assignable to parameter of type 'never'.
src/__tests__/services/contentModerationService.test.ts(241,37): error TS2345: Argument of type '{ id: string; }[]' is not assignable to parameter of type 'never'.
src/__tests__/services/creditService.test.ts(131,49): error TS2345: Argument of type '{ id: string; creatorId: string; title: string; description: string; videoUrl: string; thumbnailUrl: string; duration: number; creditCost: string; category: string; tags: string[]; viewCount: number; ... 4 more ...; creator: { ...; }; }' is not assignable to parameter of type 'VideoWithCreator | Promise<VideoWithCreator | null> | null'.
  Type '{ id: string; creatorId: string; title: string; description: string; videoUrl: string; thumbnailUrl: string; duration: number; creditCost: string; category: string; tags: string[]; viewCount: number; ... 4 more ...; creator: { ...; }; }' is missing the following properties from type 'VideoWithCreator': aspectRatio, coinPrice, moderationStatus, moderationReason, and 3 more.
src/__tests__/services/creditService.test.ts(135,62): error TS2345: Argument of type '{ id: string; userId: string; type: "video_view"; amount: string; videoId: string; creatorId: string; status: "completed"; createdAt: Date; updatedAt: Date; }' is not assignable to parameter of type '{ type: "credit_purchase" | "video_view" | "creator_earning" | "membership_activation" | "membership_upgrade" | "membership_renewal" | "membership_cancellation" | "series_purchase"; ... 11 more ...; metadata: unknown; } | Promise<...>'.
  Type '{ id: string; userId: string; type: "video_view"; amount: string; videoId: string; creatorId: string; status: "completed"; createdAt: Date; updatedAt: Date; }' is missing the following properties from type '{ type: "credit_purchase" | "video_view" | "creator_earning" | "membership_activation" | "membership_upgrade" | "membership_renewal" | "membership_cancellation" | "series_purchase"; ... 11 more ...; metadata: unknown; }': seriesId, razorpayPaymentId, razorpayOrderId, metadata
src/__tests__/services/creditService.test.ts(136,67): error TS2345: Argument of type '{ id: string; type: "creator_earning"; userId: string; amount: string; videoId: string; creatorId: string; status: "completed"; createdAt: Date; updatedAt: Date; }' is not assignable to parameter of type '{ type: "credit_purchase" | "video_view" | "creator_earning" | "membership_activation" | "membership_upgrade" | "membership_renewal" | "membership_cancellation" | "series_purchase"; ... 11 more ...; metadata: unknown; } | Promise<...>'.
  Type '{ id: string; type: "creator_earning"; userId: string; amount: string; videoId: string; creatorId: string; status: "completed"; createdAt: Date; updatedAt: Date; }' is missing the following properties from type '{ type: "credit_purchase" | "video_view" | "creator_earning" | "membership_activation" | "membership_upgrade" | "membership_renewal" | "membership_cancellation" | "series_purchase"; ... 11 more ...; metadata: unknown; }': seriesId, razorpayPaymentId, razorpayOrderId, metadata
src/__tests__/services/creditService.test.ts(141,59): error TS2345: Argument of type '{ id: string; creatorId: string; title: string; description: string; videoUrl: string; thumbnailUrl: string; duration: number; creditCost: string; category: string; tags: string[]; viewCount: number; ... 4 more ...; creator: { ...; }; }' is not assignable to parameter of type '{ aspectRatio: "16:9" | "1:1" | "9:16" | "2:3" | "3:2" | "4:5" | "5:4"; id: string; title: string; duration: number; isActive: boolean; createdAt: Date; updatedAt: Date; totalEarnings: string; ... 13 more ...; seriesId: string | null; } | Promise<...> | null'.
  Type '{ id: string; creatorId: string; title: string; description: string; videoUrl: string; thumbnailUrl: string; duration: number; creditCost: string; category: string; tags: string[]; viewCount: number; ... 4 more ...; creator: { ...; }; }' is missing the following properties from type '{ aspectRatio: "16:9" | "1:1" | "9:16" | "2:3" | "3:2" | "4:5" | "5:4"; id: string; title: string; duration: number; isActive: boolean; createdAt: Date; updatedAt: Date; totalEarnings: string; ... 13 more ...; seriesId: string | null; }': aspectRatio, coinPrice, moderationStatus, moderationReason, and 3 more.
src/__tests__/services/creditService.test.ts(142,55): error TS2345: Argument of type '{ id: string; creatorId: string; title: string; description: string; videoUrl: string; thumbnailUrl: string; duration: number; creditCost: string; category: string; tags: string[]; viewCount: number; ... 4 more ...; creator: { ...; }; }' is not assignable to parameter of type '{ aspectRatio: "16:9" | "1:1" | "9:16" | "2:3" | "3:2" | "4:5" | "5:4"; id: string; title: string; duration: number; isActive: boolean; createdAt: Date; updatedAt: Date; totalEarnings: string; ... 13 more ...; seriesId: string | null; } | Promise<...> | null'.
  Type '{ id: string; creatorId: string; title: string; description: string; videoUrl: string; thumbnailUrl: string; duration: number; creditCost: string; category: string; tags: string[]; viewCount: number; ... 4 more ...; creator: { ...; }; }' is missing the following properties from type '{ aspectRatio: "16:9" | "1:1" | "9:16" | "2:3" | "3:2" | "4:5" | "5:4"; id: string; title: string; duration: number; isActive: boolean; createdAt: Date; updatedAt: Date; totalEarnings: string; ... 13 more ...; seriesId: string | null; }': aspectRatio, coinPrice, moderationStatus, moderationReason, and 3 more.
src/__tests__/services/creditService.test.ts(145,2): error TS2739: Type '{ id: string; userId: string; displayName: string; bio: null; totalEarnings: string; totalViews: number; videoCount: number; socialLinks: null; createdAt: Date; updatedAt: Date; }' is missing the following properties from type '{ id: string; coinBalance: number; createdAt: Date; updatedAt: Date; userId: string; displayName: string; bio: string | null; totalEarnings: string; totalViews: number; videoCount: number; seriesCount: number; socialLinks: { ...; }[] | null; totalCoinsEarned: number; coinsWithdrawn: number; }': coinBalance, seriesCount, totalCoinsEarned, coinsWithdrawn
src/__tests__/services/creditService.test.ts(158,60): error TS2345: Argument of type '{ id: string; userId: string; displayName: string; bio: null; totalEarnings: string; totalViews: number; videoCount: number; socialLinks: null; createdAt: Date; updatedAt: Date; }' is not assignable to parameter of type '{ id: string; coinBalance: number; createdAt: Date; updatedAt: Date; userId: string; displayName: string; bio: string | null; totalEarnings: string; totalViews: number; videoCount: number; seriesCount: number; socialLinks: { ...; }[] | null; totalCoinsEarned: number; coinsWithdrawn: number; } | Promise<...> | null'.
  Type '{ id: string; userId: string; displayName: string; bio: null; totalEarnings: string; totalViews: number; videoCount: number; socialLinks: null; createdAt: Date; updatedAt: Date; }' is missing the following properties from type '{ id: string; coinBalance: number; createdAt: Date; updatedAt: Date; userId: string; displayName: string; bio: string | null; totalEarnings: string; totalViews: number; videoCount: number; seriesCount: number; socialLinks: { ...; }[] | null; totalCoinsEarned: number; coinsWithdrawn: number; }': coinBalance, seriesCount, totalCoinsEarned, coinsWithdrawn
src/__tests__/services/creditService.test.ts(208,49): error TS2345: Argument of type '{ isActive: false; id: string; creatorId: string; title: string; description: string; videoUrl: string; thumbnailUrl: string; duration: number; creditCost: string; category: string; tags: string[]; ... 4 more ...; creator: { ...; }; }' is not assignable to parameter of type 'VideoWithCreator | Promise<VideoWithCreator | null> | null'.
  Type '{ isActive: false; id: string; creatorId: string; title: string; description: string; videoUrl: string; thumbnailUrl: string; duration: number; creditCost: string; category: string; tags: string[]; ... 4 more ...; creator: { ...; }; }' is missing the following properties from type 'VideoWithCreator': aspectRatio, coinPrice, moderationStatus, moderationReason, and 3 more.
src/__tests__/services/creditService.test.ts(223,49): error TS2345: Argument of type '{ id: string; creatorId: string; title: string; description: string; videoUrl: string; thumbnailUrl: string; duration: number; creditCost: string; category: string; tags: string[]; viewCount: number; ... 4 more ...; creator: { ...; }; }' is not assignable to parameter of type 'VideoWithCreator | Promise<VideoWithCreator | null> | null'.
  Type '{ id: string; creatorId: string; title: string; description: string; videoUrl: string; thumbnailUrl: string; duration: number; creditCost: string; category: string; tags: string[]; viewCount: number; ... 4 more ...; creator: { ...; }; }' is missing the following properties from type 'VideoWithCreator': aspectRatio, coinPrice, moderationStatus, moderationReason, and 3 more.
src/__tests__/services/creditService.test.ts(288,49): error TS2345: Argument of type '{ id: string; creatorId: string; title: string; description: string; videoUrl: string; thumbnailUrl: string; duration: number; creditCost: string; category: string; tags: string[]; viewCount: number; ... 4 more ...; creator: { ...; }; }' is not assignable to parameter of type 'VideoWithCreator | Promise<VideoWithCreator | null> | null'.
  Type '{ id: string; creatorId: string; title: string; description: string; videoUrl: string; thumbnailUrl: string; duration: number; creditCost: string; category: string; tags: string[]; viewCount: number; ... 4 more ...; creator: { ...; }; }' is missing the following properties from type 'VideoWithCreator': aspectRatio, coinPrice, moderationStatus, moderationReason, and 3 more.
src/__tests__/services/creditService.test.ts(316,48): error TS2345: Argument of type '{ id: string; clerkId: string; email: string; username: string; role: "member"; avatar: null; createdAt: Date; updatedAt: Date; memberProfile: { id: string; userId: string; walletBalance: string; ... 5 more ...; updatedAt: Date; }; }' is not assignable to parameter of type 'UserWithProfile | Promise<UserWithProfile | null> | null'.
  Type '{ id: string; clerkId: string; email: string; username: string; role: "member"; avatar: null; createdAt: Date; updatedAt: Date; memberProfile: { id: string; userId: string; walletBalance: string; ... 5 more ...; updatedAt: Date; }; }' is missing the following properties from type 'UserWithProfile': isActive, isSuspended, suspensionReason, suspendedAt, and 4 more.
src/__tests__/services/creditService.test.ts(317,59): error TS2345: Argument of type '{ watchHistory: string[]; id: string; userId: string; walletBalance: string; membershipStatus: "free"; membershipExpiry: null; favoriteCreators: never[]; createdAt: Date; updatedAt: Date; }' is not assignable to parameter of type '{ id: string; createdAt: Date; updatedAt: Date; userId: string; walletBalance: string; membershipStatus: "free" | "premium"; membershipExpiry: Date | null; autoRenew: boolean; watchHistory: string[] | null; favoriteCreators: string[] | null; } | Promise<...> | null'.
  Property 'autoRenew' is missing in type '{ watchHistory: string[]; id: string; userId: string; walletBalance: string; membershipStatus: "free"; membershipExpiry: null; favoriteCreators: never[]; createdAt: Date; updatedAt: Date; }' but required in type '{ id: string; createdAt: Date; updatedAt: Date; userId: string; walletBalance: string; membershipStatus: "free" | "premium"; membershipExpiry: Date | null; autoRenew: boolean; watchHistory: string[] | null; favoriteCreators: string[] | null; }'.
src/__tests__/services/creditService.test.ts(333,2): error TS2741: Property 'autoRenew' is missing in type '{ watchHistory: string[]; id: string; userId: string; walletBalance: string; membershipStatus: "free"; membershipExpiry: null; favoriteCreators: never[]; createdAt: Date; updatedAt: Date; }' but required in type '{ id: string; createdAt: Date; updatedAt: Date; userId: string; walletBalance: string; membershipStatus: "free" | "premium"; membershipExpiry: Date | null; autoRenew: boolean; watchHistory: string[] | null; favoriteCreators: string[] | null; }'.
src/__tests__/services/creditService.test.ts(349,2): error TS2741: Property 'autoRenew' is missing in type '{ watchHistory: string[]; id: string; userId: string; walletBalance: string; membershipStatus: "free"; membershipExpiry: null; favoriteCreators: never[]; createdAt: Date; updatedAt: Date; }' but required in type '{ id: string; createdAt: Date; updatedAt: Date; userId: string; walletBalance: string; membershipStatus: "free" | "premium"; membershipExpiry: Date | null; autoRenew: boolean; watchHistory: string[] | null; favoriteCreators: string[] | null; }'.
src/__tests__/services/identifierResolutionService.test.ts(296,23): error TS2339: Property 'shareToken' does not exist on type '{ hasAccess: boolean; accessType: "requires_purchase"; requiresPurchase: boolean; shareToken?: undefined; } | { hasAccess: boolean; accessType: "creator_self_access"; shareToken: string; requiresPurchase: boolean; } | ... 5 more ... | { ...; }'.
  Property 'shareToken' does not exist on type '{ hasAccess: boolean; accessType: "creator_self_access"; requiresPurchase: boolean; }'.
src/__tests__/services/identifierResolutionService.test.ts(436,23): error TS2339: Property 'shareToken' does not exist on type '{ hasAccess: boolean; accessType: "requires_purchase"; requiresPurchase: boolean; shareToken?: undefined; } | { hasAccess: boolean; accessType: "creator_self_access"; shareToken: string; requiresPurchase: boolean; } | ... 5 more ... | { ...; }'.
  Property 'shareToken' does not exist on type '{ hasAccess: boolean; accessType: "creator_self_access"; requiresPurchase: boolean; }'.
src/__tests__/services/identifierResolutionService.test.ts(449,23): error TS2339: Property 'shareToken' does not exist on type '{ hasAccess: boolean; accessType: "requires_purchase"; requiresPurchase: boolean; shareToken?: undefined; } | { hasAccess: boolean; accessType: "creator_self_access"; shareToken: string; requiresPurchase: boolean; } | ... 5 more ... | { ...; }'.
  Property 'shareToken' does not exist on type '{ hasAccess: boolean; accessType: "creator_self_access"; requiresPurchase: boolean; }'.
src/__tests__/services/identifierResolutionService.test.ts(462,23): error TS2339: Property 'shareToken' does not exist on type '{ hasAccess: boolean; accessType: "requires_purchase"; requiresPurchase: boolean; shareToken?: undefined; } | { hasAccess: boolean; accessType: "creator_self_access"; shareToken: string; requiresPurchase: boolean; } | ... 5 more ... | { ...; }'.
  Property 'shareToken' does not exist on type '{ hasAccess: boolean; accessType: "creator_self_access"; requiresPurchase: boolean; }'.
src/__tests__/services/notificationService.test.ts(44,2): error TS2322: Type 'string' is not assignable to type 'Date'.
src/__tests__/services/notificationService.test.ts(45,2): error TS2322: Type 'string' is not assignable to type 'Date'.
src/__tests__/services/notificationService.test.ts(199,61): error TS2345: Argument of type '{ type: string; title: string; message: string; metadata: { version: string; }; }' is not assignable to parameter of type 'NotificationTemplate'.
  Types of property 'type' are incompatible.
    Type 'string' is not assignable to type '"video_view" | "earning" | "follower" | "payment" | "system" | "like" | "comment"'.
src/__tests__/services/walletService.test.ts(51,48): error TS2345: Argument of type '{ id: string; clerkId: string; email: string; username: string; role: "member"; avatar: null; createdAt: Date; updatedAt: Date; }' is not assignable to parameter of type 'UserWithProfile | Promise<UserWithProfile | null> | null'.
  Type '{ id: string; clerkId: string; email: string; username: string; role: "member"; avatar: null; createdAt: Date; updatedAt: Date; }' is missing the following properties from type 'UserWithProfile': isActive, isSuspended, suspensionReason, suspendedAt, and 4 more.
src/__tests__/services/walletService.test.ts(95,48): error TS2345: Argument of type '{ id: string; clerkId: string; email: string; username: string; role: "member"; avatar: null; createdAt: Date; updatedAt: Date; }' is not assignable to parameter of type 'UserWithProfile | Promise<UserWithProfile | null> | null'.
  Type '{ id: string; clerkId: string; email: string; username: string; role: "member"; avatar: null; createdAt: Date; updatedAt: Date; }' is missing the following properties from type 'UserWithProfile': isActive, isSuspended, suspensionReason, suspendedAt, and 4 more.
src/__tests__/services/walletService.test.ts(272,48): error TS2345: Argument of type '{ id: string; clerkId: string; email: string; username: string; role: "member"; avatar: null; createdAt: Date; updatedAt: Date; }' is not assignable to parameter of type 'UserWithProfile | Promise<UserWithProfile | null> | null'.
  Type '{ id: string; clerkId: string; email: string; username: string; role: "member"; avatar: null; createdAt: Date; updatedAt: Date; }' is missing the following properties from type 'UserWithProfile': isActive, isSuspended, suspensionReason, suspendedAt, and 4 more.
src/__tests__/validation/CTAValidation.test.tsx(2,18): error TS2305: Module '"@testing-library/react"' has no exported member 'screen'.
src/__tests__/validation/CTAValidation.test.tsx(2,26): error TS2305: Module '"@testing-library/react"' has no exported member 'waitFor'.
src/__tests__/validation/CTAValidation.test.tsx(116,24): error TS7006: Parameter 'cta' implicitly has an 'any' type.
src/__tests__/validation/CTAValidation.test.tsx(130,24): error TS7006: Parameter 'cta' implicitly has an 'any' type.
src/__tests__/validation/CTAValidation.test.tsx(196,22): error TS7006: Parameter 'link' implicitly has an 'any' type.
src/__tests__/validation/CTAValidation.test.tsx(247,21): error TS2339: Property 'links' does not exist on type 'FooterContent'.
src/__tests__/validation/CTAValidation.test.tsx(248,17): error TS2339: Property 'links' does not exist on type 'FooterContent'.
src/__tests__/validation/CTAValidation.test.tsx(309,18): error TS7006: Parameter 'cta' implicitly has an 'any' type.
src/__tests__/validation/CTAValidation.test.tsx(405,18): error TS7006: Parameter 'cta' implicitly has an 'any' type.
src/app/api/creator/analytics/__tests__/route.test.ts(25,29): error TS2345: Argument of type '{ userId: null; }' is not assignable to parameter of type 'SessionAuthWithRedirect<never> | Promise<SessionAuthWithRedirect<never>>'.
  Type '{ userId: null; }' is not assignable to type '(SignedOutAuthObject & { redirectToSignIn: RedirectFun<never>; redirectToSignUp: RedirectFun<never>; }) | Promise<SessionAuthWithRedirect<never>>'.
    Type '{ userId: null; }' is not assignable to type 'SignedOutAuthObject & { redirectToSignIn: RedirectFun<never>; redirectToSignUp: RedirectFun<never>; }'.
      Type '{ userId: null; }' is missing the following properties from type 'SignedOutAuthObject': sessionClaims, sessionId, sessionStatus, actor, and 10 more.
src/app/api/creator/analytics/__tests__/route.test.ts(36,29): error TS2345: Argument of type '{ userId: string; }' is not assignable to parameter of type 'SessionAuthWithRedirect<never> | Promise<SessionAuthWithRedirect<never>>'.
  Type '{ userId: string; }' is not assignable to type '(SharedSignedInAuthObjectProperties & { tokenType: "session_token"; getToken: ServerGetToken; has: CheckAuthorizationFromSessionClaims; debug: AuthObjectDebug; isAuthenticated: true; } & { ...; }) | Promise<...>'.
    Type '{ userId: string; }' is not assignable to type 'SharedSignedInAuthObjectProperties & { tokenType: "session_token"; getToken: ServerGetToken; has: CheckAuthorizationFromSessionClaims; debug: AuthObjectDebug; isAuthenticated: true; } & { ...; }'.
      Type '{ userId: string; }' is missing the following properties from type 'SharedSignedInAuthObjectProperties': sessionClaims, sessionId, sessionStatus, actor, and 5 more.
src/app/api/creator/analytics/__tests__/route.test.ts(44,2): error TS2322: Type 'string' is not assignable to type 'Date'.
src/app/api/creator/analytics/__tests__/route.test.ts(45,2): error TS2322: Type 'string' is not assignable to type 'Date'.
src/app/api/creator/analytics/__tests__/route.test.ts(128,29): error TS2345: Argument of type '{ userId: string; }' is not assignable to parameter of type 'SessionAuthWithRedirect<never> | Promise<SessionAuthWithRedirect<never>>'.
  Type '{ userId: string; }' is not assignable to type '(SharedSignedInAuthObjectProperties & { tokenType: "session_token"; getToken: ServerGetToken; has: CheckAuthorizationFromSessionClaims; debug: AuthObjectDebug; isAuthenticated: true; } & { ...; }) | Promise<...>'.
    Type '{ userId: string; }' is not assignable to type 'SharedSignedInAuthObjectProperties & { tokenType: "session_token"; getToken: ServerGetToken; has: CheckAuthorizationFromSessionClaims; debug: AuthObjectDebug; isAuthenticated: true; } & { ...; }'.
      Type '{ userId: string; }' is missing the following properties from type 'SharedSignedInAuthObjectProperties': sessionClaims, sessionId, sessionStatus, actor, and 5 more.
src/app/api/creator/analytics/__tests__/route.test.ts(129,53): error TS2345: Argument of type '{ id: string; clerkId: string; email: string; username: string; role: string; avatar: null; createdAt: string; updatedAt: string; }' is not assignable to parameter of type 'UserWithProfile | Promise<UserWithProfile | null> | null'.
  Type '{ id: string; clerkId: string; email: string; username: string; role: string; avatar: null; createdAt: string; updatedAt: string; }' is missing the following properties from type 'UserWithProfile': isActive, isSuspended, suspensionReason, suspendedAt, and 4 more.
src/app/api/creator/analytics/__tests__/route.test.ts(130,56): error TS2322: Type '{ id: string; creatorId: string; title: string; description: string; videoUrl: string; thumbnailUrl: string; duration: number; creditCost: string; category: string; tags: string[]; viewCount: number; totalEarnings: string; isActive: boolean; createdAt: string; updatedAt: string; }[]' is not assignable to type '{ aspectRatio: "16:9" | "1:1" | "9:16" | "2:3" | "3:2" | "4:5" | "5:4"; id: string; title: string; duration: number; isActive: boolean; createdAt: Date; updatedAt: Date; totalEarnings: string; ... 13 more ...; seriesId: string | null; }[]'.
  Type '{ id: string; creatorId: string; title: string; description: string; videoUrl: string; thumbnailUrl: string; duration: number; creditCost: string; category: string; tags: string[]; viewCount: number; totalEarnings: string; isActive: boolean; createdAt: string; updatedAt: string; }' is missing the following properties from type '{ aspectRatio: "16:9" | "1:1" | "9:16" | "2:3" | "3:2" | "4:5" | "5:4"; id: string; title: string; duration: number; isActive: boolean; createdAt: Date; updatedAt: Date; totalEarnings: string; ... 13 more ...; seriesId: string | null; }': aspectRatio, coinPrice, moderationStatus, moderationReason, and 3 more.
src/app/api/creator/analytics/__tests__/route.test.ts(133,57): error TS2322: Type '{ id: string; userId: string; type: "creator_earning"; amount: string; videoId: string; creatorId: string; razorpayPaymentId: null; razorpayOrderId: null; status: "completed"; metadata: null; createdAt: string; updatedAt: string; video: { ...; }; }[]' is not assignable to type 'TransactionWithDetails[]'.
  Property 'seriesId' is missing in type '{ id: string; userId: string; type: "creator_earning"; amount: string; videoId: string; creatorId: string; razorpayPaymentId: null; razorpayOrderId: null; status: "completed"; metadata: null; createdAt: string; updatedAt: string; video: { ...; }; }' but required in type 'TransactionWithDetails'.
src/app/api/creator/analytics/__tests__/route.test.ts(166,29): error TS2345: Argument of type '{ userId: string; }' is not assignable to parameter of type 'SessionAuthWithRedirect<never> | Promise<SessionAuthWithRedirect<never>>'.
  Type '{ userId: string; }' is not assignable to type '(SharedSignedInAuthObjectProperties & { tokenType: "session_token"; getToken: ServerGetToken; has: CheckAuthorizationFromSessionClaims; debug: AuthObjectDebug; isAuthenticated: true; } & { ...; }) | Promise<...>'.
    Type '{ userId: string; }' is not assignable to type 'SharedSignedInAuthObjectProperties & { tokenType: "session_token"; getToken: ServerGetToken; has: CheckAuthorizationFromSessionClaims; debug: AuthObjectDebug; isAuthenticated: true; } & { ...; }'.
      Type '{ userId: string; }' is missing the following properties from type 'SharedSignedInAuthObjectProperties': sessionClaims, sessionId, sessionStatus, actor, and 5 more.
src/app/api/creator/analytics/__tests__/route.test.ts(167,53): error TS2345: Argument of type '{ id: string; clerkId: string; email: string; username: string; role: string; avatar: null; createdAt: string; updatedAt: string; }' is not assignable to parameter of type 'UserWithProfile | Promise<UserWithProfile | null> | null'.
  Type '{ id: string; clerkId: string; email: string; username: string; role: string; avatar: null; createdAt: string; updatedAt: string; }' is missing the following properties from type 'UserWithProfile': isActive, isSuspended, suspensionReason, suspendedAt, and 4 more.
src/app/api/creator/analytics/__tests__/route.test.ts(196,29): error TS2345: Argument of type '{ userId: string; }' is not assignable to parameter of type 'SessionAuthWithRedirect<never> | Promise<SessionAuthWithRedirect<never>>'.
  Type '{ userId: string; }' is not assignable to type '(SharedSignedInAuthObjectProperties & { tokenType: "session_token"; getToken: ServerGetToken; has: CheckAuthorizationFromSessionClaims; debug: AuthObjectDebug; isAuthenticated: true; } & { ...; }) | Promise<...>'.
    Type '{ userId: string; }' is not assignable to type 'SharedSignedInAuthObjectProperties & { tokenType: "session_token"; getToken: ServerGetToken; has: CheckAuthorizationFromSessionClaims; debug: AuthObjectDebug; isAuthenticated: true; } & { ...; }'.
      Type '{ userId: string; }' is missing the following properties from type 'SharedSignedInAuthObjectProperties': sessionClaims, sessionId, sessionStatus, actor, and 5 more.
src/app/api/creator/analytics/__tests__/route.test.ts(197,53): error TS2345: Argument of type '{ id: string; clerkId: string; email: string; username: string; role: string; avatar: null; createdAt: string; updatedAt: string; }' is not assignable to parameter of type 'UserWithProfile | Promise<UserWithProfile | null> | null'.
  Type '{ id: string; clerkId: string; email: string; username: string; role: string; avatar: null; createdAt: string; updatedAt: string; }' is missing the following properties from type 'UserWithProfile': isActive, isSuspended, suspensionReason, suspendedAt, and 4 more.
src/app/api/creator/analytics/__tests__/route.test.ts(213,29): error TS2345: Argument of type '{ userId: string; }' is not assignable to parameter of type 'SessionAuthWithRedirect<never> | Promise<SessionAuthWithRedirect<never>>'.
  Type '{ userId: string; }' is not assignable to type '(SharedSignedInAuthObjectProperties & { tokenType: "session_token"; getToken: ServerGetToken; has: CheckAuthorizationFromSessionClaims; debug: AuthObjectDebug; isAuthenticated: true; } & { ...; }) | Promise<...>'.
    Type '{ userId: string; }' is not assignable to type 'SharedSignedInAuthObjectProperties & { tokenType: "session_token"; getToken: ServerGetToken; has: CheckAuthorizationFromSessionClaims; debug: AuthObjectDebug; isAuthenticated: true; } & { ...; }'.
      Type '{ userId: string; }' is missing the following properties from type 'SharedSignedInAuthObjectProperties': sessionClaims, sessionId, sessionStatus, actor, and 5 more.
src/app/api/videos/[id]/share/__tests__/route.test.ts(54,29): error TS2345: Argument of type '{ userId: string; }' is not assignable to parameter of type 'SessionAuthWithRedirect<never> | Promise<SessionAuthWithRedirect<never>>'.
  Type '{ userId: string; }' is not assignable to type '(SharedSignedInAuthObjectProperties & { tokenType: "session_token"; getToken: ServerGetToken; has: CheckAuthorizationFromSessionClaims; debug: AuthObjectDebug; isAuthenticated: true; } & { ...; }) | Promise<...>'.
    Type '{ userId: string; }' is not assignable to type 'SharedSignedInAuthObjectProperties & { tokenType: "session_token"; getToken: ServerGetToken; has: CheckAuthorizationFromSessionClaims; debug: AuthObjectDebug; isAuthenticated: true; } & { ...; }'.
      Type '{ userId: string; }' is missing the following properties from type 'SharedSignedInAuthObjectProperties': sessionClaims, sessionId, sessionStatus, actor, and 5 more.
src/app/api/videos/[id]/share/__tests__/route.test.ts(113,29): error TS2345: Argument of type '{ userId: string; }' is not assignable to parameter of type 'SessionAuthWithRedirect<never> | Promise<SessionAuthWithRedirect<never>>'.
  Type '{ userId: string; }' is not assignable to type '(SharedSignedInAuthObjectProperties & { tokenType: "session_token"; getToken: ServerGetToken; has: CheckAuthorizationFromSessionClaims; debug: AuthObjectDebug; isAuthenticated: true; } & { ...; }) | Promise<...>'.
    Type '{ userId: string; }' is not assignable to type 'SharedSignedInAuthObjectProperties & { tokenType: "session_token"; getToken: ServerGetToken; has: CheckAuthorizationFromSessionClaims; debug: AuthObjectDebug; isAuthenticated: true; } & { ...; }'.
      Type '{ userId: string; }' is missing the following properties from type 'SharedSignedInAuthObjectProperties': sessionClaims, sessionId, sessionStatus, actor, and 5 more.
src/app/api/videos/[id]/share/__tests__/route.test.ts(137,29): error TS2345: Argument of type '{ userId: null; }' is not assignable to parameter of type 'SessionAuthWithRedirect<never> | Promise<SessionAuthWithRedirect<never>>'.
  Type '{ userId: null; }' is not assignable to type '(SignedOutAuthObject & { redirectToSignIn: RedirectFun<never>; redirectToSignUp: RedirectFun<never>; }) | Promise<SessionAuthWithRedirect<never>>'.
    Type '{ userId: null; }' is not assignable to type 'SignedOutAuthObject & { redirectToSignIn: RedirectFun<never>; redirectToSignUp: RedirectFun<never>; }'.
      Type '{ userId: null; }' is missing the following properties from type 'SignedOutAuthObject': sessionClaims, sessionId, sessionStatus, actor, and 10 more.
src/app/api/videos/[id]/share/__tests__/route.test.ts(152,29): error TS2345: Argument of type '{ userId: string; }' is not assignable to parameter of type 'SessionAuthWithRedirect<never> | Promise<SessionAuthWithRedirect<never>>'.
  Type '{ userId: string; }' is not assignable to type '(SharedSignedInAuthObjectProperties & { tokenType: "session_token"; getToken: ServerGetToken; has: CheckAuthorizationFromSessionClaims; debug: AuthObjectDebug; isAuthenticated: true; } & { ...; }) | Promise<...>'.
    Type '{ userId: string; }' is not assignable to type 'SharedSignedInAuthObjectProperties & { tokenType: "session_token"; getToken: ServerGetToken; has: CheckAuthorizationFromSessionClaims; debug: AuthObjectDebug; isAuthenticated: true; } & { ...; }'.
      Type '{ userId: string; }' is missing the following properties from type 'SharedSignedInAuthObjectProperties': sessionClaims, sessionId, sessionStatus, actor, and 5 more.
src/app/api/videos/[id]/share/__tests__/route.test.ts(185,29): error TS2345: Argument of type '{ userId: string; }' is not assignable to parameter of type 'SessionAuthWithRedirect<never> | Promise<SessionAuthWithRedirect<never>>'.
  Type '{ userId: string; }' is not assignable to type '(SharedSignedInAuthObjectProperties & { tokenType: "session_token"; getToken: ServerGetToken; has: CheckAuthorizationFromSessionClaims; debug: AuthObjectDebug; isAuthenticated: true; } & { ...; }) | Promise<...>'.
    Type '{ userId: string; }' is not assignable to type 'SharedSignedInAuthObjectProperties & { tokenType: "session_token"; getToken: ServerGetToken; has: CheckAuthorizationFromSessionClaims; debug: AuthObjectDebug; isAuthenticated: true; } & { ...; }'.
      Type '{ userId: string; }' is missing the following properties from type 'SharedSignedInAuthObjectProperties': sessionClaims, sessionId, sessionStatus, actor, and 5 more.
src/app/api/videos/[id]/share/__tests__/route.test.ts(252,29): error TS2345: Argument of type '{ userId: string; }' is not assignable to parameter of type 'SessionAuthWithRedirect<never> | Promise<SessionAuthWithRedirect<never>>'.
  Type '{ userId: string; }' is not assignable to type '(SharedSignedInAuthObjectProperties & { tokenType: "session_token"; getToken: ServerGetToken; has: CheckAuthorizationFromSessionClaims; debug: AuthObjectDebug; isAuthenticated: true; } & { ...; }) | Promise<...>'.
    Type '{ userId: string; }' is not assignable to type 'SharedSignedInAuthObjectProperties & { tokenType: "session_token"; getToken: ServerGetToken; has: CheckAuthorizationFromSessionClaims; debug: AuthObjectDebug; isAuthenticated: true; } & { ...; }'.
      Type '{ userId: string; }' is missing the following properties from type 'SharedSignedInAuthObjectProperties': sessionClaims, sessionId, sessionStatus, actor, and 5 more.
src/app/api/videos/__tests__/route.test.ts(45,29): error TS2345: Argument of type '{ userId: string; }' is not assignable to parameter of type 'never'.
src/app/api/videos/__tests__/route.test.ts(56,37): error TS2345: Argument of type '{ id: string; role: string; }[]' is not assignable to parameter of type 'never'.
src/app/api/videos/__tests__/route.test.ts(64,37): error TS2345: Argument of type '{ id: string; role: string; }[]' is not assignable to parameter of type 'never'.
src/app/api/videos/__tests__/route.test.ts(72,38): error TS2345: Argument of type '{ id: string; title: string; createdAt: string; }[]' is not assignable to parameter of type 'never'.
src/app/api/videos/__tests__/route.test.ts(79,37): error TS2345: Argument of type '{ id: string; title: string; createdAt: string; }[]' is not assignable to parameter of type 'never'.
src/app/api/videos/upload/__tests__/route.test.ts(25,1): error TS2322: Type 'Mock<{ from: Mock<{ where: Mock<any, any, any>; }, [], any>; }, [], unknown>' is not assignable to type 'MockInstance<PgSelectBuilder<SelectedFields, "db">, [fields: SelectedFields], unknown> & { (): PgSelectBuilder<undefined, "db">; <TSelection extends SelectedFields>(fields: TSelection): PgSelectBuilder<...>; }'.
  Type 'Mock<{ from: Mock<{ where: Mock<any, any, any>; }, [], any>; }, [], unknown>' is not assignable to type 'MockInstance<PgSelectBuilder<SelectedFields, "db">, [fields: SelectedFields], unknown>'.
    Types of property 'mock' are incompatible.
      Type 'MockContext<{ from: Mock<{ where: Mock<any, any, any>; }, [], any>; }, [], unknown>' is not assignable to type 'MockContext<PgSelectBuilder<SelectedFields, "db">, [fields: SelectedFields], unknown>'.
        Type '{ from: Mock<{ where: Mock<any, any, any>; }, [], any>; }' is missing the following properties from type 'PgSelectBuilder<SelectedFields, "db">': fields, session, dialect, withList, distinct
src/app/api/videos/upload/__tests__/route.test.ts(37,1): error TS2322: Type 'Mock<{ values: Mock<any, any, any>; }, [], unknown>' is not assignable to type 'MockInstance<PgInsertBuilder<PgTable<TableConfig>, NeonQueryResultHKT, false>, [table: PgTable<TableConfig>], unknown> & (<TTable extends PgTable>(table: TTable) => PgInsertBuilder<...>)'.
  Type 'Mock<{ values: Mock<any, any, any>; }, [], unknown>' is not assignable to type 'MockInstance<PgInsertBuilder<PgTable<TableConfig>, NeonQueryResultHKT, false>, [table: PgTable<TableConfig>], unknown>'.
    Types of property 'mock' are incompatible.
      Type 'MockContext<{ values: Mock<any, any, any>; }, [], unknown>' is not assignable to type 'MockContext<PgInsertBuilder<PgTable<TableConfig>, NeonQueryResultHKT, false>, [table: PgTable<TableConfig>], unknown>'.
        Type '{ values: Mock<any, any, any>; }' is missing the following properties from type 'PgInsertBuilder<PgTable<TableConfig>, NeonQueryResultHKT, false>': table, session, dialect, overridingSystemValue, select
src/app/api/videos/upload/__tests__/route.test.ts(58,1): error TS2322: Type 'Mock<{ set: Mock<any, any, any>; }, [], unknown>' is not assignable to type 'MockInstance<PgUpdateBuilder<PgTable<TableConfig>, NeonQueryResultHKT>, [table: PgTable<TableConfig>], unknown> & (<TTable extends PgTable>(table: TTable) => PgUpdateBuilder<...>)'.
  Type 'Mock<{ set: Mock<any, any, any>; }, [], unknown>' is not assignable to type 'MockInstance<PgUpdateBuilder<PgTable<TableConfig>, NeonQueryResultHKT>, [table: PgTable<TableConfig>], unknown>'.
    Types of property 'mock' are incompatible.
      Type 'MockContext<{ set: Mock<any, any, any>; }, [], unknown>' is not assignable to type 'MockContext<PgUpdateBuilder<PgTable<TableConfig>, NeonQueryResultHKT>, [table: PgTable<TableConfig>], unknown>'.
        Type '{ set: Mock<any, any, any>; }' is missing the following properties from type 'PgUpdateBuilder<PgTable<TableConfig>, NeonQueryResultHKT>': table, session, dialect, _, setToken
src/app/api/videos/upload/__tests__/route.test.ts(64,8): error TS2339: Property 'raw' does not exist on type 'Mocked<NeonDatabase<typeof import("D:/crensafinal/CRENSA-PWAA/src/lib/database/schema")> & { $client: Pool; }>'.
src/app/api/videos/upload/__tests__/route.test.ts(106,2): error TS2322: Type 'Mock<string, [], unknown>' is not assignable to type 'MockInstance<string, [public_id: string, options?: TransformationOptions | ConfigAndUrlOptions | undefined], unknown> & ((public_id: string, options?: TransformationOptions | ... 1 more ... | undefined) => string)'.
  Type 'Mock<string, [], unknown>' is not assignable to type 'MockInstance<string, [public_id: string, options?: TransformationOptions | ConfigAndUrlOptions | undefined], unknown>'.
    Types of property 'mock' are incompatible.
      Type 'MockContext<string, [], unknown>' is not assignable to type 'MockContext<string, [public_id: string, options?: TransformationOptions | ConfigAndUrlOptions | undefined], unknown>'.
        Type '[]' is not assignable to type '[public_id: string, options?: TransformationOptions | ConfigAndUrlOptions | undefined]'.
          Source has 0 element(s) but target requires 1.
src/app/api/videos/upload/__tests__/route.test.ts(110,29): error TS2345: Argument of type '{ userId: null; }' is not assignable to parameter of type 'SessionAuthWithRedirect<never> | Promise<SessionAuthWithRedirect<never>>'.
  Type '{ userId: null; }' is not assignable to type '(SignedOutAuthObject & { redirectToSignIn: RedirectFun<never>; redirectToSignUp: RedirectFun<never>; }) | Promise<SessionAuthWithRedirect<never>>'.
    Type '{ userId: null; }' is not assignable to type 'SignedOutAuthObject & { redirectToSignIn: RedirectFun<never>; redirectToSignUp: RedirectFun<never>; }'.
      Type '{ userId: null; }' is missing the following properties from type 'SignedOutAuthObject': sessionClaims, sessionId, sessionStatus, actor, and 10 more.
src/app/api/videos/upload/__tests__/route.test.ts(123,29): error TS2345: Argument of type '{ userId: string; }' is not assignable to parameter of type 'SessionAuthWithRedirect<never> | Promise<SessionAuthWithRedirect<never>>'.
  Type '{ userId: string; }' is not assignable to type '(SharedSignedInAuthObjectProperties & { tokenType: "session_token"; getToken: ServerGetToken; has: CheckAuthorizationFromSessionClaims; debug: AuthObjectDebug; isAuthenticated: true; } & { ...; }) | Promise<...>'.
    Type '{ userId: string; }' is not assignable to type 'SharedSignedInAuthObjectProperties & { tokenType: "session_token"; getToken: ServerGetToken; has: CheckAuthorizationFromSessionClaims; debug: AuthObjectDebug; isAuthenticated: true; } & { ...; }'.
      Type '{ userId: string; }' is missing the following properties from type 'SharedSignedInAuthObjectProperties': sessionClaims, sessionId, sessionStatus, actor, and 5 more.
src/app/api/videos/upload/__tests__/route.test.ts(142,29): error TS2345: Argument of type '{ userId: string; }' is not assignable to parameter of type 'SessionAuthWithRedirect<never> | Promise<SessionAuthWithRedirect<never>>'.
  Type '{ userId: string; }' is not assignable to type '(SharedSignedInAuthObjectProperties & { tokenType: "session_token"; getToken: ServerGetToken; has: CheckAuthorizationFromSessionClaims; debug: AuthObjectDebug; isAuthenticated: true; } & { ...; }) | Promise<...>'.
    Type '{ userId: string; }' is not assignable to type 'SharedSignedInAuthObjectProperties & { tokenType: "session_token"; getToken: ServerGetToken; has: CheckAuthorizationFromSessionClaims; debug: AuthObjectDebug; isAuthenticated: true; } & { ...; }'.
      Type '{ userId: string; }' is missing the following properties from type 'SharedSignedInAuthObjectProperties': sessionClaims, sessionId, sessionStatus, actor, and 5 more.
src/app/api/videos/upload/__tests__/route.test.ts(156,29): error TS2345: Argument of type '{ userId: string; }' is not assignable to parameter of type 'SessionAuthWithRedirect<never> | Promise<SessionAuthWithRedirect<never>>'.
  Type '{ userId: string; }' is not assignable to type '(SharedSignedInAuthObjectProperties & { tokenType: "session_token"; getToken: ServerGetToken; has: CheckAuthorizationFromSessionClaims; debug: AuthObjectDebug; isAuthenticated: true; } & { ...; }) | Promise<...>'.
    Type '{ userId: string; }' is not assignable to type 'SharedSignedInAuthObjectProperties & { tokenType: "session_token"; getToken: ServerGetToken; has: CheckAuthorizationFromSessionClaims; debug: AuthObjectDebug; isAuthenticated: true; } & { ...; }'.
      Type '{ userId: string; }' is missing the following properties from type 'SharedSignedInAuthObjectProperties': sessionClaims, sessionId, sessionStatus, actor, and 5 more.
src/app/api/videos/upload/__tests__/route.test.ts(177,29): error TS2345: Argument of type '{ userId: string; }' is not assignable to parameter of type 'SessionAuthWithRedirect<never> | Promise<SessionAuthWithRedirect<never>>'.
  Type '{ userId: string; }' is not assignable to type '(SharedSignedInAuthObjectProperties & { tokenType: "session_token"; getToken: ServerGetToken; has: CheckAuthorizationFromSessionClaims; debug: AuthObjectDebug; isAuthenticated: true; } & { ...; }) | Promise<...>'.
    Type '{ userId: string; }' is not assignable to type 'SharedSignedInAuthObjectProperties & { tokenType: "session_token"; getToken: ServerGetToken; has: CheckAuthorizationFromSessionClaims; debug: AuthObjectDebug; isAuthenticated: true; } & { ...; }'.
      Type '{ userId: string; }' is missing the following properties from type 'SharedSignedInAuthObjectProperties': sessionClaims, sessionId, sessionStatus, actor, and 5 more.
src/app/api/videos/upload/__tests__/route.test.ts(198,29): error TS2345: Argument of type '{ userId: string; }' is not assignable to parameter of type 'SessionAuthWithRedirect<never> | Promise<SessionAuthWithRedirect<never>>'.
  Type '{ userId: string; }' is not assignable to type '(SharedSignedInAuthObjectProperties & { tokenType: "session_token"; getToken: ServerGetToken; has: CheckAuthorizationFromSessionClaims; debug: AuthObjectDebug; isAuthenticated: true; } & { ...; }) | Promise<...>'.
    Type '{ userId: string; }' is not assignable to type 'SharedSignedInAuthObjectProperties & { tokenType: "session_token"; getToken: ServerGetToken; has: CheckAuthorizationFromSessionClaims; debug: AuthObjectDebug; isAuthenticated: true; } & { ...; }'.
      Type '{ userId: string; }' is missing the following properties from type 'SharedSignedInAuthObjectProperties': sessionClaims, sessionId, sessionStatus, actor, and 5 more.
src/app/api/videos/upload/__tests__/route.test.ts(215,29): error TS2345: Argument of type '{ userId: string; }' is not assignable to parameter of type 'SessionAuthWithRedirect<never> | Promise<SessionAuthWithRedirect<never>>'.
  Type '{ userId: string; }' is not assignable to type '(SharedSignedInAuthObjectProperties & { tokenType: "session_token"; getToken: ServerGetToken; has: CheckAuthorizationFromSessionClaims; debug: AuthObjectDebug; isAuthenticated: true; } & { ...; }) | Promise<...>'.
    Type '{ userId: string; }' is not assignable to type 'SharedSignedInAuthObjectProperties & { tokenType: "session_token"; getToken: ServerGetToken; has: CheckAuthorizationFromSessionClaims; debug: AuthObjectDebug; isAuthenticated: true; } & { ...; }'.
      Type '{ userId: string; }' is missing the following properties from type 'SharedSignedInAuthObjectProperties': sessionClaims, sessionId, sessionStatus, actor, and 5 more.
src/app/api/videos/upload/__tests__/route.test.ts(235,29): error TS2345: Argument of type '{ userId: string; }' is not assignable to parameter of type 'SessionAuthWithRedirect<never> | Promise<SessionAuthWithRedirect<never>>'.
  Type '{ userId: string; }' is not assignable to type '(SharedSignedInAuthObjectProperties & { tokenType: "session_token"; getToken: ServerGetToken; has: CheckAuthorizationFromSessionClaims; debug: AuthObjectDebug; isAuthenticated: true; } & { ...; }) | Promise<...>'.
    Type '{ userId: string; }' is not assignable to type 'SharedSignedInAuthObjectProperties & { tokenType: "session_token"; getToken: ServerGetToken; has: CheckAuthorizationFromSessionClaims; debug: AuthObjectDebug; isAuthenticated: true; } & { ...; }'.
      Type '{ userId: string; }' is missing the following properties from type 'SharedSignedInAuthObjectProperties': sessionClaims, sessionId, sessionStatus, actor, and 5 more.
src/app/api/videos/upload/__tests__/route.test.ts(256,29): error TS2345: Argument of type '{ userId: string; }' is not assignable to parameter of type 'SessionAuthWithRedirect<never> | Promise<SessionAuthWithRedirect<never>>'.
  Type '{ userId: string; }' is not assignable to type '(SharedSignedInAuthObjectProperties & { tokenType: "session_token"; getToken: ServerGetToken; has: CheckAuthorizationFromSessionClaims; debug: AuthObjectDebug; isAuthenticated: true; } & { ...; }) | Promise<...>'.
    Type '{ userId: string; }' is not assignable to type 'SharedSignedInAuthObjectProperties & { tokenType: "session_token"; getToken: ServerGetToken; has: CheckAuthorizationFromSessionClaims; debug: AuthObjectDebug; isAuthenticated: true; } & { ...; }'.
      Type '{ userId: string; }' is missing the following properties from type 'SharedSignedInAuthObjectProperties': sessionClaims, sessionId, sessionStatus, actor, and 5 more.
src/app/api/videos/upload/__tests__/route.test.ts(297,29): error TS2345: Argument of type '{ userId: string; }' is not assignable to parameter of type 'SessionAuthWithRedirect<never> | Promise<SessionAuthWithRedirect<never>>'.
  Type '{ userId: string; }' is not assignable to type '(SharedSignedInAuthObjectProperties & { tokenType: "session_token"; getToken: ServerGetToken; has: CheckAuthorizationFromSessionClaims; debug: AuthObjectDebug; isAuthenticated: true; } & { ...; }) | Promise<...>'.
    Type '{ userId: string; }' is not assignable to type 'SharedSignedInAuthObjectProperties & { tokenType: "session_token"; getToken: ServerGetToken; has: CheckAuthorizationFromSessionClaims; debug: AuthObjectDebug; isAuthenticated: true; } & { ...; }'.
      Type '{ userId: string; }' is missing the following properties from type 'SharedSignedInAuthObjectProperties': sessionClaims, sessionId, sessionStatus, actor, and 5 more.
src/app/api/videos/upload/__tests__/route.test.ts(327,29): error TS2345: Argument of type '{ userId: string; }' is not assignable to parameter of type 'SessionAuthWithRedirect<never> | Promise<SessionAuthWithRedirect<never>>'.
  Type '{ userId: string; }' is not assignable to type '(SharedSignedInAuthObjectProperties & { tokenType: "session_token"; getToken: ServerGetToken; has: CheckAuthorizationFromSessionClaims; debug: AuthObjectDebug; isAuthenticated: true; } & { ...; }) | Promise<...>'.
    Type '{ userId: string; }' is not assignable to type 'SharedSignedInAuthObjectProperties & { tokenType: "session_token"; getToken: ServerGetToken; has: CheckAuthorizationFromSessionClaims; debug: AuthObjectDebug; isAuthenticated: true; } & { ...; }'.
      Type '{ userId: string; }' is missing the following properties from type 'SharedSignedInAuthObjectProperties': sessionClaims, sessionId, sessionStatus, actor, and 5 more.
src/app/api/videos/upload/__tests__/route.test.ts(350,29): error TS2345: Argument of type '{ userId: string; }' is not assignable to parameter of type 'SessionAuthWithRedirect<never> | Promise<SessionAuthWithRedirect<never>>'.
  Type '{ userId: string; }' is not assignable to type '(SharedSignedInAuthObjectProperties & { tokenType: "session_token"; getToken: ServerGetToken; has: CheckAuthorizationFromSessionClaims; debug: AuthObjectDebug; isAuthenticated: true; } & { ...; }) | Promise<...>'.
    Type '{ userId: string; }' is not assignable to type 'SharedSignedInAuthObjectProperties & { tokenType: "session_token"; getToken: ServerGetToken; has: CheckAuthorizationFromSessionClaims; debug: AuthObjectDebug; isAuthenticated: true; } & { ...; }'.
      Type '{ userId: string; }' is missing the following properties from type 'SharedSignedInAuthObjectProperties': sessionClaims, sessionId, sessionStatus, actor, and 5 more.
src/app/api/videos/upload/__tests__/route.test.ts(373,29): error TS2345: Argument of type '{ userId: string; }' is not assignable to parameter of type 'SessionAuthWithRedirect<never> | Promise<SessionAuthWithRedirect<never>>'.
  Type '{ userId: string; }' is not assignable to type '(SharedSignedInAuthObjectProperties & { tokenType: "session_token"; getToken: ServerGetToken; has: CheckAuthorizationFromSessionClaims; debug: AuthObjectDebug; isAuthenticated: true; } & { ...; }) | Promise<...>'.
    Type '{ userId: string; }' is not assignable to type 'SharedSignedInAuthObjectProperties & { tokenType: "session_token"; getToken: ServerGetToken; has: CheckAuthorizationFromSessionClaims; debug: AuthObjectDebug; isAuthenticated: true; } & { ...; }'.
      Type '{ userId: string; }' is missing the following properties from type 'SharedSignedInAuthObjectProperties': sessionClaims, sessionId, sessionStatus, actor, and 5 more.
src/app/api/watch/[identifier]/__tests__/integration.test.ts(47,2): error TS2322: Type '{ id: string; title: string; description: string; videoUrl: string; thumbnailUrl: string; duration: number; creditCost: number; category: string; tags: string[]; viewCount: number; totalEarnings: number; isActive: true; createdAt: Date; updatedAt: Date; creator: { ...; }; }' is not assignable to type 'VideoData | ShareTokenData'.
  Property 'aspectRatio' is missing in type '{ id: string; title: string; description: string; videoUrl: string; thumbnailUrl: string; duration: number; creditCost: number; category: string; tags: string[]; viewCount: number; totalEarnings: number; isActive: true; createdAt: Date; updatedAt: Date; creator: { ...; }; }' but required in type 'VideoData'.
src/app/api/watch/[identifier]/__tests__/integration.test.ts(104,2): error TS2322: Type '{ id: string; title: string; description: string; videoUrl: string; thumbnailUrl: string; duration: number; creditCost: number; category: string; tags: string[]; viewCount: number; totalEarnings: number; isActive: true; createdAt: Date; updatedAt: Date; creator: { ...; }; }' is not assignable to type 'VideoData | ShareTokenData'.
  Property 'aspectRatio' is missing in type '{ id: string; title: string; description: string; videoUrl: string; thumbnailUrl: string; duration: number; creditCost: number; category: string; tags: string[]; viewCount: number; totalEarnings: number; isActive: true; createdAt: Date; updatedAt: Date; creator: { ...; }; }' but required in type 'VideoData'.
src/app/api/watch/[identifier]/__tests__/integration.test.ts(169,2): error TS2741: Property 'aspectRatio' is missing in type '{ id: string; title: string; description: string; videoUrl: string; thumbnailUrl: string; duration: number; creditCost: number; category: string; tags: string[]; viewCount: number; totalEarnings: number; isActive: true; createdAt: Date; updatedAt: Date; creator: { ...; }; }' but required in type 'VideoData'.
src/app/api/watch/[identifier]/__tests__/integration.test.ts(241,2): error TS2741: Property 'aspectRatio' is missing in type '{ id: string; title: string; description: string; videoUrl: string; thumbnailUrl: string; duration: number; creditCost: number; category: string; tags: string[]; viewCount: number; totalEarnings: number; isActive: true; createdAt: Date; updatedAt: Date; creator: { ...; }; }' but required in type 'VideoData'.
src/app/api/watch/[identifier]/__tests__/integration.test.ts(302,2): error TS2322: Type '{ id: string; title: string; description: string; videoUrl: string; thumbnailUrl: string; duration: number; creditCost: number; category: string; tags: string[]; viewCount: number; totalEarnings: number; isActive: true; createdAt: Date; updatedAt: Date; creator: { ...; }; }' is not assignable to type 'VideoData | ShareTokenData'.
  Property 'aspectRatio' is missing in type '{ id: string; title: string; description: string; videoUrl: string; thumbnailUrl: string; duration: number; creditCost: number; category: string; tags: string[]; viewCount: number; totalEarnings: number; isActive: true; createdAt: Date; updatedAt: Date; creator: { ...; }; }' but required in type 'VideoData'.
src/app/api/watch/[identifier]/__tests__/integration.test.ts(359,2): error TS2322: Type '{ id: string; title: string; description: string; videoUrl: string; thumbnailUrl: string; duration: number; creditCost: number; category: string; tags: string[]; viewCount: number; totalEarnings: number; isActive: true; createdAt: Date; updatedAt: Date; creator: { ...; }; }' is not assignable to type 'VideoData | ShareTokenData'.
  Property 'aspectRatio' is missing in type '{ id: string; title: string; description: string; videoUrl: string; thumbnailUrl: string; duration: number; creditCost: number; category: string; tags: string[]; viewCount: number; totalEarnings: number; isActive: true; createdAt: Date; updatedAt: Date; creator: { ...; }; }' but required in type 'VideoData'.
src/app/api/watch/[identifier]/__tests__/integration.test.ts(435,2): error TS2741: Property 'aspectRatio' is missing in type '{ id: string; title: string; description: string; videoUrl: string; thumbnailUrl: string; duration: number; creditCost: number; category: string; tags: string[]; viewCount: number; totalEarnings: number; isActive: true; createdAt: Date; updatedAt: Date; creator: { ...; }; }' but required in type 'VideoData'.
src/app/api/watch/[identifier]/__tests__/integration.test.ts(561,2): error TS2322: Type 'null' is not assignable to type 'Date | undefined'.
src/app/api/watch/[identifier]/__tests__/integration.test.ts(584,2): error TS2322: Type 'null' is not assignable to type 'string | undefined'.
src/app/api/watch/[identifier]/__tests__/integration.test.ts(664,2): error TS2322: Type 'null' is not assignable to type 'string | undefined'.
src/app/api/watch/[identifier]/__tests__/route.simple.test.ts(59,2): error TS2322: Type '{ id: string; title: string; description: string; videoUrl: string; thumbnailUrl: string; duration: number; creditCost: number; category: string; tags: string[]; viewCount: number; totalEarnings: number; isActive: boolean; createdAt: Date; updatedAt: Date; creator: { ...; }; }' is not assignable to type 'VideoData | ShareTokenData'.
  Property 'aspectRatio' is missing in type '{ id: string; title: string; description: string; videoUrl: string; thumbnailUrl: string; duration: number; creditCost: number; category: string; tags: string[]; viewCount: number; totalEarnings: number; isActive: boolean; createdAt: Date; updatedAt: Date; creator: { ...; }; }' but required in type 'VideoData'.
src/app/api/watch/[identifier]/__tests__/route.test.ts(104,53): error TS2345: Argument of type '{ id: string; clerkId: string; username: string; email: string; }' is not assignable to parameter of type 'UserWithProfile | Promise<UserWithProfile | null> | null'.
  Type '{ id: string; clerkId: string; username: string; email: string; }' is missing the following properties from type 'UserWithProfile': role, avatar, isActive, isSuspended, and 8 more.
src/app/api/watch/[identifier]/__tests__/route.test.ts(108,2): error TS2322: Type '{ id: string; title: string; description: string; videoUrl: string; thumbnailUrl: string; duration: number; creditCost: number; category: string; tags: string[]; viewCount: number; totalEarnings: number; isActive: boolean; createdAt: Date; updatedAt: Date; creator: { ...; }; }' is not assignable to type 'VideoData | ShareTokenData'.
  Property 'aspectRatio' is missing in type '{ id: string; title: string; description: string; videoUrl: string; thumbnailUrl: string; duration: number; creditCost: number; category: string; tags: string[]; viewCount: number; totalEarnings: number; isActive: boolean; createdAt: Date; updatedAt: Date; creator: { ...; }; }' but required in type 'VideoData'.
src/app/api/watch/[identifier]/__tests__/route.test.ts(135,53): error TS2345: Argument of type '{ id: string; clerkId: string; username: string; email: string; }' is not assignable to parameter of type 'UserWithProfile | Promise<UserWithProfile | null> | null'.
  Type '{ id: string; clerkId: string; username: string; email: string; }' is missing the following properties from type 'UserWithProfile': role, avatar, isActive, isSuspended, and 8 more.
src/app/api/watch/[identifier]/__tests__/route.test.ts(139,2): error TS2322: Type '{ id: string; title: string; description: string; videoUrl: string; thumbnailUrl: string; duration: number; creditCost: number; category: string; tags: string[]; viewCount: number; totalEarnings: number; isActive: boolean; createdAt: Date; updatedAt: Date; creator: { ...; }; }' is not assignable to type 'VideoData | ShareTokenData'.
  Property 'aspectRatio' is missing in type '{ id: string; title: string; description: string; videoUrl: string; thumbnailUrl: string; duration: number; creditCost: number; category: string; tags: string[]; viewCount: number; totalEarnings: number; isActive: boolean; createdAt: Date; updatedAt: Date; creator: { ...; }; }' but required in type 'VideoData'.
src/app/api/watch/[identifier]/__tests__/route.test.ts(147,22): error TS2304: Cannot find name 'NextRequest'.
src/app/api/watch/[identifier]/__tests__/route.test.ts(169,2): error TS2322: Type '{ id: string; title: string; description: string; videoUrl: string; thumbnailUrl: string; duration: number; creditCost: number; category: string; tags: string[]; viewCount: number; totalEarnings: number; isActive: boolean; createdAt: Date; updatedAt: Date; creator: { ...; }; }' is not assignable to type 'VideoData | ShareTokenData'.
  Property 'aspectRatio' is missing in type '{ id: string; title: string; description: string; videoUrl: string; thumbnailUrl: string; duration: number; creditCost: number; category: string; tags: string[]; viewCount: number; totalEarnings: number; isActive: boolean; createdAt: Date; updatedAt: Date; creator: { ...; }; }' but required in type 'VideoData'.
src/app/api/watch/[identifier]/__tests__/route.test.ts(177,22): error TS2304: Cannot find name 'NextRequest'.
src/app/api/watch/[identifier]/__tests__/route.test.ts(199,2): error TS2322: Type '{ id: string; videoId: string; creatorId: string; shareToken: string; platform: string; clickCount: number; viewCount: number; conversionCount: number; lastAccessedAt: Date; isActive: boolean; createdAt: Date; updatedAt: Date; video: { ...; }; }' is not assignable to type 'VideoData | ShareTokenData'.
  Type '{ id: string; videoId: string; creatorId: string; shareToken: string; platform: string; clickCount: number; viewCount: number; conversionCount: number; lastAccessedAt: Date; isActive: boolean; createdAt: Date; updatedAt: Date; video: { ...; }; }' is not assignable to type 'ShareTokenData'.
    Types of property 'video' are incompatible.
      Property 'aspectRatio' is missing in type '{ id: string; title: string; description: string; videoUrl: string; thumbnailUrl: string; duration: number; creditCost: number; category: string; tags: string[]; viewCount: number; totalEarnings: number; isActive: boolean; createdAt: Date; updatedAt: Date; creator: { ...; }; }' but required in type 'VideoData'.
src/app/api/watch/[identifier]/__tests__/route.test.ts(208,22): error TS2304: Cannot find name 'NextRequest'.
src/app/api/watch/[identifier]/__tests__/route.test.ts(228,53): error TS2345: Argument of type '{ id: string; clerkId: string; username: string; email: string; }' is not assignable to parameter of type 'UserWithProfile | Promise<UserWithProfile | null> | null'.
  Type '{ id: string; clerkId: string; username: string; email: string; }' is missing the following properties from type 'UserWithProfile': role, avatar, isActive, isSuspended, and 8 more.
src/app/api/watch/[identifier]/__tests__/route.test.ts(232,2): error TS2322: Type '{ id: string; videoId: string; creatorId: string; shareToken: string; platform: string; clickCount: number; viewCount: number; conversionCount: number; lastAccessedAt: Date; isActive: boolean; createdAt: Date; updatedAt: Date; video: { ...; }; }' is not assignable to type 'VideoData | ShareTokenData'.
  Type '{ id: string; videoId: string; creatorId: string; shareToken: string; platform: string; clickCount: number; viewCount: number; conversionCount: number; lastAccessedAt: Date; isActive: boolean; createdAt: Date; updatedAt: Date; video: { ...; }; }' is not assignable to type 'ShareTokenData'.
    Types of property 'video' are incompatible.
      Property 'aspectRatio' is missing in type '{ id: string; title: string; description: string; videoUrl: string; thumbnailUrl: string; duration: number; creditCost: number; category: string; tags: string[]; viewCount: number; totalEarnings: number; isActive: boolean; createdAt: Date; updatedAt: Date; creator: { ...; }; }' but required in type 'VideoData'.
src/app/api/watch/[identifier]/__tests__/route.test.ts(241,22): error TS2304: Cannot find name 'NextRequest'.
src/app/api/watch/[identifier]/__tests__/route.test.ts(267,22): error TS2304: Cannot find name 'NextRequest'.
src/app/api/watch/[identifier]/__tests__/route.test.ts(289,22): error TS2304: Cannot find name 'NextRequest'.
src/app/api/watch/[identifier]/__tests__/route.test.ts(307,22): error TS2304: Cannot find name 'NextRequest'.
src/app/api/watch/[identifier]/__tests__/route.test.ts(324,2): error TS2322: Type '{ id: string; videoId: string; creatorId: string; shareToken: string; platform: string; clickCount: number; viewCount: number; conversionCount: number; lastAccessedAt: Date; isActive: boolean; createdAt: Date; updatedAt: Date; video: { ...; }; }' is not assignable to type 'VideoData | ShareTokenData'.
  Type '{ id: string; videoId: string; creatorId: string; shareToken: string; platform: string; clickCount: number; viewCount: number; conversionCount: number; lastAccessedAt: Date; isActive: boolean; createdAt: Date; updatedAt: Date; video: { ...; }; }' is not assignable to type 'ShareTokenData'.
    Types of property 'video' are incompatible.
      Property 'aspectRatio' is missing in type '{ id: string; title: string; description: string; videoUrl: string; thumbnailUrl: string; duration: number; creditCost: number; category: string; tags: string[]; viewCount: number; totalEarnings: number; isActive: boolean; createdAt: Date; updatedAt: Date; creator: { ...; }; }' but required in type 'VideoData'.
src/app/api/watch/[identifier]/__tests__/route.test.ts(333,22): error TS2304: Cannot find name 'NextRequest'.
src/app/api/watch/[identifier]/__tests__/route.test.ts(348,53): error TS2345: Argument of type '{ id: string; clerkId: string; username: string; email: string; }' is not assignable to parameter of type 'UserWithProfile | Promise<UserWithProfile | null> | null'.
  Type '{ id: string; clerkId: string; username: string; email: string; }' is missing the following properties from type 'UserWithProfile': role, avatar, isActive, isSuspended, and 8 more.
src/app/api/watch/[identifier]/__tests__/route.test.ts(352,2): error TS2322: Type '{ id: string; title: string; description: string; videoUrl: string; thumbnailUrl: string; duration: number; creditCost: number; category: string; tags: string[]; viewCount: number; totalEarnings: number; isActive: boolean; createdAt: Date; updatedAt: Date; creator: { ...; }; }' is not assignable to type 'VideoData | ShareTokenData'.
  Property 'aspectRatio' is missing in type '{ id: string; title: string; description: string; videoUrl: string; thumbnailUrl: string; duration: number; creditCost: number; category: string; tags: string[]; viewCount: number; totalEarnings: number; isActive: boolean; createdAt: Date; updatedAt: Date; creator: { ...; }; }' but required in type 'VideoData'.
src/app/api/watch/[identifier]/__tests__/route.test.ts(360,22): error TS2304: Cannot find name 'NextRequest'.
src/app/api/watch/[identifier]/__tests__/route.test.ts(393,2): error TS2322: Type '{ id: string; videoId: string; creatorId: string; shareToken: string; platform: string; clickCount: number; viewCount: number; conversionCount: number; lastAccessedAt: Date; isActive: boolean; createdAt: Date; updatedAt: Date; video: { ...; }; }' is not assignable to type 'VideoData | ShareTokenData'.
  Type '{ id: string; videoId: string; creatorId: string; shareToken: string; platform: string; clickCount: number; viewCount: number; conversionCount: number; lastAccessedAt: Date; isActive: boolean; createdAt: Date; updatedAt: Date; video: { ...; }; }' is not assignable to type 'ShareTokenData'.
    Types of property 'video' are incompatible.
      Property 'aspectRatio' is missing in type '{ id: string; title: string; description: string; videoUrl: string; thumbnailUrl: string; duration: number; creditCost: number; category: string; tags: string[]; viewCount: number; totalEarnings: number; isActive: boolean; createdAt: Date; updatedAt: Date; creator: { ...; }; }' but required in type 'VideoData'.
src/app/api/watch/[identifier]/__tests__/route.test.ts(402,22): error TS2304: Cannot find name 'NextRequest'.
src/app/api/watch/[identifier]/__tests__/route.test.ts(445,22): error TS2304: Cannot find name 'NextRequest'.
src/app/api/watch/[identifier]/view/__tests__/integration.test.ts(69,2): error TS2741: Property 'aspectRatio' is missing in type '{ id: string; title: string; description: string; videoUrl: string; thumbnailUrl: string; duration: number; creditCost: number; category: string; tags: string[]; viewCount: number; totalEarnings: number; isActive: true; createdAt: Date; updatedAt: Date; creator: { ...; }; }' but required in type 'VideoData'.
src/app/api/watch/[identifier]/view/__tests__/integration.test.ts(155,2): error TS2741: Property 'aspectRatio' is missing in type '{ id: string; title: string; description: string; videoUrl: string; thumbnailUrl: string; duration: number; creditCost: number; category: string; tags: string[]; viewCount: number; totalEarnings: number; isActive: true; createdAt: Date; updatedAt: Date; creator: { ...; }; }' but required in type 'VideoData'.
src/app/api/watch/[identifier]/view/__tests__/integration.test.ts(226,2): error TS2322: Type 'null' is not assignable to type 'Date | undefined'.
src/app/api/watch/[identifier]/view/__tests__/integration.test.ts(230,2): error TS2741: Property 'aspectRatio' is missing in type '{ id: string; title: string; description: string; videoUrl: string; thumbnailUrl: string; duration: number; creditCost: number; category: string; tags: string[]; viewCount: number; totalEarnings: number; isActive: true; createdAt: Date; updatedAt: Date; creator: { ...; }; }' but required in type 'VideoData'.
src/app/api/watch/[identifier]/view/__tests__/integration.test.ts(263,2): error TS2353: Object literal may only specify known properties, and 'error' does not exist in type '{ success: boolean; newBalance: number; transactionId?: string | undefined; } | Promise<{ success: boolean; newBalance: number; transactionId?: string | undefined; }>'.
src/app/api/watch/[identifier]/view/__tests__/integration.test.ts(381,2): error TS2322: Type 'null' is not assignable to type 'Date | undefined'.
src/app/api/watch/[identifier]/view/__tests__/integration.test.ts(404,2): error TS2322: Type 'null' is not assignable to type 'string | undefined'.
src/app/api/watch/[identifier]/view/__tests__/integration.test.ts(475,2): error TS2322: Type '{ id: string; title: string; description: string; videoUrl: string; thumbnailUrl: string; duration: number; creditCost: number; category: string; tags: string[]; viewCount: number; totalEarnings: number; isActive: true; createdAt: Date; updatedAt: Date; creator: { ...; }; }' is not assignable to type 'VideoData | ShareTokenData'.
  Property 'aspectRatio' is missing in type '{ id: string; title: string; description: string; videoUrl: string; thumbnailUrl: string; duration: number; creditCost: number; category: string; tags: string[]; viewCount: number; totalEarnings: number; isActive: true; createdAt: Date; updatedAt: Date; creator: { ...; }; }' but required in type 'VideoData'.
src/app/watch/[identifier]/__tests__/errorHandling.test.tsx(3,18): error TS2305: Module '"@testing-library/react"' has no exported member 'screen'.
src/app/watch/[identifier]/__tests__/errorHandling.test.tsx(3,26): error TS2305: Module '"@testing-library/react"' has no exported member 'fireEvent'.
src/app/watch/[identifier]/__tests__/errorHandling.test.tsx(3,37): error TS2305: Module '"@testing-library/react"' has no exported member 'waitFor'.
src/app/watch/[identifier]/__tests__/errorHandling.test.tsx(303,14): error TS2540: Cannot assign to 'NODE_ENV' because it is a read-only property.
src/app/watch/[identifier]/__tests__/errorHandling.test.tsx(315,14): error TS2540: Cannot assign to 'NODE_ENV' because it is a read-only property.
src/app/watch/[identifier]/__tests__/integration.test.tsx(3,18): error TS2305: Module '"@testing-library/react"' has no exported member 'screen'.
src/app/watch/[identifier]/__tests__/integration.test.tsx(3,26): error TS2305: Module '"@testing-library/react"' has no exported member 'waitFor'.
src/app/watch/[identifier]/__tests__/integration.test.tsx(3,35): error TS2305: Module '"@testing-library/react"' has no exported member 'fireEvent'.
src/app/watch/[identifier]/__tests__/page.test.tsx(3,18): error TS2305: Module '"@testing-library/react"' has no exported member 'screen'.
src/app/watch/[identifier]/__tests__/page.test.tsx(3,26): error TS2305: Module '"@testing-library/react"' has no exported member 'waitFor'.
src/components/__tests__/MobileOptimization.test.tsx(2,18): error TS2305: Module '"@testing-library/react"' has no exported member 'screen'.
src/components/__tests__/MobileOptimization.test.tsx(2,26): error TS2305: Module '"@testing-library/react"' has no exported member 'fireEvent'.
src/components/__tests__/MobileOptimization.test.tsx(130,15): error TS7006: Parameter 'dot' implicitly has an 'any' type.
src/components/__tests__/MobileOptimization.test.tsx(170,26): error TS7006: Parameter 'button' implicitly has an 'any' type.
src/components/__tests__/MobileOptimization.test.tsx(190,36): error TS7006: Parameter 'button' implicitly has an 'any' type.
src/components/__tests__/MobileOptimization.test.tsx(273,18): error TS7006: Parameter 'button' implicitly has an 'any' type.
src/components/__tests__/PerformanceAccessibility.test.tsx(1,18): error TS2305: Module '"@testing-library/react"' has no exported member 'screen'.
src/components/__tests__/PerformanceAccessibility.test.tsx(1,26): error TS2305: Module '"@testing-library/react"' has no exported member 'fireEvent'.
src/components/__tests__/PerformanceAccessibility.test.tsx(1,37): error TS2305: Module '"@testing-library/react"' has no exported member 'waitFor'.
src/components/__tests__/PerformanceAccessibility.test.tsx(3,41): error TS7016: Could not find a declaration file for module 'jest-axe'. 'D:/crensafinal/CRENSA-PWAA/node_modules/jest-axe/index.js' implicitly has an 'any' type.
  Try `npm i --save-dev @types/jest-axe` if it exists or add a new declaration (.d.ts) file containing `declare module 'jest-axe';`
src/components/__tests__/PerformanceAccessibility.test.tsx(44,2): error TS2741: Property 'supportedEntryTypes' is missing in type 'Mock<any, any, any>' but required in type '{ new (callback: PerformanceObserverCallback): PerformanceObserver; prototype: PerformanceObserver; readonly supportedEntryTypes: readonly string[]; }'.
src/components/__tests__/PerformanceAccessibility.test.tsx(68,18): error TS2339: Property 'toHaveNoViolations' does not exist on type 'JestMatchers<any>'.
src/components/__tests__/PerformanceAccessibility.test.tsx(176,17): error TS7006: Parameter 'img' implicitly has an 'any' type.
src/components/__tests__/ResponsiveComponents.test.tsx(2,18): error TS2305: Module '"@testing-library/react"' has no exported member 'screen'.
src/components/__tests__/ResponsiveDesign.test.tsx(2,18): error TS2305: Module '"@testing-library/react"' has no exported member 'screen'.
src/components/__tests__/ResponsiveDesign.test.tsx(2,26): error TS2305: Module '"@testing-library/react"' has no exported member 'fireEvent'.
src/components/auth/__tests__/AuthError.test.tsx(1,18): error TS2305: Module '"@testing-library/react"' has no exported member 'screen'.
src/components/auth/__tests__/AuthError.test.tsx(1,26): error TS2305: Module '"@testing-library/react"' has no exported member 'fireEvent'.
src/components/auth/__tests__/AuthLoading.test.tsx(1,18): error TS2305: Module '"@testing-library/react"' has no exported member 'screen'.
src/components/auth/__tests__/AuthPageLayout.test.tsx(2,18): error TS2305: Module '"@testing-library/react"' has no exported member 'screen'.
src/components/auth/__tests__/withAuth.test.tsx(1,18): error TS2305: Module '"@testing-library/react"' has no exported member 'screen'.
src/components/auth/__tests__/withAuth.test.tsx(1,26): error TS2305: Module '"@testing-library/react"' has no exported member 'waitFor'.
src/components/auth/__tests__/withAuth.test.tsx(38,37): error TS2345: Argument of type '{ isLoading: true; isSignedIn: false; userProfile: null; hasRole: jest.Mock<any, any, any>; error: null; retry: jest.Mock<any, any, any>; clearError: jest.Mock<any, any, any>; isOptimistic: false; user: null; signOut: jest.Mock<...>; updateUserProfile: jest.Mock<...>; }' is not assignable to parameter of type 'AuthContextType'.
  Property 'lastFetch' is missing in type '{ isLoading: true; isSignedIn: false; userProfile: null; hasRole: jest.Mock<any, any, any>; error: null; retry: jest.Mock<any, any, any>; clearError: jest.Mock<any, any, any>; isOptimistic: false; user: null; signOut: jest.Mock<...>; updateUserProfile: jest.Mock<...>; }' but required in type 'AuthContextType'.
src/components/auth/__tests__/withAuth.test.tsx(66,37): error TS2345: Argument of type '{ isLoading: false; isSignedIn: true; userProfile: null; hasRole: jest.Mock<any, any, any>; error: { type: "network"; message: string; retryable: boolean; }; retry: jest.Mock<any, any, any>; ... 4 more ...; updateUserProfile: jest.Mock<...>; }' is not assignable to parameter of type 'AuthContextType'.
  Property 'lastFetch' is missing in type '{ isLoading: false; isSignedIn: true; userProfile: null; hasRole: jest.Mock<any, any, any>; error: { type: "network"; message: string; retryable: boolean; }; retry: jest.Mock<any, any, any>; ... 4 more ...; updateUserProfile: jest.Mock<...>; }' but required in type 'AuthContextType'.
src/components/auth/__tests__/withAuth.test.tsx(88,37): error TS2345: Argument of type '{ isLoading: false; isSignedIn: false; userProfile: null; hasRole: jest.Mock<any, any, any>; error: null; retry: jest.Mock<any, any, any>; clearError: jest.Mock<any, any, any>; isOptimistic: false; user: null; signOut: jest.Mock<...>; updateUserProfile: jest.Mock<...>; }' is not assignable to parameter of type 'AuthContextType'.
  Property 'lastFetch' is missing in type '{ isLoading: false; isSignedIn: false; userProfile: null; hasRole: jest.Mock<any, any, any>; error: null; retry: jest.Mock<any, any, any>; clearError: jest.Mock<any, any, any>; isOptimistic: false; user: null; signOut: jest.Mock<...>; updateUserProfile: jest.Mock<...>; }' but required in type 'AuthContextType'.
src/components/auth/__tests__/withAuth.test.tsx(109,37): error TS2345: Argument of type '{ isLoading: false; isSignedIn: true; userProfile: null; hasRole: jest.Mock<any, any, any>; error: null; retry: jest.Mock<any, any, any>; clearError: jest.Mock<any, any, any>; isOptimistic: false; user: any; signOut: jest.Mock<...>; updateUserProfile: jest.Mock<...>; }' is not assignable to parameter of type 'AuthContextType'.
  Property 'lastFetch' is missing in type '{ isLoading: false; isSignedIn: true; userProfile: null; hasRole: jest.Mock<any, any, any>; error: null; retry: jest.Mock<any, any, any>; clearError: jest.Mock<any, any, any>; isOptimistic: false; user: any; signOut: jest.Mock<...>; updateUserProfile: jest.Mock<...>; }' but required in type 'AuthContextType'.
src/components/auth/__tests__/withAuth.test.tsx(132,37): error TS2345: Argument of type '{ isLoading: false; isSignedIn: true; userProfile: any; hasRole: jest.Mock<any, any, any>; error: null; retry: jest.Mock<any, any, any>; clearError: jest.Mock<any, any, any>; isOptimistic: false; user: any; signOut: jest.Mock<...>; updateUserProfile: jest.Mock<...>; }' is not assignable to parameter of type 'AuthContextType'.
  Property 'lastFetch' is missing in type '{ isLoading: false; isSignedIn: true; userProfile: any; hasRole: jest.Mock<any, any, any>; error: null; retry: jest.Mock<any, any, any>; clearError: jest.Mock<any, any, any>; isOptimistic: false; user: any; signOut: jest.Mock<...>; updateUserProfile: jest.Mock<...>; }' but required in type 'AuthContextType'.
src/components/auth/__tests__/withAuth.test.tsx(157,37): error TS2345: Argument of type '{ isLoading: false; isSignedIn: true; userProfile: any; hasRole: jest.Mock<any, any, any>; error: null; retry: jest.Mock<any, any, any>; clearError: jest.Mock<any, any, any>; isOptimistic: false; user: any; signOut: jest.Mock<...>; updateUserProfile: jest.Mock<...>; }' is not assignable to parameter of type 'AuthContextType'.
  Property 'lastFetch' is missing in type '{ isLoading: false; isSignedIn: true; userProfile: any; hasRole: jest.Mock<any, any, any>; error: null; retry: jest.Mock<any, any, any>; clearError: jest.Mock<any, any, any>; isOptimistic: false; user: any; signOut: jest.Mock<...>; updateUserProfile: jest.Mock<...>; }' but required in type 'AuthContextType'.
src/components/auth/__tests__/withAuth.test.tsx(181,37): error TS2345: Argument of type '{ isLoading: false; isSignedIn: true; userProfile: any; hasRole: jest.Mock<any, any, any>; error: null; retry: jest.Mock<any, any, any>; clearError: jest.Mock<any, any, any>; isOptimistic: true; user: any; signOut: jest.Mock<...>; updateUserProfile: jest.Mock<...>; }' is not assignable to parameter of type 'AuthContextType'.
  Property 'lastFetch' is missing in type '{ isLoading: false; isSignedIn: true; userProfile: any; hasRole: jest.Mock<any, any, any>; error: null; retry: jest.Mock<any, any, any>; clearError: jest.Mock<any, any, any>; isOptimistic: true; user: any; signOut: jest.Mock<...>; updateUserProfile: jest.Mock<...>; }' but required in type 'AuthContextType'.
src/components/auth/__tests__/withAuth.test.tsx(206,37): error TS2345: Argument of type '{ isLoading: false; isSignedIn: true; userProfile: any; hasRole: jest.Mock<any, any, any>; error: null; retry: jest.Mock<any, any, any>; clearError: jest.Mock<any, any, any>; isOptimistic: false; user: any; signOut: jest.Mock<...>; updateUserProfile: jest.Mock<...>; }' is not assignable to parameter of type 'AuthContextType'.
  Property 'lastFetch' is missing in type '{ isLoading: false; isSignedIn: true; userProfile: any; hasRole: jest.Mock<any, any, any>; error: null; retry: jest.Mock<any, any, any>; clearError: jest.Mock<any, any, any>; isOptimistic: false; user: any; signOut: jest.Mock<...>; updateUserProfile: jest.Mock<...>; }' but required in type 'AuthContextType'.
src/components/auth/__tests__/withAuth.test.tsx(232,37): error TS2345: Argument of type '{ isLoading: false; isSignedIn: true; userProfile: any; hasRole: jest.Mock<any, any, any>; error: null; retry: jest.Mock<any, any, any>; clearError: jest.Mock<any, any, any>; isOptimistic: false; user: any; signOut: jest.Mock<...>; updateUserProfile: jest.Mock<...>; }' is not assignable to parameter of type 'AuthContextType'.
  Property 'lastFetch' is missing in type '{ isLoading: false; isSignedIn: true; userProfile: any; hasRole: jest.Mock<any, any, any>; error: null; retry: jest.Mock<any, any, any>; clearError: jest.Mock<any, any, any>; isOptimistic: false; user: any; signOut: jest.Mock<...>; updateUserProfile: jest.Mock<...>; }' but required in type 'AuthContextType'.
src/components/auth/__tests__/withAuth.test.tsx(268,37): error TS2345: Argument of type '{ isLoading: true; isSignedIn: false; userProfile: null; hasRole: jest.Mock<any, any, any>; error: null; retry: jest.Mock<any, any, any>; clearError: jest.Mock<any, any, any>; isOptimistic: false; user: null; signOut: jest.Mock<...>; updateUserProfile: jest.Mock<...>; }' is not assignable to parameter of type 'AuthContextType'.
  Property 'lastFetch' is missing in type '{ isLoading: true; isSignedIn: false; userProfile: null; hasRole: jest.Mock<any, any, any>; error: null; retry: jest.Mock<any, any, any>; clearError: jest.Mock<any, any, any>; isOptimistic: false; user: null; signOut: jest.Mock<...>; updateUserProfile: jest.Mock<...>; }' but required in type 'AuthContextType'.
src/components/auth/__tests__/withAuth.test.tsx(289,37): error TS2345: Argument of type '{ isLoading: false; isSignedIn: true; userProfile: any; hasRole: jest.Mock<any, any, any>; error: any; retry: jest.Mock<any, any, any>; clearError: jest.Mock<any, any, any>; isOptimistic: false; user: any; signOut: jest.Mock<...>; updateUserProfile: jest.Mock<...>; }' is not assignable to parameter of type 'AuthContextType'.
  Property 'lastFetch' is missing in type '{ isLoading: false; isSignedIn: true; userProfile: any; hasRole: jest.Mock<any, any, any>; error: any; retry: jest.Mock<any, any, any>; clearError: jest.Mock<any, any, any>; isOptimistic: false; user: any; signOut: jest.Mock<...>; updateUserProfile: jest.Mock<...>; }' but required in type 'AuthContextType'.
src/components/auth/__tests__/withAuth.test.tsx(312,37): error TS2345: Argument of type '{ isLoading: false; isSignedIn: true; userProfile: any; hasRole: jest.Mock<any, any, any>; error: null; retry: jest.Mock<any, any, any>; clearError: jest.Mock<any, any, any>; isOptimistic: false; user: any; signOut: jest.Mock<...>; updateUserProfile: jest.Mock<...>; }' is not assignable to parameter of type 'AuthContextType'.
  Property 'lastFetch' is missing in type '{ isLoading: false; isSignedIn: true; userProfile: any; hasRole: jest.Mock<any, any, any>; error: null; retry: jest.Mock<any, any, any>; clearError: jest.Mock<any, any, any>; isOptimistic: false; user: any; signOut: jest.Mock<...>; updateUserProfile: jest.Mock<...>; }' but required in type 'AuthContextType'.
src/components/creator/__tests__/CreatorAnalytics.test.tsx(2,18): error TS2305: Module '"@testing-library/react"' has no exported member 'screen'.
src/components/creator/__tests__/CreatorAnalytics.test.tsx(2,26): error TS2305: Module '"@testing-library/react"' has no exported member 'fireEvent'.
src/components/creator/__tests__/CreatorAnalytics.test.tsx(2,37): error TS2305: Module '"@testing-library/react"' has no exported member 'waitFor'.
src/components/creator/__tests__/VideoDeleteModal.test.tsx(1,18): error TS2305: Module '"@testing-library/react"' has no exported member 'screen'.
src/components/creator/__tests__/VideoDeleteModal.test.tsx(1,26): error TS2305: Module '"@testing-library/react"' has no exported member 'fireEvent'.
src/components/creator/__tests__/VideoDeleteModal.test.tsx(1,37): error TS2305: Module '"@testing-library/react"' has no exported member 'waitFor'.
src/components/creator/__tests__/VideoDeleteModal.test.tsx(13,1): error TS2322: Type 'Mock<UnknownFunction>' is not assignable to type '{ (input: URL | RequestInfo, init?: RequestInit | undefined): Promise<Response>; (input: string | Request | URL, init?: RequestInit | undefined): Promise<...>; }'.
  Type 'unknown' is not assignable to type 'Promise<Response>'.
src/components/creator/__tests__/VideoDeleteModal.test.tsx(15,7): error TS2739: Type '{ id: string; creatorId: string; title: string; description: string; videoUrl: string; thumbnailUrl: string; duration: number; creditCost: number; category: string; tags: string[]; viewCount: number; totalEarnings: number; isActive: true; createdAt: Date; updatedAt: Date; }' is missing the following properties from type 'Video': coinPrice, aspectRatio
src/components/creator/__tests__/VideoDeleteModal.test.tsx(107,53): error TS2345: Argument of type '{ ok: boolean; json: () => Promise<{ success: boolean; message: string; }>; }' is not assignable to parameter of type 'never'.
src/components/creator/__tests__/VideoDeleteModal.test.tsx(135,53): error TS2345: Argument of type '{ ok: boolean; json: () => Promise<{ error: string; }>; }' is not assignable to parameter of type 'never'.
src/components/creator/__tests__/VideoDeleteModal.test.tsx(207,40): error TS7006: Parameter 'button' implicitly has an 'any' type.
src/components/creator/__tests__/VideoEditModal.test.tsx(1,18): error TS2305: Module '"@testing-library/react"' has no exported member 'screen'.
src/components/creator/__tests__/VideoEditModal.test.tsx(1,26): error TS2305: Module '"@testing-library/react"' has no exported member 'fireEvent'.
src/components/creator/__tests__/VideoEditModal.test.tsx(1,37): error TS2305: Module '"@testing-library/react"' has no exported member 'waitFor'.
src/components/creator/__tests__/VideoEditModal.test.tsx(13,1): error TS2322: Type 'Mock<UnknownFunction>' is not assignable to type '{ (input: URL | RequestInfo, init?: RequestInit | undefined): Promise<Response>; (input: string | Request | URL, init?: RequestInit | undefined): Promise<...>; }'.
  Type 'unknown' is not assignable to type 'Promise<Response>'.
src/components/creator/__tests__/VideoEditModal.test.tsx(15,7): error TS2739: Type '{ id: string; creatorId: string; title: string; description: string; videoUrl: string; thumbnailUrl: string; duration: number; creditCost: number; category: string; tags: string[]; viewCount: number; totalEarnings: number; isActive: true; createdAt: Date; updatedAt: Date; }' is missing the following properties from type 'Video': coinPrice, aspectRatio
src/components/creator/__tests__/VideoEditModal.test.tsx(172,53): error TS2345: Argument of type '{ ok: boolean; json: () => Promise<{ video: { title: string; id: string; creatorId: string; description?: string; videoUrl: string; thumbnailUrl: string; duration: number; creditCost: number; coinPrice: number; ... 10 more ...; series?: Series; }; }>; }' is not assignable to parameter of type 'never'.
src/components/creator/__tests__/VideoEditModal.test.tsx(213,53): error TS2345: Argument of type '{ ok: boolean; json: () => Promise<{ error: string; }>; }' is not assignable to parameter of type 'never'.
src/components/creator/__tests__/VideoEditModal.test.tsx(252,53): error TS2345: Argument of type '{ ok: boolean; json: () => Promise<{ video: Video; }>; }' is not assignable to parameter of type 'never'.
src/components/creator/__tests__/VideoEditModal.test.tsx(272,40): error TS7006: Parameter 'button' implicitly has an 'any' type.
src/components/creator/__tests__/VideoManagement.test.tsx(1,18): error TS2305: Module '"@testing-library/react"' has no exported member 'screen'.
src/components/creator/__tests__/VideoManagement.test.tsx(1,26): error TS2305: Module '"@testing-library/react"' has no exported member 'fireEvent'.
src/components/creator/__tests__/VideoManagement.test.tsx(1,37): error TS2305: Module '"@testing-library/react"' has no exported member 'waitFor'.
src/components/creator/__tests__/VideoManagement.test.tsx(51,2): error TS2739: Type '{ id: string; creatorId: string; title: string; description: string; videoUrl: string; thumbnailUrl: string; duration: number; creditCost: number; category: string; tags: string[]; viewCount: number; totalEarnings: number; isActive: true; createdAt: Date; updatedAt: Date; }' is missing the following properties from type 'Video': coinPrice, aspectRatio
src/components/creator/__tests__/VideoManagement.test.tsx(68,2): error TS2739: Type '{ id: string; creatorId: string; title: string; description: string; videoUrl: string; thumbnailUrl: string; duration: number; creditCost: number; category: string; tags: string[]; viewCount: number; totalEarnings: number; isActive: false; createdAt: Date; updatedAt: Date; }' is missing the following properties from type 'Video': coinPrice, aspectRatio
src/components/creator/__tests__/VideoShareModal.test.tsx(2,18): error TS2305: Module '"@testing-library/react"' has no exported member 'screen'.
src/components/creator/__tests__/VideoShareModal.test.tsx(2,26): error TS2305: Module '"@testing-library/react"' has no exported member 'fireEvent'.
src/components/creator/__tests__/VideoShareModal.test.tsx(2,37): error TS2305: Module '"@testing-library/react"' has no exported member 'waitFor'.
src/components/creator/__tests__/VideoShareModal.test.tsx(25,7): error TS2739: Type '{ id: string; creatorId: string; title: string; description: string; videoUrl: string; thumbnailUrl: string; duration: number; creditCost: number; category: string; tags: string[]; viewCount: number; totalEarnings: number; isActive: true; createdAt: Date; updatedAt: Date; }' is missing the following properties from type 'Video': coinPrice, aspectRatio
src/components/creator/__tests__/VideoUpload.aspectRatio.test.tsx(2,18): error TS2305: Module '"@testing-library/react"' has no exported member 'screen'.
src/components/creator/__tests__/VideoUpload.aspectRatio.test.tsx(2,26): error TS2305: Module '"@testing-library/react"' has no exported member 'fireEvent'.
src/components/creator/__tests__/VideoUpload.aspectRatio.test.tsx(2,37): error TS2305: Module '"@testing-library/react"' has no exported member 'waitFor'.
src/components/creator/__tests__/VideoUpload.test.tsx(2,18): error TS2305: Module '"@testing-library/react"' has no exported member 'screen'.
src/components/creator/__tests__/VideoUpload.test.tsx(2,26): error TS2305: Module '"@testing-library/react"' has no exported member 'fireEvent'.
src/components/creator/__tests__/VideoUpload.test.tsx(2,37): error TS2305: Module '"@testing-library/react"' has no exported member 'waitFor'.
src/components/creator/__tests__/VideoUpload.test.tsx(294,4): error TS2352: Conversion of type '{ new (): XMLHttpRequest; prototype: XMLHttpRequest; readonly UNSENT: 0; readonly OPENED: 1; readonly HEADERS_RECEIVED: 2; readonly LOADING: 3; readonly DONE: 4; }' to type 'Mock<any, any, any>' may be a mistake because neither type sufficiently overlaps with the other. If this was intentional, convert the expression to 'unknown' first.
  Type '{ new (): XMLHttpRequest; prototype: XMLHttpRequest; readonly UNSENT: 0; readonly OPENED: 1; readonly HEADERS_RECEIVED: 2; readonly LOADING: 3; readonly DONE: 4; }' is missing the following properties from type 'Mock<any, any, any>': getMockName, mock, mockClear, mockReset, and 13 more.
src/components/creator/__tests__/VideoUpload.test.tsx(301,10): error TS2349: This expression is not callable.
  Type 'never' has no call signatures.
src/components/creator/__tests__/VideoUpload.test.tsx(345,4): error TS2352: Conversion of type '{ new (): XMLHttpRequest; prototype: XMLHttpRequest; readonly UNSENT: 0; readonly OPENED: 1; readonly HEADERS_RECEIVED: 2; readonly LOADING: 3; readonly DONE: 4; }' to type 'Mock<any, any, any>' may be a mistake because neither type sufficiently overlaps with the other. If this was intentional, convert the expression to 'unknown' first.
  Type '{ new (): XMLHttpRequest; prototype: XMLHttpRequest; readonly UNSENT: 0; readonly OPENED: 1; readonly HEADERS_RECEIVED: 2; readonly LOADING: 3; readonly DONE: 4; }' is missing the following properties from type 'Mock<any, any, any>': getMockName, mock, mockClear, mockReset, and 13 more.
src/components/creator/__tests__/VideoUpload.test.tsx(352,10): error TS2349: This expression is not callable.
  Type 'never' has no call signatures.
src/components/discover/__tests__/CategoryFilter.test.tsx(2,18): error TS2305: Module '"@testing-library/react"' has no exported member 'screen'.
src/components/discover/__tests__/CategoryFilter.test.tsx(2,26): error TS2305: Module '"@testing-library/react"' has no exported member 'fireEvent'.
src/components/discover/__tests__/CategoryFilter.test.tsx(2,37): error TS2305: Module '"@testing-library/react"' has no exported member 'waitFor'.
src/components/discover/__tests__/CategoryFilter.test.tsx(118,24): error TS7006: Parameter 'el' implicitly has an 'any' type.
src/components/discover/__tests__/SearchFilters.test.tsx(2,18): error TS2305: Module '"@testing-library/react"' has no exported member 'screen'.
src/components/discover/__tests__/SearchFilters.test.tsx(2,26): error TS2305: Module '"@testing-library/react"' has no exported member 'fireEvent'.
src/components/discover/__tests__/SearchFilters.test.tsx(2,37): error TS2305: Module '"@testing-library/react"' has no exported member 'waitFor'.
src/components/discover/__tests__/VideoCard.test.tsx(1,18): error TS2305: Module '"@testing-library/react"' has no exported member 'screen'.
src/components/discover/__tests__/VideoCard.test.tsx(1,26): error TS2305: Module '"@testing-library/react"' has no exported member 'fireEvent'.
src/components/discover/__tests__/VideoCard.test.tsx(25,7): error TS2739: Type '{ id: string; creatorId: string; title: string; description: string; videoUrl: string; thumbnailUrl: string; duration: number; creditCost: number; category: string; tags: string[]; viewCount: number; ... 4 more ...; creator: { ...; }; }' is missing the following properties from type 'Video': coinPrice, aspectRatio
src/components/discover/__tests__/VideoGrid.test.tsx(1,18): error TS2305: Module '"@testing-library/react"' has no exported member 'screen'.
src/components/discover/__tests__/VideoGrid.test.tsx(1,26): error TS2305: Module '"@testing-library/react"' has no exported member 'fireEvent'.
src/components/discover/__tests__/VideoGrid.test.tsx(18,2): error TS2739: Type '{ id: string; creatorId: string; title: string; description: string; videoUrl: string; thumbnailUrl: string; duration: number; creditCost: number; category: string; tags: string[]; viewCount: number; ... 4 more ...; creator: { ...; }; }' is missing the following properties from type 'Video': coinPrice, aspectRatio
src/components/discover/__tests__/VideoGrid.test.tsx(41,2): error TS2739: Type '{ id: string; creatorId: string; title: string; description: string; videoUrl: string; thumbnailUrl: string; duration: number; creditCost: number; category: string; tags: string[]; viewCount: number; ... 4 more ...; creator: { ...; }; }' is missing the following properties from type 'Video': coinPrice, aspectRatio
src/components/home/__tests__/CategoryCarousel.test.tsx(1,18): error TS2305: Module '"@testing-library/react"' has no exported member 'screen'.
src/components/home/__tests__/CategoryCarousel.test.tsx(1,26): error TS2305: Module '"@testing-library/react"' has no exported member 'fireEvent'.
src/components/home/__tests__/CategoryCarousel.test.tsx(176,36): error TS7006: Parameter 'button' implicitly has an 'any' type.
src/components/home/__tests__/FeaturedShowsSection.test.tsx(1,18): error TS2305: Module '"@testing-library/react"' has no exported member 'screen'.
src/components/home/__tests__/FeaturedShowsSection.test.tsx(1,26): error TS2305: Module '"@testing-library/react"' has no exported member 'fireEvent'.
src/components/home/__tests__/FeaturedShowsSection.test.tsx(19,2): error TS2739: Type '{ id: string; creatorId: string; title: string; description: string; videoUrl: string; thumbnailUrl: string; duration: number; creditCost: number; category: string; tags: string[]; viewCount: number; totalEarnings: number; isActive: true; createdAt: Date; updatedAt: Date; }' is missing the following properties from type 'Video': coinPrice, aspectRatio
src/components/home/__tests__/FeaturedShowsSection.test.tsx(36,2): error TS2739: Type '{ id: string; creatorId: string; title: string; description: string; videoUrl: string; thumbnailUrl: string; duration: number; creditCost: number; category: string; tags: string[]; viewCount: number; totalEarnings: number; isActive: true; createdAt: Date; updatedAt: Date; }' is missing the following properties from type 'Video': coinPrice, aspectRatio
src/components/home/__tests__/MemberHomePage.test.tsx(1,18): error TS2305: Module '"@testing-library/react"' has no exported member 'screen'.
src/components/home/__tests__/TrendingCreatorsCarousel.test.tsx(1,18): error TS2305: Module '"@testing-library/react"' has no exported member 'screen'.
src/components/home/__tests__/TrendingCreatorsCarousel.test.tsx(1,26): error TS2305: Module '"@testing-library/react"' has no exported member 'fireEvent'.
src/components/home/__tests__/TrendingCreatorsCarousel.test.tsx(182,36): error TS7006: Parameter 'button' implicitly has an 'any' type.
src/components/home/__tests__/TrendingCreatorsCarousel.test.tsx(239,40): error TS7006: Parameter 'button' implicitly has an 'any' type.
src/components/landing/__tests__/CategoriesSection.integration.test.tsx(1,18): error TS2305: Module '"@testing-library/react"' has no exported member 'screen'.
src/components/landing/__tests__/CategoriesSection.integration.test.tsx(1,26): error TS2305: Module '"@testing-library/react"' has no exported member 'waitFor'.
src/components/landing/__tests__/CategoriesSection.test.tsx(1,18): error TS2305: Module '"@testing-library/react"' has no exported member 'screen'.
src/components/landing/__tests__/CategoriesSection.test.tsx(1,26): error TS2305: Module '"@testing-library/react"' has no exported member 'fireEvent'.
src/components/landing/__tests__/CategoriesSection.test.tsx(1,37): error TS2305: Module '"@testing-library/react"' has no exported member 'waitFor'.
src/components/landing/__tests__/CategoryCard.test.tsx(1,18): error TS2305: Module '"@testing-library/react"' has no exported member 'screen'.
src/components/landing/__tests__/CategoryCard.test.tsx(1,26): error TS2305: Module '"@testing-library/react"' has no exported member 'fireEvent'.
src/components/landing/__tests__/CategoryCard.test.tsx(177,27): error TS7006: Parameter 'content' implicitly has an 'any' type.
src/components/landing/__tests__/CategoryCard.test.tsx(177,36): error TS7006: Parameter 'element' implicitly has an 'any' type.
src/components/landing/__tests__/CategoryCard.test.tsx(180,27): error TS7006: Parameter 'content' implicitly has an 'any' type.
src/components/landing/__tests__/CategoryCard.test.tsx(180,36): error TS7006: Parameter 'element' implicitly has an 'any' type.
src/components/landing/__tests__/FeatureCard.test.tsx(1,18): error TS2305: Module '"@testing-library/react"' has no exported member 'screen'.
src/components/landing/__tests__/FeaturedHeroCarousel.test.tsx(2,18): error TS2305: Module '"@testing-library/react"' has no exported member 'screen'.
src/components/landing/__tests__/FeaturedHeroCarousel.test.tsx(2,26): error TS2305: Module '"@testing-library/react"' has no exported member 'fireEvent'.
src/components/landing/__tests__/FeaturedHeroCarousel.test.tsx(2,37): error TS2305: Module '"@testing-library/react"' has no exported member 'waitFor'.
src/components/landing/__tests__/FeaturedHeroCarousel.test.tsx(88,52): error TS7006: Parameter 'button' implicitly has an 'any' type.
src/components/landing/__tests__/FeaturesSection.integration.test.tsx(1,18): error TS2305: Module '"@testing-library/react"' has no exported member 'screen'.
src/components/landing/__tests__/FeaturesSection.integration.test.tsx(82,2): error TS18046: 'section' is of type 'unknown'.
src/components/landing/__tests__/FeaturesSection.integration.test.tsx(93,41): error TS7006: Parameter 'card' implicitly has an 'any' type.
src/components/landing/__tests__/FeaturesSection.integration.test.tsx(107,36): error TS7006: Parameter 'h' implicitly has an 'any' type.
src/components/landing/__tests__/FeaturesSection.test.tsx(1,18): error TS2305: Module '"@testing-library/react"' has no exported member 'screen'.
src/components/landing/__tests__/TrendingCreatorCard.test.tsx(2,18): error TS2305: Module '"@testing-library/react"' has no exported member 'screen'.
src/components/landing/__tests__/TrendingCreatorCard.test.tsx(2,26): error TS2305: Module '"@testing-library/react"' has no exported member 'fireEvent'.
src/components/landing/__tests__/TrendingCreatorCard.test.tsx(2,37): error TS2305: Module '"@testing-library/react"' has no exported member 'waitFor'.
src/components/landing/__tests__/TrendingCreatorsSection.test.tsx(2,18): error TS2305: Module '"@testing-library/react"' has no exported member 'screen'.
src/components/landing/__tests__/TrendingCreatorsSection.test.tsx(2,26): error TS2305: Module '"@testing-library/react"' has no exported member 'fireEvent'.
src/components/landing/__tests__/TrendingCreatorsSection.test.tsx(2,37): error TS2305: Module '"@testing-library/react"' has no exported member 'waitFor'.
src/components/landing/__tests__/TrendingShowCard.test.tsx(1,18): error TS2305: Module '"@testing-library/react"' has no exported member 'screen'.
src/components/landing/__tests__/TrendingShowCard.test.tsx(1,26): error TS2305: Module '"@testing-library/react"' has no exported member 'fireEvent'.
src/components/landing/__tests__/TrendingShowsSection.test.tsx(1,18): error TS2305: Module '"@testing-library/react"' has no exported member 'screen'.
src/components/landing/__tests__/TrendingShowsSection.test.tsx(1,26): error TS2305: Module '"@testing-library/react"' has no exported member 'fireEvent'.
src/components/landing/__tests__/TrendingShowsSection.test.tsx(1,37): error TS2305: Module '"@testing-library/react"' has no exported member 'waitFor'.
src/components/layout/__tests__/Breadcrumbs.test.tsx(2,18): error TS2305: Module '"@testing-library/react"' has no exported member 'screen'.
src/components/layout/__tests__/Breadcrumbs.test.tsx(2,26): error TS2305: Module '"@testing-library/react"' has no exported member 'fireEvent'.
src/components/layout/__tests__/Breadcrumbs.test.tsx(71,32): error TS2345: Argument of type '{ navigation: { breadcrumbs: { label: string; href: string; active: boolean; }[]; activeRoute: string; sidebarOpen: boolean; mobileMenuOpen: boolean; }; setBreadcrumbs: jest.Mock<any, any, any>; ... 10 more ...; getStorageInfo: jest.Mock<...>; }' is not assignable to parameter of type 'LayoutContextType'.
  Property 'setSidebarVisible' is missing in type '{ navigation: { breadcrumbs: { label: string; href: string; active: boolean; }[]; activeRoute: string; sidebarOpen: boolean; mobileMenuOpen: boolean; }; setBreadcrumbs: jest.Mock<any, any, any>; ... 10 more ...; getStorageInfo: jest.Mock<...>; }' but required in type 'LayoutContextType'.
src/components/layout/__tests__/Breadcrumbs.test.tsx(72,36): error TS2345: Argument of type '{ isMobile: boolean; isTouchDevice: boolean; isTablet: boolean; isDesktop: boolean; width: number; height: number; isMobileDevice: boolean; isSmallMobile: boolean; orientation: "landscape"; }' is not assignable to parameter of type 'ViewportInfo'.
  Type '{ isMobile: boolean; isTouchDevice: boolean; isTablet: boolean; isDesktop: boolean; width: number; height: number; isMobileDevice: boolean; isSmallMobile: boolean; orientation: "landscape"; }' is missing the following properties from type 'ViewportInfo': isLargeMobile, isSmallTablet, isLargeTablet, isSmallDesktop, isLargeDesktop
src/components/layout/__tests__/Breadcrumbs.test.tsx(104,2): error TS2741: Property 'sidebarVisible' is missing in type '{ breadcrumbs: never[]; activeRoute: string; sidebarOpen: boolean; mobileMenuOpen: boolean; }' but required in type 'NavigationState'.
src/components/layout/__tests__/Breadcrumbs.test.tsx(150,36): error TS2345: Argument of type '{ isMobile: true; isSmallMobile: true; width: number; height: number; isTouchDevice: boolean; isTablet: boolean; isDesktop: boolean; isMobileDevice: boolean; orientation: "landscape"; }' is not assignable to parameter of type 'ViewportInfo'.
  Type '{ isMobile: true; isSmallMobile: true; width: number; height: number; isTouchDevice: boolean; isTablet: boolean; isDesktop: boolean; isMobileDevice: boolean; orientation: "landscape"; }' is missing the following properties from type 'ViewportInfo': isLargeMobile, isSmallTablet, isLargeTablet, isSmallDesktop, isLargeDesktop
src/components/layout/__tests__/Breadcrumbs.test.tsx(168,2): error TS2741: Property 'sidebarVisible' is missing in type '{ breadcrumbs: { label: string; href: string; active: boolean; }[]; activeRoute: string; sidebarOpen: boolean; mobileMenuOpen: boolean; }' but required in type 'NavigationState'.
src/components/layout/__tests__/Breadcrumbs.test.tsx(184,36): error TS2345: Argument of type '{ isMobile: true; isSmallMobile: true; width: number; height: number; isTouchDevice: boolean; isTablet: boolean; isDesktop: boolean; isMobileDevice: boolean; orientation: "landscape"; }' is not assignable to parameter of type 'ViewportInfo'.
  Type '{ isMobile: true; isSmallMobile: true; width: number; height: number; isTouchDevice: boolean; isTablet: boolean; isDesktop: boolean; isMobileDevice: boolean; orientation: "landscape"; }' is missing the following properties from type 'ViewportInfo': isLargeMobile, isSmallTablet, isLargeTablet, isSmallDesktop, isLargeDesktop
src/components/layout/__tests__/Breadcrumbs.test.tsx(231,36): error TS2345: Argument of type '{ isMobile: true; isTouchDevice: boolean; isTablet: boolean; isDesktop: boolean; width: number; height: number; isMobileDevice: boolean; isSmallMobile: boolean; orientation: "landscape"; }' is not assignable to parameter of type 'ViewportInfo'.
  Type '{ isMobile: true; isTouchDevice: boolean; isTablet: boolean; isDesktop: boolean; width: number; height: number; isMobileDevice: boolean; isSmallMobile: boolean; orientation: "landscape"; }' is missing the following properties from type 'ViewportInfo': isLargeMobile, isSmallTablet, isLargeTablet, isSmallDesktop, isLargeDesktop
src/components/layout/__tests__/Breadcrumbs.test.tsx(246,2): error TS2741: Property 'sidebarVisible' is missing in type '{ breadcrumbs: { label: string; href: string; active: boolean; }[]; activeRoute: string; sidebarOpen: boolean; mobileMenuOpen: boolean; }' but required in type 'NavigationState'.
src/components/layout/__tests__/Breadcrumbs.test.tsx(361,2): error TS2741: Property 'sidebarVisible' is missing in type '{ breadcrumbs: never[]; activeRoute: string; sidebarOpen: true; mobileMenuOpen: false; }' but required in type 'NavigationState'.
src/components/layout/__tests__/CreatorDashboardNavigation.test.tsx(2,18): error TS2305: Module '"@testing-library/react"' has no exported member 'screen'.
src/components/layout/__tests__/CreatorDashboardNavigation.test.tsx(2,26): error TS2305: Module '"@testing-library/react"' has no exported member 'fireEvent'.
src/components/layout/__tests__/CreatorDashboardNavigation.test.tsx(2,37): error TS2305: Module '"@testing-library/react"' has no exported member 'waitFor'.
src/components/layout/__tests__/CreatorDashboardNavigation.test.tsx(140,37): error TS2345: Argument of type '{ user: { publicMetadata: { role: string; }; }; userProfile: { id: string; username: string; role: "creator"; email: string; clerkId: string; createdAt: Date; updatedAt: Date; }; isLoading: boolean; ... 6 more ...; clearError: jest.Mock<...>; }' is not assignable to parameter of type 'AuthContextType'.
  Type '{ user: { publicMetadata: { role: string; }; }; userProfile: { id: string; username: string; role: "creator"; email: string; clerkId: string; createdAt: Date; updatedAt: Date; }; isLoading: boolean; ... 6 more ...; clearError: Mock<...>; }' is missing the following properties from type 'AuthContextType': lastFetch, isOptimistic
src/components/layout/__tests__/CreatorDashboardNavigation.test.tsx(141,36): error TS2345: Argument of type '{ isMobile: boolean; isTouchDevice: boolean; isTablet: boolean; isDesktop: boolean; width: number; height: number; isMobileDevice: boolean; orientation: "landscape"; }' is not assignable to parameter of type 'ViewportInfo'.
  Type '{ isMobile: boolean; isTouchDevice: boolean; isTablet: boolean; isDesktop: boolean; width: number; height: number; isMobileDevice: boolean; orientation: "landscape"; }' is missing the following properties from type 'ViewportInfo': isSmallMobile, isLargeMobile, isSmallTablet, isLargeTablet, and 2 more.
src/components/layout/__tests__/CreatorDashboardNavigation.test.tsx(180,37): error TS2345: Argument of type '{ userProfile: { role: "member"; id: string; username: string; email: string; clerkId: string; createdAt: Date; updatedAt: Date; }; hasRole: jest.Mock<boolean, [role: string], any>; ... 7 more ...; clearError: jest.Mock<...>; }' is not assignable to parameter of type 'AuthContextType'.
  Type '{ userProfile: { role: "member"; id: string; username: string; email: string; clerkId: string; createdAt: Date; updatedAt: Date; }; hasRole: Mock<boolean, [role: string], any>; user: { ...; }; ... 6 more ...; clearError: Mock<...>; }' is missing the following properties from type 'AuthContextType': lastFetch, isOptimistic
src/components/layout/__tests__/CreatorDashboardNavigation.test.tsx(203,37): error TS2345: Argument of type '{ userProfile: { role: "member"; id: string; username: string; email: string; clerkId: string; createdAt: Date; updatedAt: Date; }; hasRole: jest.Mock<boolean, [role: string], any>; ... 7 more ...; clearError: jest.Mock<...>; }' is not assignable to parameter of type 'AuthContextType'.
  Type '{ userProfile: { role: "member"; id: string; username: string; email: string; clerkId: string; createdAt: Date; updatedAt: Date; }; hasRole: Mock<boolean, [role: string], any>; user: { ...; }; ... 6 more ...; clearError: Mock<...>; }' is missing the following properties from type 'AuthContextType': lastFetch, isOptimistic
src/components/layout/__tests__/CreatorDashboardNavigation.test.tsx(286,36): error TS2345: Argument of type '{ isMobile: true; isTouchDevice: true; isDesktop: false; width: number; height: number; isMobileDevice: true; isTablet: boolean; orientation: "landscape"; }' is not assignable to parameter of type 'ViewportInfo'.
  Type '{ isMobile: true; isTouchDevice: true; isDesktop: false; width: number; height: number; isMobileDevice: true; isTablet: boolean; orientation: "landscape"; }' is missing the following properties from type 'ViewportInfo': isSmallMobile, isLargeMobile, isSmallTablet, isLargeTablet, and 2 more.
src/components/layout/__tests__/CreatorDashboardNavigation.test.tsx(312,36): error TS2345: Argument of type '{ isMobile: true; isTouchDevice: true; isDesktop: false; width: number; height: number; isMobileDevice: true; isTablet: boolean; orientation: "landscape"; }' is not assignable to parameter of type 'ViewportInfo'.
  Type '{ isMobile: true; isTouchDevice: true; isDesktop: false; width: number; height: number; isMobileDevice: true; isTablet: boolean; orientation: "landscape"; }' is missing the following properties from type 'ViewportInfo': isSmallMobile, isLargeMobile, isSmallTablet, isLargeTablet, and 2 more.
src/components/layout/__tests__/CreatorDashboardNavigation.test.tsx(338,36): error TS2345: Argument of type '{ isMobile: true; isTouchDevice: true; isDesktop: false; width: number; height: number; isMobileDevice: true; isTablet: boolean; orientation: "landscape"; }' is not assignable to parameter of type 'ViewportInfo'.
  Type '{ isMobile: true; isTouchDevice: true; isDesktop: false; width: number; height: number; isMobileDevice: true; isTablet: boolean; orientation: "landscape"; }' is missing the following properties from type 'ViewportInfo': isSmallMobile, isLargeMobile, isSmallTablet, isLargeTablet, and 2 more.
src/components/layout/__tests__/CreatorDashboardNavigation.test.tsx(367,36): error TS2345: Argument of type '{ isMobile: true; isTouchDevice: true; isDesktop: false; width: number; height: number; isMobileDevice: true; isTablet: boolean; orientation: "landscape"; }' is not assignable to parameter of type 'ViewportInfo'.
  Type '{ isMobile: true; isTouchDevice: true; isDesktop: false; width: number; height: number; isMobileDevice: true; isTablet: boolean; orientation: "landscape"; }' is missing the following properties from type 'ViewportInfo': isSmallMobile, isLargeMobile, isSmallTablet, isLargeTablet, and 2 more.
src/components/layout/__tests__/CreatorDashboardNavigation.test.tsx(393,36): error TS2345: Argument of type '{ isMobile: true; isTouchDevice: true; isDesktop: false; width: number; height: number; isMobileDevice: true; isTablet: boolean; orientation: "landscape"; }' is not assignable to parameter of type 'ViewportInfo'.
  Type '{ isMobile: true; isTouchDevice: true; isDesktop: false; width: number; height: number; isMobileDevice: true; isTablet: boolean; orientation: "landscape"; }' is missing the following properties from type 'ViewportInfo': isSmallMobile, isLargeMobile, isSmallTablet, isLargeTablet, and 2 more.
src/components/layout/__tests__/CreatorDashboardNavigation.test.tsx(534,26): error TS7006: Parameter 'item' implicitly has an 'any' type.
src/components/layout/__tests__/CreatorDashboardNavigation.test.tsx(542,37): error TS2345: Argument of type '{ error: { type: "network"; message: string; retryable: true; }; isLoading: false; user: { publicMetadata: { role: string; }; }; userProfile: { id: string; username: string; role: "creator"; email: string; clerkId: string; createdAt: Date; updatedAt: Date; }; ... 5 more ...; clearError: jest.Mock<...>; }' is not assignable to parameter of type 'AuthContextType'.
  Type '{ error: { type: "network"; message: string; retryable: true; }; isLoading: false; user: { publicMetadata: { role: string; }; }; userProfile: { id: string; username: string; role: "creator"; email: string; clerkId: string; createdAt: Date; updatedAt: Date; }; ... 5 more ...; clearError: Mock<...>; }' is missing the following properties from type 'AuthContextType': lastFetch, isOptimistic
src/components/layout/__tests__/CreatorDashboardNavigation.test.tsx(560,37): error TS2345: Argument of type '{ isLoading: true; user: { publicMetadata: { role: string; }; }; userProfile: { id: string; username: string; role: "creator"; email: string; clerkId: string; createdAt: Date; updatedAt: Date; }; ... 6 more ...; clearError: jest.Mock<...>; }' is not assignable to parameter of type 'AuthContextType'.
  Type '{ isLoading: true; user: { publicMetadata: { role: string; }; }; userProfile: { id: string; username: string; role: "creator"; email: string; clerkId: string; createdAt: Date; updatedAt: Date; }; ... 6 more ...; clearError: Mock<...>; }' is missing the following properties from type 'AuthContextType': lastFetch, isOptimistic
src/components/layout/__tests__/CreatorFooter.test.tsx(1,18): error TS2305: Module '"@testing-library/react"' has no exported member 'screen'.
src/components/layout/__tests__/CreatorSidebar.integration.test.tsx(2,18): error TS2305: Module '"@testing-library/react"' has no exported member 'screen'.
src/components/layout/__tests__/CreatorSidebar.integration.test.tsx(2,26): error TS2305: Module '"@testing-library/react"' has no exported member 'fireEvent'.
src/components/layout/__tests__/CreatorSidebar.integration.test.tsx(52,2): error TS2740: Type '{ username: string; }' is missing the following properties from type 'UserProfile': id, clerkId, email, role, and 2 more.
src/components/layout/__tests__/CreatorSidebar.integration.test.tsx(53,2): error TS2740: Type '{ publicMetadata: { role: string; }; }' is missing the following properties from type 'UserResource': id, externalId, primaryEmailAddressId, primaryEmailAddress, and 61 more.
src/components/layout/__tests__/CreatorSidebar.integration.test.tsx(58,36): error TS2345: Argument of type '{ isMobile: false; isTouchDevice: false; isTablet: false; isDesktop: true; width: number; height: number; isMobileDevice: false; orientation: "landscape"; }' is not assignable to parameter of type 'ViewportInfo'.
  Type '{ isMobile: false; isTouchDevice: false; isTablet: false; isDesktop: true; width: number; height: number; isMobileDevice: false; orientation: "landscape"; }' is missing the following properties from type 'ViewportInfo': isSmallMobile, isLargeMobile, isSmallTablet, isLargeTablet, and 2 more.
src/components/layout/__tests__/CreatorSidebar.integration.test.tsx(127,36): error TS2345: Argument of type '{ isMobile: true; isTouchDevice: true; isTablet: false; isDesktop: false; width: number; height: number; isMobileDevice: true; orientation: "portrait"; }' is not assignable to parameter of type 'ViewportInfo'.
  Type '{ isMobile: true; isTouchDevice: true; isTablet: false; isDesktop: false; width: number; height: number; isMobileDevice: true; orientation: "portrait"; }' is missing the following properties from type 'ViewportInfo': isSmallMobile, isLargeMobile, isSmallTablet, isLargeTablet, and 2 more.
src/components/layout/__tests__/CreatorSidebar.test.tsx(2,18): error TS2305: Module '"@testing-library/react"' has no exported member 'screen'.
src/components/layout/__tests__/CreatorSidebar.test.tsx(2,26): error TS2305: Module '"@testing-library/react"' has no exported member 'fireEvent'.
src/components/layout/__tests__/CreatorSidebar.test.tsx(2,37): error TS2305: Module '"@testing-library/react"' has no exported member 'waitFor'.
src/components/layout/__tests__/CreatorSidebar.test.tsx(45,2): error TS2740: Type '{ username: string; }' is missing the following properties from type 'UserProfile': id, clerkId, email, role, and 2 more.
src/components/layout/__tests__/CreatorSidebar.test.tsx(50,36): error TS2345: Argument of type '{ isMobile: false; isTouchDevice: false; isTablet: false; isDesktop: true; width: number; height: number; isMobileDevice: false; orientation: "landscape"; }' is not assignable to parameter of type 'ViewportInfo'.
  Type '{ isMobile: false; isTouchDevice: false; isTablet: false; isDesktop: true; width: number; height: number; isMobileDevice: false; orientation: "landscape"; }' is missing the following properties from type 'ViewportInfo': isSmallMobile, isLargeMobile, isSmallTablet, isLargeTablet, and 2 more.
src/components/layout/__tests__/CreatorSidebar.test.tsx(116,38): error TS7006: Parameter 'link' implicitly has an 'any' type.
src/components/layout/__tests__/CreatorSidebar.test.tsx(126,36): error TS2345: Argument of type '{ isMobile: true; isTouchDevice: true; isTablet: false; isDesktop: false; width: number; height: number; isMobileDevice: true; orientation: "portrait"; }' is not assignable to parameter of type 'ViewportInfo'.
  Type '{ isMobile: true; isTouchDevice: true; isTablet: false; isDesktop: false; width: number; height: number; isMobileDevice: true; orientation: "portrait"; }' is missing the following properties from type 'ViewportInfo': isSmallMobile, isLargeMobile, isSmallTablet, isLargeTablet, and 2 more.
src/components/layout/__tests__/CreatorSidebar.test.tsx(144,36): error TS2345: Argument of type '{ isMobile: true; isTouchDevice: true; isTablet: false; isDesktop: false; width: number; height: number; isMobileDevice: true; orientation: "portrait"; }' is not assignable to parameter of type 'ViewportInfo'.
  Type '{ isMobile: true; isTouchDevice: true; isTablet: false; isDesktop: false; width: number; height: number; isMobileDevice: true; orientation: "portrait"; }' is missing the following properties from type 'ViewportInfo': isSmallMobile, isLargeMobile, isSmallTablet, isLargeTablet, and 2 more.
src/components/layout/__tests__/CreatorSidebar.test.tsx(165,36): error TS2345: Argument of type '{ isMobile: true; isTouchDevice: true; isTablet: false; isDesktop: false; width: number; height: number; isMobileDevice: true; orientation: "portrait"; }' is not assignable to parameter of type 'ViewportInfo'.
  Type '{ isMobile: true; isTouchDevice: true; isTablet: false; isDesktop: false; width: number; height: number; isMobileDevice: true; orientation: "portrait"; }' is missing the following properties from type 'ViewportInfo': isSmallMobile, isLargeMobile, isSmallTablet, isLargeTablet, and 2 more.
src/components/layout/__tests__/Footer.test.tsx(1,18): error TS2305: Module '"@testing-library/react"' has no exported member 'screen'.
src/components/layout/__tests__/Header.test.tsx(1,18): error TS2305: Module '"@testing-library/react"' has no exported member 'screen'.
src/components/layout/__tests__/Header.test.tsx(1,26): error TS2305: Module '"@testing-library/react"' has no exported member 'fireEvent'.
src/components/layout/__tests__/Header.test.tsx(1,37): error TS2305: Module '"@testing-library/react"' has no exported member 'waitFor'.
src/components/layout/__tests__/Header.test.tsx(123,44): error TS7006: Parameter 'link' implicitly has an 'any' type.
src/components/layout/__tests__/Header.test.tsx(172,16): error TS7006: Parameter 'link' implicitly has an 'any' type.
src/components/layout/__tests__/Header.test.tsx(184,25): error TS7006: Parameter 'link' implicitly has an 'any' type.
src/components/layout/__tests__/Header.test.tsx(185,26): error TS7006: Parameter 'link' implicitly has an 'any' type.
src/components/layout/__tests__/MemberLayout.test.tsx(2,18): error TS2305: Module '"@testing-library/react"' has no exported member 'screen'.
src/components/layout/__tests__/MemberLayout.test.tsx(2,26): error TS2305: Module '"@testing-library/react"' has no exported member 'fireEvent'.
src/components/layout/__tests__/MemberLayout.test.tsx(78,36): error TS2345: Argument of type '{ isMobile: false; isTablet: false; isDesktop: true; isTouchDevice: false; }' is not assignable to parameter of type 'ViewportInfo'.
  Type '{ isMobile: false; isTablet: false; isDesktop: true; isTouchDevice: false; }' is missing the following properties from type 'ViewportInfo': width, height, isMobileDevice, orientation, and 6 more.
src/components/layout/__tests__/MemberLayout.test.tsx(166,36): error TS2345: Argument of type '{ isMobile: true; isTablet: false; isDesktop: false; isTouchDevice: true; }' is not assignable to parameter of type 'ViewportInfo'.
  Type '{ isMobile: true; isTablet: false; isDesktop: false; isTouchDevice: true; }' is missing the following properties from type 'ViewportInfo': width, height, isMobileDevice, orientation, and 6 more.
src/components/layout/__tests__/MemberSidebar.test.tsx(2,18): error TS2305: Module '"@testing-library/react"' has no exported member 'screen'.
src/components/layout/__tests__/MemberSidebar.test.tsx(2,26): error TS2305: Module '"@testing-library/react"' has no exported member 'fireEvent'.
src/components/layout/__tests__/MemberSidebar.test.tsx(39,36): error TS2345: Argument of type '{ isMobile: false; isTablet: false; isDesktop: true; isTouchDevice: false; isSmallMobile: false; }' is not assignable to parameter of type 'ViewportInfo'.
  Type '{ isMobile: false; isTablet: false; isDesktop: true; isTouchDevice: false; isSmallMobile: false; }' is missing the following properties from type 'ViewportInfo': width, height, isMobileDevice, orientation, and 5 more.
src/components/layout/__tests__/MemberSidebar.test.tsx(126,36): error TS2345: Argument of type '{ isMobile: true; isTablet: false; isDesktop: false; isTouchDevice: true; }' is not assignable to parameter of type 'ViewportInfo'.
  Type '{ isMobile: true; isTablet: false; isDesktop: false; isTouchDevice: true; }' is missing the following properties from type 'ViewportInfo': width, height, isMobileDevice, orientation, and 6 more.
src/components/layout/__tests__/MemberSidebar.test.tsx(155,36): error TS2345: Argument of type '{ isMobile: true; isTablet: false; isDesktop: false; isTouchDevice: true; }' is not assignable to parameter of type 'ViewportInfo'.
  Type '{ isMobile: true; isTablet: false; isDesktop: false; isTouchDevice: true; }' is missing the following properties from type 'ViewportInfo': width, height, isMobileDevice, orientation, and 6 more.
src/components/layout/__tests__/MemberSidebar.test.tsx(167,36): error TS2345: Argument of type '{ isMobile: false; isTablet: false; isDesktop: true; isTouchDevice: false; }' is not assignable to parameter of type 'ViewportInfo'.
  Type '{ isMobile: false; isTablet: false; isDesktop: true; isTouchDevice: false; }' is missing the following properties from type 'ViewportInfo': width, height, isMobileDevice, orientation, and 6 more.
src/components/layout/__tests__/MemberSidebar.test.tsx(181,36): error TS2345: Argument of type '{ isMobile: true; isTablet: false; isDesktop: false; isTouchDevice: true; }' is not assignable to parameter of type 'ViewportInfo'.
  Type '{ isMobile: true; isTablet: false; isDesktop: false; isTouchDevice: true; }' is missing the following properties from type 'ViewportInfo': width, height, isMobileDevice, orientation, and 6 more.
src/components/layout/__tests__/ProtectedRoute.test.tsx(2,18): error TS2305: Module '"@testing-library/react"' has no exported member 'screen'.
src/components/layout/__tests__/ProtectedRoute.test.tsx(2,26): error TS2305: Module '"@testing-library/react"' has no exported member 'fireEvent'.
src/components/layout/__tests__/ProtectedRoute.test.tsx(2,37): error TS2305: Module '"@testing-library/react"' has no exported member 'waitFor'.
src/components/layout/__tests__/ProtectedRoute.test.tsx(69,37): error TS2345: Argument of type '{ user: { publicMetadata: { role: string; }; }; userProfile: { id: string; username: string; role: "creator"; email: string; clerkId: string; createdAt: Date; updatedAt: Date; }; isLoading: boolean; ... 6 more ...; clearError: jest.Mock<...>; }' is not assignable to parameter of type 'AuthContextType'.
  Type '{ user: { publicMetadata: { role: string; }; }; userProfile: { id: string; username: string; role: "creator"; email: string; clerkId: string; createdAt: Date; updatedAt: Date; }; isLoading: boolean; ... 6 more ...; clearError: Mock<...>; }' is missing the following properties from type 'AuthContextType': lastFetch, isOptimistic
src/components/layout/__tests__/ProtectedRoute.test.tsx(86,37): error TS2345: Argument of type '{ isLoading: true; user: { publicMetadata: { role: string; }; }; userProfile: { id: string; username: string; role: "creator"; email: string; clerkId: string; createdAt: Date; updatedAt: Date; }; ... 6 more ...; clearError: jest.Mock<...>; }' is not assignable to parameter of type 'AuthContextType'.
  Type '{ isLoading: true; user: { publicMetadata: { role: string; }; }; userProfile: { id: string; username: string; role: "creator"; email: string; clerkId: string; createdAt: Date; updatedAt: Date; }; ... 6 more ...; clearError: Mock<...>; }' is missing the following properties from type 'AuthContextType': lastFetch, isOptimistic
src/components/layout/__tests__/ProtectedRoute.test.tsx(105,2): error TS2322: Type '{ type: string; message: string; retryable: boolean; }' is not assignable to type 'AuthError'.
  Types of property 'type' are incompatible.
    Type 'string' is not assignable to type '"network" | "unauthorized" | "profile_not_found" | "session_expired" | "unknown"'.
src/components/layout/__tests__/ProtectedRoute.test.tsx(121,37): error TS2345: Argument of type '{ isSignedIn: false; userProfile: null; user: { publicMetadata: { role: string; }; }; isLoading: boolean; error: null; hasRole: jest.Mock<boolean, [role: string], any>; signOut: jest.Mock<any, any, any>; updateUserProfile: jest.Mock<...>; retry: jest.Mock<...>; clearError: jest.Mock<...>; }' is not assignable to parameter of type 'AuthContextType'.
  Type '{ isSignedIn: false; userProfile: null; user: { publicMetadata: { role: string; }; }; isLoading: boolean; error: null; hasRole: Mock<boolean, [role: string], any>; signOut: Mock<any, any, any>; updateUserProfile: Mock<...>; retry: Mock<...>; clearError: Mock<...>; }' is missing the following properties from type 'AuthContextType': lastFetch, isOptimistic
src/components/layout/__tests__/ProtectedRoute.test.tsx(139,37): error TS2345: Argument of type '{ userProfile: null; user: { publicMetadata: { role: string; }; }; isLoading: boolean; isSignedIn: boolean; error: null; hasRole: jest.Mock<boolean, [role: string], any>; signOut: jest.Mock<any, any, any>; updateUserProfile: jest.Mock<...>; retry: jest.Mock<...>; clearError: jest.Mock<...>; }' is not assignable to parameter of type 'AuthContextType'.
  Type '{ userProfile: null; user: { publicMetadata: { role: string; }; }; isLoading: boolean; isSignedIn: boolean; error: null; hasRole: Mock<boolean, [role: string], any>; signOut: Mock<any, any, any>; updateUserProfile: Mock<...>; retry: Mock<...>; clearError: Mock<...>; }' is missing the following properties from type 'AuthContextType': lastFetch, isOptimistic
src/components/layout/__tests__/ProtectedRoute.test.tsx(178,37): error TS2345: Argument of type '{ userProfile: { role: "member"; id: string; username: string; email: string; clerkId: string; createdAt: Date; updatedAt: Date; }; hasRole: jest.Mock<boolean, [role: string], any>; ... 7 more ...; clearError: jest.Mock<...>; }' is not assignable to parameter of type 'AuthContextType'.
  Type '{ userProfile: { role: "member"; id: string; username: string; email: string; clerkId: string; createdAt: Date; updatedAt: Date; }; hasRole: Mock<boolean, [role: string], any>; user: { ...; }; ... 6 more ...; clearError: Mock<...>; }' is missing the following properties from type 'AuthContextType': lastFetch, isOptimistic
src/components/layout/__tests__/ProtectedRoute.test.tsx(200,44): error TS2322: Type '"admin"' is not assignable to type 'UserRole'.
src/components/layout/__tests__/ProtectedRoute.test.tsx(209,37): error TS2345: Argument of type '{ userProfile: { role: "member"; id: string; username: string; email: string; clerkId: string; createdAt: Date; updatedAt: Date; }; hasRole: jest.Mock<boolean, [role: string], any>; ... 7 more ...; clearError: jest.Mock<...>; }' is not assignable to parameter of type 'AuthContextType'.
  Type '{ userProfile: { role: "member"; id: string; username: string; email: string; clerkId: string; createdAt: Date; updatedAt: Date; }; hasRole: Mock<boolean, [role: string], any>; user: { ...; }; ... 6 more ...; clearError: Mock<...>; }' is missing the following properties from type 'AuthContextType': lastFetch, isOptimistic
src/components/layout/__tests__/ProtectedRoute.test.tsx(219,44): error TS2322: Type '"admin"' is not assignable to type 'UserRole'.
src/components/layout/__tests__/ProtectedRoute.test.tsx(230,37): error TS2345: Argument of type '{ userProfile: { role: "member"; id: string; username: string; email: string; clerkId: string; createdAt: Date; updatedAt: Date; }; hasRole: jest.Mock<boolean, [role: string], any>; ... 7 more ...; clearError: jest.Mock<...>; }' is not assignable to parameter of type 'AuthContextType'.
  Type '{ userProfile: { role: "member"; id: string; username: string; email: string; clerkId: string; createdAt: Date; updatedAt: Date; }; hasRole: Mock<boolean, [role: string], any>; user: { ...; }; ... 6 more ...; clearError: Mock<...>; }' is missing the following properties from type 'AuthContextType': lastFetch, isOptimistic
src/components/layout/__tests__/ProtectedRoute.test.tsx(253,37): error TS2345: Argument of type '{ isSignedIn: false; userProfile: null; user: { publicMetadata: { role: string; }; }; isLoading: boolean; error: null; hasRole: jest.Mock<boolean, [role: string], any>; signOut: jest.Mock<any, any, any>; updateUserProfile: jest.Mock<...>; retry: jest.Mock<...>; clearError: jest.Mock<...>; }' is not assignable to parameter of type 'AuthContextType'.
  Type '{ isSignedIn: false; userProfile: null; user: { publicMetadata: { role: string; }; }; isLoading: boolean; error: null; hasRole: Mock<boolean, [role: string], any>; signOut: Mock<any, any, any>; updateUserProfile: Mock<...>; retry: Mock<...>; clearError: Mock<...>; }' is missing the following properties from type 'AuthContextType': lastFetch, isOptimistic
src/components/layout/__tests__/ProtectedRoute.test.tsx(271,37): error TS2345: Argument of type '{ isLoading: true; user: { publicMetadata: { role: string; }; }; userProfile: { id: string; username: string; role: "creator"; email: string; clerkId: string; createdAt: Date; updatedAt: Date; }; ... 6 more ...; clearError: jest.Mock<...>; }' is not assignable to parameter of type 'AuthContextType'.
  Type '{ isLoading: true; user: { publicMetadata: { role: string; }; }; userProfile: { id: string; username: string; role: "creator"; email: string; clerkId: string; createdAt: Date; updatedAt: Date; }; ... 6 more ...; clearError: Mock<...>; }' is missing the following properties from type 'AuthContextType': lastFetch, isOptimistic
src/components/layout/__tests__/ProtectedRoute.test.tsx(289,37): error TS2345: Argument of type '{ userProfile: null; user: { publicMetadata: { role: string; }; }; isLoading: boolean; isSignedIn: boolean; error: null; hasRole: jest.Mock<boolean, [role: string], any>; signOut: jest.Mock<any, any, any>; updateUserProfile: jest.Mock<...>; retry: jest.Mock<...>; clearError: jest.Mock<...>; }' is not assignable to parameter of type 'AuthContextType'.
  Type '{ userProfile: null; user: { publicMetadata: { role: string; }; }; isLoading: boolean; isSignedIn: boolean; error: null; hasRole: Mock<boolean, [role: string], any>; signOut: Mock<any, any, any>; updateUserProfile: Mock<...>; retry: Mock<...>; clearError: Mock<...>; }' is missing the following properties from type 'AuthContextType': lastFetch, isOptimistic
src/components/layout/__tests__/ProtectedRoute.test.tsx(306,37): error TS2345: Argument of type '{ userProfile: { role: "member"; id: string; username: string; email: string; clerkId: string; createdAt: Date; updatedAt: Date; }; hasRole: jest.Mock<boolean, [role: string], any>; ... 7 more ...; clearError: jest.Mock<...>; }' is not assignable to parameter of type 'AuthContextType'.
  Type '{ userProfile: { role: "member"; id: string; username: string; email: string; clerkId: string; createdAt: Date; updatedAt: Date; }; hasRole: Mock<boolean, [role: string], any>; user: { ...; }; ... 6 more ...; clearError: Mock<...>; }' is missing the following properties from type 'AuthContextType': lastFetch, isOptimistic
src/components/layout/__tests__/ProtectedRoute.test.tsx(352,2): error TS2322: Type '{ type: string; message: string; retryable: boolean; }' is not assignable to type 'AuthError'.
  Types of property 'type' are incompatible.
    Type 'string' is not assignable to type '"network" | "unauthorized" | "profile_not_found" | "session_expired" | "unknown"'.
src/components/layout/__tests__/ProtectedRoute.test.tsx(374,2): error TS2322: Type '{ type: string; message: string; retryable: boolean; }' is not assignable to type 'AuthError'.
  Types of property 'type' are incompatible.
    Type 'string' is not assignable to type '"network" | "unauthorized" | "profile_not_found" | "session_expired" | "unknown"'.
src/components/layout/__tests__/ProtectedRoute.test.tsx(404,2): error TS2740: Type '{ publicMetadata: { role: string; }; }' is missing the following properties from type 'UserResource': id, externalId, primaryEmailAddressId, primaryEmailAddress, and 61 more.
src/components/layout/__tests__/ProtectedRoute.test.tsx(437,2): error TS2740: Type '{ publicMetadata: { role: string; }; }' is missing the following properties from type 'UserResource': id, externalId, primaryEmailAddressId, primaryEmailAddress, and 61 more.
src/components/layout/__tests__/ProtectedRoute.test.tsx(480,2): error TS2740: Type '{ publicMetadata: { role: string; }; }' is missing the following properties from type 'UserResource': id, externalId, primaryEmailAddressId, primaryEmailAddress, and 61 more.
src/components/layout/__tests__/ProtectedRoute.test.tsx(528,2): error TS2740: Type '{ publicMetadata: { role: string; }; }' is missing the following properties from type 'UserResource': id, externalId, primaryEmailAddressId, primaryEmailAddress, and 61 more.
src/components/layout/__tests__/ProtectedRoute.test.tsx(568,37): error TS2345: Argument of type '{ user: null; userProfile: null; isLoading: true; isSignedIn: false; error: null; hasRole: jest.Mock<boolean, [], any>; signOut: jest.Mock<any, any, any>; updateUserProfile: jest.Mock<any, any, any>; retry: jest.Mock<...>; clearError: jest.Mock<...>; }' is not assignable to parameter of type 'AuthContextType'.
  Type '{ user: null; userProfile: null; isLoading: true; isSignedIn: false; error: null; hasRole: Mock<boolean, [], any>; signOut: Mock<any, any, any>; updateUserProfile: Mock<any, any, any>; retry: Mock<...>; clearError: Mock<...>; }' is missing the following properties from type 'AuthContextType': lastFetch, isOptimistic
src/components/layout/__tests__/UserFooter.test.tsx(2,18): error TS2305: Module '"@testing-library/react"' has no exported member 'screen'.
src/components/payments/__tests__/PaymentModal.test.tsx(2,18): error TS2305: Module '"@testing-library/react"' has no exported member 'screen'.
src/components/payments/__tests__/PaymentModal.test.tsx(2,26): error TS2305: Module '"@testing-library/react"' has no exported member 'fireEvent'.
src/components/payments/__tests__/PaymentModal.test.tsx(2,37): error TS2305: Module '"@testing-library/react"' has no exported member 'waitFor'.
src/components/payments/__tests__/PaymentModal.test.tsx(175,40): error TS7006: Parameter 'button' implicitly has an 'any' type.
src/components/profile/__tests__/AvatarUpload.test.tsx(2,18): error TS2305: Module '"@testing-library/react"' has no exported member 'screen'.
src/components/profile/__tests__/AvatarUpload.test.tsx(2,26): error TS2305: Module '"@testing-library/react"' has no exported member 'fireEvent'.
src/components/profile/__tests__/AvatarUpload.test.tsx(2,37): error TS2305: Module '"@testing-library/react"' has no exported member 'waitFor'.
src/components/profile/__tests__/ProfileDropdown.navigation.test.tsx(2,18): error TS2305: Module '"@testing-library/react"' has no exported member 'screen'.
src/components/profile/__tests__/ProfileDropdown.navigation.test.tsx(2,26): error TS2305: Module '"@testing-library/react"' has no exported member 'fireEvent'.
src/components/profile/__tests__/ProfileDropdown.navigation.test.tsx(2,37): error TS2305: Module '"@testing-library/react"' has no exported member 'waitFor'.
src/components/profile/__tests__/ProfileDropdown.test.tsx(2,18): error TS2305: Module '"@testing-library/react"' has no exported member 'screen'.
src/components/profile/__tests__/ProfileDropdown.test.tsx(2,26): error TS2305: Module '"@testing-library/react"' has no exported member 'fireEvent'.
src/components/profile/__tests__/ProfileDropdown.test.tsx(2,37): error TS2305: Module '"@testing-library/react"' has no exported member 'waitFor'.
src/components/profile/__tests__/ProfileErrorBoundary.test.tsx(2,18): error TS2305: Module '"@testing-library/react"' has no exported member 'screen'.
src/components/profile/__tests__/ProfileErrorBoundary.test.tsx(2,26): error TS2305: Module '"@testing-library/react"' has no exported member 'fireEvent'.
src/components/profile/__tests__/ProfileErrorBoundary.test.tsx(2,37): error TS2305: Module '"@testing-library/react"' has no exported member 'waitFor'.
src/components/profile/__tests__/ProfileForm.test.tsx(2,18): error TS2305: Module '"@testing-library/react"' has no exported member 'screen'.
src/components/profile/__tests__/ProfileForm.test.tsx(2,26): error TS2305: Module '"@testing-library/react"' has no exported member 'fireEvent'.
src/components/profile/__tests__/ProfileForm.test.tsx(2,37): error TS2305: Module '"@testing-library/react"' has no exported member 'waitFor'.
src/components/profile/__tests__/UserSettings.test.tsx(2,18): error TS2305: Module '"@testing-library/react"' has no exported member 'screen'.
src/components/profile/__tests__/UserSettings.test.tsx(2,26): error TS2305: Module '"@testing-library/react"' has no exported member 'fireEvent'.
src/components/profile/__tests__/UserSettings.test.tsx(2,37): error TS2305: Module '"@testing-library/react"' has no exported member 'waitFor'.
src/components/reels/__tests__/GestureHandling.test.tsx(2,18): error TS2305: Module '"@testing-library/react"' has no exported member 'screen'.
src/components/reels/__tests__/GestureHandling.test.tsx(2,26): error TS2305: Module '"@testing-library/react"' has no exported member 'fireEvent'.
src/components/reels/__tests__/GestureHandling.test.tsx(59,2): error TS2739: Type '{ id: string; creatorId: string; title: string; videoUrl: string; thumbnailUrl: string; duration: number; creditCost: number; category: string; tags: string[]; viewCount: number; totalEarnings: number; isActive: true; createdAt: Date; updatedAt: Date; }' is missing the following properties from type 'Video': coinPrice, aspectRatio
src/components/reels/__tests__/GestureHandling.test.tsx(75,2): error TS2739: Type '{ id: string; creatorId: string; title: string; videoUrl: string; thumbnailUrl: string; duration: number; creditCost: number; category: string; tags: string[]; viewCount: number; totalEarnings: number; isActive: true; createdAt: Date; updatedAt: Date; }' is missing the following properties from type 'Video': coinPrice, aspectRatio
src/components/reels/__tests__/GestureHandling.test.tsx(91,2): error TS2739: Type '{ id: string; creatorId: string; title: string; videoUrl: string; thumbnailUrl: string; duration: number; creditCost: number; category: string; tags: string[]; viewCount: number; totalEarnings: number; isActive: true; createdAt: Date; updatedAt: Date; }' is missing the following properties from type 'Video': coinPrice, aspectRatio
src/components/reels/__tests__/GestureHandling.test.tsx(123,2): error TS2322: Type 'Mock<UnknownFunction>' is not assignable to type '(videoId: string) => Promise<void>'.
  Type 'unknown' is not assignable to type 'Promise<void>'.
src/components/reels/__tests__/GestureHandling.test.tsx(148,2): error TS2322: Type 'Mock<UnknownFunction>' is not assignable to type '(videoId: string) => Promise<void>'.
  Type 'unknown' is not assignable to type 'Promise<void>'.
src/components/reels/__tests__/GestureHandling.test.tsx(173,2): error TS2322: Type 'Mock<UnknownFunction>' is not assignable to type '(videoId: string) => Promise<void>'.
  Type 'unknown' is not assignable to type 'Promise<void>'.
src/components/reels/__tests__/GestureHandling.test.tsx(198,2): error TS2322: Type 'Mock<UnknownFunction>' is not assignable to type '(videoId: string) => Promise<void>'.
  Type 'unknown' is not assignable to type 'Promise<void>'.
src/components/reels/__tests__/GestureHandling.test.tsx(223,2): error TS2322: Type 'Mock<UnknownFunction>' is not assignable to type '(videoId: string) => Promise<void>'.
  Type 'unknown' is not assignable to type 'Promise<void>'.
src/components/reels/__tests__/GestureHandling.test.tsx(241,2): error TS2322: Type 'Mock<UnknownFunction>' is not assignable to type '(videoId: string) => Promise<void>'.
  Type 'unknown' is not assignable to type 'Promise<void>'.
src/components/reels/__tests__/GestureHandling.test.tsx(267,2): error TS2322: Type 'Mock<UnknownFunction>' is not assignable to type '(videoId: string) => Promise<void>'.
  Type 'unknown' is not assignable to type 'Promise<void>'.
src/components/reels/__tests__/GestureHandling.test.tsx(286,2): error TS2322: Type 'Mock<UnknownFunction>' is not assignable to type '(videoId: string) => Promise<void>'.
  Type 'unknown' is not assignable to type 'Promise<void>'.
src/components/reels/__tests__/GestureHandling.test.tsx(309,2): error TS2322: Type 'Mock<UnknownFunction>' is not assignable to type '(videoId: string) => Promise<void>'.
  Type 'unknown' is not assignable to type 'Promise<void>'.
src/components/reels/__tests__/GestureHandling.test.tsx(334,2): error TS2322: Type 'Mock<UnknownFunction>' is not assignable to type '(videoId: string) => Promise<void>'.
  Type 'unknown' is not assignable to type 'Promise<void>'.
src/components/reels/__tests__/GestureHandling.test.tsx(365,2): error TS2322: Type 'Mock<UnknownFunction>' is not assignable to type '(videoId: string) => Promise<void>'.
  Type 'unknown' is not assignable to type 'Promise<void>'.
src/components/reels/__tests__/ReelsInterface.test.tsx(2,18): error TS2305: Module '"@testing-library/react"' has no exported member 'screen'.
src/components/reels/__tests__/ReelsInterface.test.tsx(2,26): error TS2305: Module '"@testing-library/react"' has no exported member 'fireEvent'.
src/components/reels/__tests__/ReelsInterface.test.tsx(2,37): error TS2305: Module '"@testing-library/react"' has no exported member 'waitFor'.
src/components/reels/__tests__/ReelsInterface.test.tsx(48,2): error TS2739: Type '{ id: string; creatorId: string; title: string; description: string; videoUrl: string; thumbnailUrl: string; duration: number; creditCost: number; category: string; tags: string[]; viewCount: number; ... 4 more ...; creator: { ...; }; }' is missing the following properties from type 'Video': coinPrice, aspectRatio
src/components/reels/__tests__/ReelsInterface.test.tsx(71,2): error TS2739: Type '{ id: string; creatorId: string; title: string; description: string; videoUrl: string; thumbnailUrl: string; duration: number; creditCost: number; category: string; tags: string[]; viewCount: number; ... 4 more ...; creator: { ...; }; }' is missing the following properties from type 'Video': coinPrice, aspectRatio
src/components/reels/__tests__/ReelsInterface.test.tsx(110,2): error TS2322: Type 'Mock<UnknownFunction>' is not assignable to type '(videoId: string) => Promise<void>'.
  Type 'unknown' is not assignable to type 'Promise<void>'.
src/components/reels/__tests__/ReelsInterface.test.tsx(124,2): error TS2322: Type 'Mock<UnknownFunction>' is not assignable to type '(videoId: string) => Promise<void>'.
  Type 'unknown' is not assignable to type 'Promise<void>'.
src/components/reels/__tests__/ReelsInterface.test.tsx(137,2): error TS2322: Type 'Mock<UnknownFunction>' is not assignable to type '(videoId: string) => Promise<void>'.
  Type 'unknown' is not assignable to type 'Promise<void>'.
src/components/reels/__tests__/ReelsInterface.test.tsx(151,2): error TS2322: Type 'Mock<UnknownFunction>' is not assignable to type '(videoId: string) => Promise<void>'.
  Type 'unknown' is not assignable to type 'Promise<void>'.
src/components/reels/__tests__/ReelsInterface.test.tsx(167,2): error TS2322: Type 'Mock<UnknownFunction>' is not assignable to type '(videoId: string) => Promise<void>'.
  Type 'unknown' is not assignable to type 'Promise<void>'.
src/components/reels/__tests__/ReelsInterface.test.tsx(178,2): error TS2322: Type 'Mock<UnknownFunction>' is not assignable to type '(videoId: string) => Promise<void>'.
  Type 'unknown' is not assignable to type 'Promise<void>'.
src/components/reels/__tests__/ReelsInterface.test.tsx(186,37): error TS2345: Argument of type 'undefined' is not assignable to parameter of type 'never'.
src/components/reels/__tests__/ReelsInterface.test.tsx(193,2): error TS2322: Type 'Mock<UnknownFunction>' is not assignable to type '(videoId: string) => Promise<void>'.
  Type 'unknown' is not assignable to type 'Promise<void>'.
src/components/reels/__tests__/ReelsInterface.test.tsx(211,2): error TS2322: Type 'Mock<UnknownFunction>' is not assignable to type '(videoId: string) => Promise<void>'.
  Type 'unknown' is not assignable to type 'Promise<void>'.
src/components/reels/__tests__/ReelsInterface.test.tsx(227,2): error TS2322: Type 'Mock<UnknownFunction>' is not assignable to type '(videoId: string) => Promise<void>'.
  Type 'unknown' is not assignable to type 'Promise<void>'.
src/components/reels/__tests__/ReelsInterface.test.tsx(243,2): error TS2322: Type 'Mock<UnknownFunction>' is not assignable to type '(videoId: string) => Promise<void>'.
  Type 'unknown' is not assignable to type 'Promise<void>'.
src/components/reels/__tests__/ReelsInterface.test.tsx(256,2): error TS2322: Type 'Mock<UnknownFunction>' is not assignable to type '(videoId: string) => Promise<void>'.
  Type 'unknown' is not assignable to type 'Promise<void>'.
src/components/reels/__tests__/ReelsInterface.test.tsx(269,2): error TS2322: Type 'Mock<UnknownFunction>' is not assignable to type '(videoId: string) => Promise<void>'.
  Type 'unknown' is not assignable to type 'Promise<void>'.
src/components/reels/__tests__/ReelsInterface.test.tsx(294,2): error TS2322: Type 'Mock<UnknownFunction>' is not assignable to type '(videoId: string) => Promise<void>'.
  Type 'unknown' is not assignable to type 'Promise<void>'.
src/components/reels/__tests__/ReelsInterface.test.tsx(304,37): error TS2345: Argument of type 'Error' is not assignable to parameter of type 'never'.
src/components/reels/__tests__/ReelsInterface.test.tsx(311,2): error TS2322: Type 'Mock<UnknownFunction>' is not assignable to type '(videoId: string) => Promise<void>'.
  Type 'unknown' is not assignable to type 'Promise<void>'.
src/components/reels/__tests__/VideoOverlay.test.tsx(2,18): error TS2305: Module '"@testing-library/react"' has no exported member 'screen'.
src/components/reels/__tests__/VideoOverlay.test.tsx(2,26): error TS2305: Module '"@testing-library/react"' has no exported member 'fireEvent'.
src/components/reels/__tests__/VideoOverlay.test.tsx(21,7): error TS2739: Type '{ id: string; creatorId: string; title: string; description: string; videoUrl: string; thumbnailUrl: string; duration: number; creditCost: number; category: string; tags: string[]; viewCount: number; ... 4 more ...; creator: { ...; }; }' is missing the following properties from type 'Video': coinPrice, aspectRatio
src/components/reels/__tests__/VideoPlayer.test.tsx(2,18): error TS2305: Module '"@testing-library/react"' has no exported member 'screen'.
src/components/reels/__tests__/VideoPlayer.test.tsx(2,26): error TS2305: Module '"@testing-library/react"' has no exported member 'fireEvent'.
src/components/reels/__tests__/VideoPlayer.test.tsx(2,37): error TS2305: Module '"@testing-library/react"' has no exported member 'waitFor'.
src/components/reels/__tests__/VideoPlayer.test.tsx(20,7): error TS2739: Type '{ id: string; creatorId: string; title: string; description: string; videoUrl: string; thumbnailUrl: string; duration: number; creditCost: number; category: string; tags: string[]; viewCount: number; ... 4 more ...; creator: { ...; }; }' is missing the following properties from type 'Video': coinPrice, aspectRatio
src/components/reels/__tests__/VideoPlayer.test.tsx(53,37): error TS2345: Argument of type 'undefined' is not assignable to parameter of type 'never'.
src/components/sections/__tests__/AnimationPerformance.test.tsx(2,18): error TS2305: Module '"@testing-library/react"' has no exported member 'screen'.
src/components/sections/__tests__/FAQSection.performance.test.tsx(2,18): error TS2305: Module '"@testing-library/react"' has no exported member 'screen'.
src/components/sections/__tests__/FAQSection.performance.test.tsx(2,26): error TS2305: Module '"@testing-library/react"' has no exported member 'fireEvent'.
src/components/sections/__tests__/FAQSection.responsive.test.tsx(2,18): error TS2305: Module '"@testing-library/react"' has no exported member 'screen'.
src/components/sections/__tests__/FAQSection.responsive.test.tsx(112,26): error TS7006: Parameter 'header' implicitly has an 'any' type.
src/components/sections/__tests__/FAQSection.test.tsx(2,18): error TS2305: Module '"@testing-library/react"' has no exported member 'screen'.
src/components/sections/__tests__/FAQSection.test.tsx(2,26): error TS2305: Module '"@testing-library/react"' has no exported member 'fireEvent'.
src/components/sections/__tests__/FAQSection.test.tsx(2,37): error TS2305: Module '"@testing-library/react"' has no exported member 'waitFor'.
src/components/sections/__tests__/FAQSection.test.tsx(266,30): error TS7006: Parameter 'header' implicitly has an 'any' type.
src/components/sections/__tests__/FAQSection.test.tsx(269,29): error TS7006: Parameter 'header' implicitly has an 'any' type.
src/components/sections/__tests__/FAQSection.test.tsx(272,28): error TS7006: Parameter 'header' implicitly has an 'any' type.
src/components/sections/__tests__/FAQSection.test.tsx(275,29): error TS7006: Parameter 'header' implicitly has an 'any' type.
src/components/sections/__tests__/FAQSection.test.tsx(282,52): error TS7006: Parameter 'header' implicitly has an 'any' type.
src/components/sections/__tests__/FeatureSection.performance.test.tsx(1,18): error TS2305: Module '"@testing-library/react"' has no exported member 'screen'.
src/components/sections/__tests__/FeatureSection.performance.test.tsx(91,17): error TS7006: Parameter 'icon' implicitly has an 'any' type.
src/components/sections/__tests__/FeatureSection.performance.test.tsx(91,23): error TS7006: Parameter 'index' implicitly has an 'any' type.
src/components/sections/__tests__/FeatureSection.test.tsx(1,18): error TS2305: Module '"@testing-library/react"' has no exported member 'screen'.
src/components/sections/__tests__/FeatureSection.test.tsx(1,26): error TS2305: Module '"@testing-library/react"' has no exported member 'fireEvent'.
src/components/sections/__tests__/FeatureSection.test.tsx(1,37): error TS2305: Module '"@testing-library/react"' has no exported member 'waitFor'.
src/components/sections/__tests__/FeatureSection.test.tsx(154,56): error TS7006: Parameter 'icon' implicitly has an 'any' type.
src/components/sections/__tests__/FeatureSection.test.tsx(156,25): error TS7006: Parameter 'container' implicitly has an 'any' type.
src/components/sections/__tests__/HeroSection.test.tsx(1,18): error TS2305: Module '"@testing-library/react"' has no exported member 'screen'.
src/components/sections/__tests__/HeroSection.test.tsx(1,26): error TS2305: Module '"@testing-library/react"' has no exported member 'waitFor'.
src/components/sections/__tests__/HeroSection.test.tsx(4,10): error TS2300: Duplicate identifier 'it'.
src/components/sections/__tests__/HeroSection.test.tsx(5,10): error TS2300: Duplicate identifier 'it'.
src/components/sections/__tests__/HeroSection.test.tsx(6,10): error TS2300: Duplicate identifier 'it'.
src/components/sections/__tests__/HeroSection.test.tsx(7,10): error TS2300: Duplicate identifier 'it'.
src/components/sections/__tests__/HeroSection.test.tsx(8,10): error TS2300: Duplicate identifier 'it'.
src/components/sections/__tests__/HeroSection.test.tsx(9,10): error TS2300: Duplicate identifier 'it'.
src/components/sections/__tests__/HeroSection.test.tsx(10,10): error TS2300: Duplicate identifier 'it'.
src/components/sections/__tests__/HeroSection.test.tsx(11,10): error TS2300: Duplicate identifier 'it'.
src/components/sections/__tests__/HeroSection.test.tsx(12,10): error TS2300: Duplicate identifier 'it'.
src/components/sections/__tests__/HeroSection.test.tsx(13,10): error TS2300: Duplicate identifier 'it'.
src/components/sections/__tests__/HeroSection.test.tsx(14,10): error TS2300: Duplicate identifier 'it'.
src/components/sections/__tests__/HowItWorksSection.responsive.test.tsx(1,18): error TS2305: Module '"@testing-library/react"' has no exported member 'screen'.
src/components/sections/__tests__/HowItWorksSection.test.tsx(1,18): error TS2305: Module '"@testing-library/react"' has no exported member 'screen'.
src/components/sections/__tests__/HowItWorksSection.test.tsx(1,26): error TS2305: Module '"@testing-library/react"' has no exported member 'fireEvent'.
src/components/sections/__tests__/HowItWorksSection.test.tsx(1,37): error TS2305: Module '"@testing-library/react"' has no exported member 'waitFor'.
src/components/sections/__tests__/HowItWorksSection.test.tsx(4,10): error TS2300: Duplicate identifier 'it'.
src/components/sections/__tests__/HowItWorksSection.test.tsx(5,10): error TS2300: Duplicate identifier 'it'.
src/components/sections/__tests__/HowItWorksSection.test.tsx(6,10): error TS2300: Duplicate identifier 'it'.
src/components/sections/__tests__/HowItWorksSection.test.tsx(7,10): error TS2300: Duplicate identifier 'it'.
src/components/sections/__tests__/HowItWorksSection.test.tsx(8,10): error TS2300: Duplicate identifier 'it'.
src/components/sections/__tests__/HowItWorksSection.test.tsx(9,10): error TS2300: Duplicate identifier 'it'.
src/components/sections/__tests__/HowItWorksSection.test.tsx(10,10): error TS2300: Duplicate identifier 'it'.
src/components/sections/__tests__/HowItWorksSection.test.tsx(11,10): error TS2300: Duplicate identifier 'it'.
src/components/sections/__tests__/HowItWorksSection.test.tsx(12,10): error TS2300: Duplicate identifier 'it'.
src/components/sections/__tests__/HowItWorksSection.test.tsx(13,10): error TS2300: Duplicate identifier 'it'.
src/components/sections/__tests__/HowItWorksSection.test.tsx(14,10): error TS2300: Duplicate identifier 'it'.
src/components/sections/__tests__/HowItWorksSection.test.tsx(15,10): error TS2300: Duplicate identifier 'it'.
src/components/sections/__tests__/HowItWorksSection.test.tsx(16,10): error TS2300: Duplicate identifier 'it'.
src/components/sections/__tests__/HowItWorksSection.test.tsx(17,10): error TS2300: Duplicate identifier 'it'.
src/components/sections/__tests__/HowItWorksSection.test.tsx(18,10): error TS2300: Duplicate identifier 'it'.
src/components/sections/__tests__/HowItWorksSection.test.tsx(19,10): error TS2300: Duplicate identifier 'it'.
src/components/sections/__tests__/HowItWorksSection.test.tsx(20,10): error TS2300: Duplicate identifier 'it'.
src/components/sections/__tests__/HowItWorksSection.test.tsx(21,10): error TS2300: Duplicate identifier 'it'.
src/components/sections/__tests__/HowItWorksSection.test.tsx(202,22): error TS7006: Parameter 'numberElement' implicitly has an 'any' type.
src/components/sections/__tests__/ScrollAnimations.integration.test.tsx(2,18): error TS2305: Module '"@testing-library/react"' has no exported member 'screen'.
src/components/sections/__tests__/TestimonialsSection.test.tsx(1,18): error TS2305: Module '"@testing-library/react"' has no exported member 'screen'.
src/components/sections/__tests__/TestimonialsSection.test.tsx(1,26): error TS2305: Module '"@testing-library/react"' has no exported member 'fireEvent'.
src/components/sections/__tests__/TestimonialsSection.test.tsx(1,37): error TS2305: Module '"@testing-library/react"' has no exported member 'waitFor'.
src/components/sections/__tests__/TestimonialsSection.test.tsx(4,10): error TS2300: Duplicate identifier 'it'.
src/components/sections/__tests__/TestimonialsSection.test.tsx(5,10): error TS2300: Duplicate identifier 'it'.
src/components/sections/__tests__/TestimonialsSection.test.tsx(6,10): error TS2300: Duplicate identifier 'it'.
src/components/sections/__tests__/TestimonialsSection.test.tsx(7,10): error TS2300: Duplicate identifier 'it'.
src/components/sections/__tests__/TestimonialsSection.test.tsx(8,10): error TS2300: Duplicate identifier 'it'.
src/components/sections/__tests__/TestimonialsSection.test.tsx(9,10): error TS2300: Duplicate identifier 'it'.
src/components/sections/__tests__/TestimonialsSection.test.tsx(10,10): error TS2300: Duplicate identifier 'it'.
src/components/sections/__tests__/TestimonialsSection.test.tsx(11,10): error TS2300: Duplicate identifier 'it'.
src/components/sections/__tests__/TestimonialsSection.test.tsx(12,10): error TS2300: Duplicate identifier 'it'.
src/components/sections/__tests__/TestimonialsSection.test.tsx(13,10): error TS2300: Duplicate identifier 'it'.
src/components/sections/__tests__/TestimonialsSection.test.tsx(14,10): error TS2300: Duplicate identifier 'it'.
src/components/sections/__tests__/TestimonialsSection.test.tsx(15,10): error TS2300: Duplicate identifier 'it'.
src/components/sections/__tests__/TestimonialsSection.test.tsx(16,10): error TS2300: Duplicate identifier 'it'.
src/components/sections/__tests__/TestimonialsSection.test.tsx(17,10): error TS2300: Duplicate identifier 'it'.
src/components/sections/__tests__/TestimonialsSection.test.tsx(18,10): error TS2300: Duplicate identifier 'it'.
src/components/sections/__tests__/WhyJoinNowSection.layout.test.tsx(1,18): error TS2305: Module '"@testing-library/react"' has no exported member 'screen'.
src/components/sections/__tests__/WhyJoinNowSection.performance.test.tsx(1,18): error TS2305: Module '"@testing-library/react"' has no exported member 'screen'.
src/components/sections/__tests__/WhyJoinNowSection.performance.test.tsx(3,10): error TS2300: Duplicate identifier 'it'.
src/components/sections/__tests__/WhyJoinNowSection.performance.test.tsx(4,10): error TS2300: Duplicate identifier 'it'.
src/components/sections/__tests__/WhyJoinNowSection.performance.test.tsx(5,10): error TS2300: Duplicate identifier 'it'.
src/components/sections/__tests__/WhyJoinNowSection.performance.test.tsx(6,10): error TS2300: Duplicate identifier 'it'.
src/components/sections/__tests__/WhyJoinNowSection.performance.test.tsx(7,10): error TS2300: Duplicate identifier 'it'.
src/components/sections/__tests__/WhyJoinNowSection.performance.test.tsx(8,10): error TS2300: Duplicate identifier 'it'.
src/components/sections/__tests__/WhyJoinNowSection.test.tsx(1,18): error TS2305: Module '"@testing-library/react"' has no exported member 'screen'.
src/components/sections/__tests__/WhyJoinNowSection.test.tsx(1,26): error TS2305: Module '"@testing-library/react"' has no exported member 'waitFor'.
src/components/series/__tests__/SeriesCard.test.tsx(1,18): error TS2305: Module '"@testing-library/react"' has no exported member 'screen'.
src/components/series/__tests__/SeriesCard.test.tsx(1,26): error TS2305: Module '"@testing-library/react"' has no exported member 'fireEvent'.
src/components/series/__tests__/SeriesCard.test.tsx(17,7): error TS2741: Property 'coinPrice' is missing in type '{ id: string; creatorId: string; title: string; description: string; thumbnailUrl: string; totalPrice: number; videoCount: number; totalDuration: number; category: string; tags: string[]; viewCount: number; ... 5 more ...; creator: { ...; }; }' but required in type 'Series'.
src/components/ui/__tests__/AspectRatioSelector.test.tsx(2,18): error TS2305: Module '"@testing-library/react"' has no exported member 'screen'.
src/components/ui/__tests__/AspectRatioSelector.test.tsx(2,26): error TS2305: Module '"@testing-library/react"' has no exported member 'fireEvent'.
src/components/ui/__tests__/AspectRatioSelector.test.tsx(81,18): error TS7006: Parameter 'button' implicitly has an 'any' type.
src/components/ui/__tests__/AspectRatioSelector.test.tsx(147,18): error TS7006: Parameter 'button' implicitly has an 'any' type.
src/components/ui/__tests__/StarRating.test.tsx(1,18): error TS2305: Module '"@testing-library/react"' has no exported member 'screen'.
src/components/ui/__tests__/TestimonialCard.responsive.integration.test.tsx(1,18): error TS2305: Module '"@testing-library/react"' has no exported member 'screen'.
src/components/ui/__tests__/TestimonialCard.responsive.test.tsx(1,18): error TS2305: Module '"@testing-library/react"' has no exported member 'screen'.
src/components/ui/__tests__/TestimonialCard.test.tsx(1,18): error TS2305: Module '"@testing-library/react"' has no exported member 'screen'.
src/components/ui/__tests__/TestimonialCard.test.tsx(1,26): error TS2305: Module '"@testing-library/react"' has no exported member 'fireEvent'.
src/components/ui/__tests__/TestimonialCard.test.tsx(4,10): error TS2300: Duplicate identifier 'it'.
src/components/ui/__tests__/TestimonialCard.test.tsx(5,10): error TS2300: Duplicate identifier 'it'.
src/components/ui/__tests__/TestimonialCard.test.tsx(6,10): error TS2300: Duplicate identifier 'it'.
src/components/ui/__tests__/TestimonialCard.test.tsx(7,10): error TS2300: Duplicate identifier 'it'.
src/components/ui/__tests__/TestimonialCard.test.tsx(8,10): error TS2300: Duplicate identifier 'it'.
src/components/ui/__tests__/TestimonialCard.test.tsx(9,10): error TS2300: Duplicate identifier 'it'.
src/components/ui/__tests__/TestimonialCard.test.tsx(10,10): error TS2300: Duplicate identifier 'it'.
src/components/ui/__tests__/TestimonialCard.test.tsx(11,10): error TS2300: Duplicate identifier 'it'.
src/components/ui/__tests__/TestimonialCard.test.tsx(12,10): error TS2300: Duplicate identifier 'it'.
src/components/ui/__tests__/TestimonialCard.test.tsx(13,10): error TS2300: Duplicate identifier 'it'.
src/components/ui/__tests__/TestimonialCard.test.tsx(14,10): error TS2300: Duplicate identifier 'it'.
src/components/ui/__tests__/TestimonialCard.test.tsx(15,10): error TS2300: Duplicate identifier 'it'.
src/components/ui/__tests__/TestimonialCard.test.tsx(16,10): error TS2300: Duplicate identifier 'it'.
src/components/ui/__tests__/TestimonialCard.test.tsx(17,10): error TS2300: Duplicate identifier 'it'.
src/components/ui/__tests__/TestimonialCard.test.tsx(18,10): error TS2300: Duplicate identifier 'it'.
src/components/ui/__tests__/TestimonialCard.test.tsx(19,10): error TS2300: Duplicate identifier 'it'.
src/components/wallet/__tests__/CoinBalance.test.tsx(1,18): error TS2305: Module '"@testing-library/react"' has no exported member 'screen'.
src/components/wallet/__tests__/CoinBalance.test.tsx(1,26): error TS2305: Module '"@testing-library/react"' has no exported member 'fireEvent'.
src/components/wallet/__tests__/CoinInput.test.tsx(1,18): error TS2305: Module '"@testing-library/react"' has no exported member 'screen'.
src/components/wallet/__tests__/CoinInput.test.tsx(1,26): error TS2305: Module '"@testing-library/react"' has no exported member 'fireEvent'.
src/components/wallet/__tests__/CoinInput.test.tsx(1,37): error TS2305: Module '"@testing-library/react"' has no exported member 'waitFor'.
src/components/wallet/__tests__/CoinPrice.test.tsx(1,18): error TS2305: Module '"@testing-library/react"' has no exported member 'screen'.
src/components/wallet/__tests__/CoinPurchaseModal.test.tsx(1,18): error TS2305: Module '"@testing-library/react"' has no exported member 'screen'.
src/components/wallet/__tests__/CoinPurchaseModal.test.tsx(1,26): error TS2305: Module '"@testing-library/react"' has no exported member 'fireEvent'.
src/components/wallet/__tests__/CoinPurchaseModal.test.tsx(1,37): error TS2305: Module '"@testing-library/react"' has no exported member 'waitFor'.
src/components/wallet/__tests__/CoinTransactionHistory.test.tsx(1,18): error TS2305: Module '"@testing-library/react"' has no exported member 'screen'.
src/components/wallet/__tests__/CoinTransactionHistory.test.tsx(1,26): error TS2305: Module '"@testing-library/react"' has no exported member 'waitFor'.
src/components/wallet/__tests__/CoinTransactionHistory.test.tsx(1,35): error TS2305: Module '"@testing-library/react"' has no exported member 'fireEvent'.
src/components/watch/__tests__/AspectRatioVideoPlayer.test.tsx(2,18): error TS2305: Module '"@testing-library/react"' has no exported member 'screen'.
src/components/watch/__tests__/AspectRatioVideoPlayer.test.tsx(2,26): error TS2305: Module '"@testing-library/react"' has no exported member 'fireEvent'.
src/components/watch/__tests__/AspectRatioVideoPlayer.test.tsx(2,37): error TS2305: Module '"@testing-library/react"' has no exported member 'waitFor'.
src/components/watch/__tests__/AspectRatioVideoPlayer.test.tsx(100,56): error TS7006: Parameter 'btn' implicitly has an 'any' type.
src/components/watch/__tests__/UnifiedVideoPlayer.test.tsx(4,18): error TS2305: Module '"@testing-library/react"' has no exported member 'screen'.
src/components/watch/__tests__/UnifiedVideoPlayer.test.tsx(4,26): error TS2305: Module '"@testing-library/react"' has no exported member 'fireEvent'.
src/components/watch/__tests__/UnifiedVideoPlayer.test.tsx(4,37): error TS2305: Module '"@testing-library/react"' has no exported member 'waitFor'.
src/contexts/__tests__/LayoutContext.test.tsx(2,18): error TS2305: Module '"@testing-library/react"' has no exported member 'screen'.
src/contexts/__tests__/LayoutContext.test.tsx(2,31): error TS2305: Module '"@testing-library/react"' has no exported member 'waitFor'.
src/hooks/__tests__/useCategories.test.ts(1,22): error TS2305: Module '"@testing-library/react"' has no exported member 'waitFor'.
src/hooks/__tests__/useFeaturedContent.test.ts(1,22): error TS2305: Module '"@testing-library/react"' has no exported member 'waitFor'.
src/hooks/__tests__/useTrendingCreators.test.ts(1,22): error TS2305: Module '"@testing-library/react"' has no exported member 'waitFor'.
src/hooks/__tests__/useTrendingShows.test.ts(1,22): error TS2305: Module '"@testing-library/react"' has no exported member 'waitFor'.
src/hooks/__tests__/useVideoManagement.test.ts(1,22): error TS2305: Module '"@testing-library/react"' has no exported member 'waitFor'.
src/hooks/__tests__/useVideoManagement.test.ts(6,1): error TS2322: Type 'Mock<UnknownFunction>' is not assignable to type '{ (input: URL | RequestInfo, init?: RequestInit | undefined): Promise<Response>; (input: string | Request | URL, init?: RequestInit | undefined): Promise<...>; }'.
  Type 'unknown' is not assignable to type 'Promise<Response>'.
src/hooks/__tests__/useVideoManagement.test.ts(9,2): error TS2739: Type '{ id: string; creatorId: string; title: string; description: string; videoUrl: string; thumbnailUrl: string; duration: number; creditCost: number; category: string; tags: string[]; viewCount: number; totalEarnings: number; isActive: true; createdAt: Date; updatedAt: Date; }' is missing the following properties from type 'Video': coinPrice, aspectRatio
src/hooks/__tests__/useVideoManagement.test.ts(26,2): error TS2739: Type '{ id: string; creatorId: string; title: string; description: string; videoUrl: string; thumbnailUrl: string; duration: number; creditCost: number; category: string; tags: string[]; viewCount: number; totalEarnings: number; isActive: false; createdAt: Date; updatedAt: Date; }' is missing the following properties from type 'Video': coinPrice, aspectRatio
src/hooks/__tests__/useVideoManagement.test.ts(62,53): error TS2345: Argument of type '{ ok: boolean; json: () => Promise<{ videos: Video[]; pagination: { total: number; limit: number; offset: number; hasMore: boolean; }; }>; }' is not assignable to parameter of type 'never'.
src/hooks/__tests__/useVideoManagement.test.ts(81,53): error TS2345: Argument of type '{ ok: boolean; json: () => Promise<{ error: string; }>; }' is not assignable to parameter of type 'never'.
src/hooks/__tests__/useVideoManagement.test.ts(97,53): error TS2345: Argument of type '{ ok: boolean; json: () => Promise<{ videos: Video[]; pagination: { total: number; limit: number; offset: number; hasMore: boolean; }; }>; }' is not assignable to parameter of type 'never'.
src/hooks/__tests__/useVideoManagement.test.ts(117,25): error TS2345: Argument of type '{ ok: boolean; json: () => Promise<{ videos: Video[]; pagination: { total: number; limit: number; offset: number; hasMore: boolean; }; }>; }' is not assignable to parameter of type 'never'.
src/hooks/__tests__/useVideoManagement.test.ts(121,25): error TS2345: Argument of type '{ ok: boolean; json: () => Promise<{ video: { title: string; id: string; creatorId: string; description?: string; videoUrl: string; thumbnailUrl: string; duration: number; creditCost: number; coinPrice: number; ... 10 more ...; series?: Series; }; }>; }' is not assignable to parameter of type 'never'.
src/hooks/__tests__/useVideoManagement.test.ts(160,25): error TS2345: Argument of type '{ ok: boolean; json: () => Promise<{ videos: Video[]; pagination: { total: number; limit: number; offset: number; hasMore: boolean; }; }>; }' is not assignable to parameter of type 'never'.
src/hooks/__tests__/useVideoManagement.test.ts(164,25): error TS2345: Argument of type '{ ok: boolean; json: () => Promise<{ error: string; }>; }' is not assignable to parameter of type 'never'.
src/hooks/__tests__/useVideoManagement.test.ts(182,25): error TS2345: Argument of type '{ ok: boolean; json: () => Promise<{ videos: Video[]; pagination: { total: number; limit: number; offset: number; hasMore: boolean; }; }>; }' is not assignable to parameter of type 'never'.
src/hooks/__tests__/useVideoManagement.test.ts(186,25): error TS2345: Argument of type '{ ok: boolean; json: () => Promise<{ success: boolean; }>; }' is not assignable to parameter of type 'never'.
src/hooks/__tests__/useVideoManagement.test.ts(214,25): error TS2345: Argument of type '{ ok: boolean; json: () => Promise<{ videos: Video[]; pagination: { total: number; limit: number; offset: number; hasMore: boolean; }; }>; }' is not assignable to parameter of type 'never'.
src/hooks/__tests__/useVideoManagement.test.ts(218,25): error TS2345: Argument of type '{ ok: boolean; json: () => Promise<{ error: string; }>; }' is not assignable to parameter of type 'never'.
src/hooks/__tests__/useVideoManagement.test.ts(236,25): error TS2345: Argument of type '{ ok: boolean; json: () => Promise<{ videos: Video[]; pagination: { total: number; limit: number; offset: number; hasMore: boolean; }; }>; }' is not assignable to parameter of type 'never'.
src/hooks/__tests__/useVideoManagement.test.ts(240,25): error TS2345: Argument of type '{ ok: boolean; json: () => Promise<{ video: { isActive: boolean; id: string; creatorId: string; title: string; description?: string; videoUrl: string; thumbnailUrl: string; duration: number; creditCost: number; ... 10 more ...; series?: Series; }; }>; }' is not assignable to parameter of type 'never'.
src/hooks/__tests__/useVideoManagement.test.ts(272,25): error TS2345: Argument of type '{ ok: boolean; json: () => Promise<{ videos: Video[]; pagination: { total: number; limit: number; offset: number; hasMore: boolean; }; }>; }' is not assignable to parameter of type 'never'.
src/hooks/__tests__/useVideoManagement.test.ts(276,25): error TS2345: Argument of type '{ ok: boolean; json: () => Promise<{ error: string; }>; }' is not assignable to parameter of type 'never'.
src/hooks/__tests__/useVideoManagement.test.ts(294,25): error TS2345: Argument of type '{ ok: boolean; json: () => Promise<{ videos: Video[]; pagination: { total: number; limit: number; offset: number; hasMore: boolean; }; }>; }' is not assignable to parameter of type 'never'.
src/hooks/__tests__/useVideoManagement.test.ts(298,25): error TS2345: Argument of type '{ ok: boolean; json: () => Promise<{ videos: (Video | { id: string; title: string; })[]; pagination: { total: number; limit: number; offset: number; hasMore: boolean; }; }>; }' is not assignable to parameter of type 'never'.
src/hooks/__tests__/useVideoManagement.test.ts(326,53): error TS2345: Argument of type 'Error' is not assignable to parameter of type 'never'.
src/hooks/__tests__/useVideoManagement.test.ts(340,21): error TS2345: Argument of type '{ ok: boolean; json: () => Promise<{ videos: Video[]; pagination: { total: number; limit: number; offset: number; hasMore: boolean; }; }>; }' is not assignable to parameter of type 'never'.
src/hooks/__tests__/useVideoManagement.test.ts(356,13): error TS2322: Type '"views"' is not assignable to type '"newest"'.
src/hooks/__tests__/useVideoUpload.test.ts(29,7): error TS2739: Type '{ title: string; description: string; category: string; tags: string[]; creditCost: number; }' is missing the following properties from type 'VideoMetadata': coinPrice, aspectRatio
src/hooks/__tests__/useVideoUpload.test.ts(108,10): error TS2349: This expression is not callable.
  Type 'never' has no call signatures.
src/hooks/__tests__/useVideoUpload.test.ts(136,10): error TS2349: This expression is not callable.
  Type 'never' has no call signatures.
src/hooks/__tests__/useVideoUpload.test.ts(166,10): error TS2349: This expression is not callable.
  Type 'never' has no call signatures.
src/hooks/__tests__/useVideoUpload.test.ts(194,10): error TS2349: This expression is not callable.
  Type 'never' has no call signatures.
